PATH /home/fs72552/vargas/forests-sounds-vargas
Hablámelo maniño, alles gut oder was??
#### #### HOI FOREST #### ####
#### #### N-JOBS 2 SBOJ-N #### ####
#### #### HOI MODELLING #### ####
#### INDICES => [reg, sid, ban, sec, men, med, sum, max, bet, npp, hfq, htp, aei, adi, dsi, amr] <= INDICES 16 ####
0/18567 ######## ################ ################ ########
0 #### MODELLING #### REGION: ==>> f.region <<== DATA ==>> f.filename.split('/')[-1]
#### #### HOI FOREST - MODELLING #### ####
#### COMBI 7 #### FIXED 13 VARIABLE 3
#### #### READING DATA FILES #### ####
0 7 #### COMBI [reg, sid, ban, sec, men, med, sum, max, bet, npp, hfq, htp, aei] METRICS ####
('Engine', '/home/fs72552/vargas/forests-sounds-vargas/out/data/extraction/Engine/27_002777_dict_y_split_423_6911528_1766280426.pkl')
ALWAYS PROBLEMS CORRUPTED DATA => EXTRACTION <= DATA CORRUPTED ALWAYS PROBLEMS No module named 'numpy._core.numeric'
ALWAYS PROBLEMS 'NoneType' object has no attribute 'shape'
SE ME CUIDA MIJO, AHÍ LE DEJO PA` QUE NO TRASNOCHE TANTO ;)
Traceback (most recent call last):
  File "/home/fs72552/vargas/forests-sounds-vargas/source/forest.py", line 613, in <module>
    main()
  File "/home/fs72552/vargas/forests-sounds-vargas/source/forest.py", line 588, in main
    train_with_soundscapes(files_path=configfiles,  # region=f.region, si=i, sr=sr,
  File "/home/fs72552/vargas/forests-sounds-vargas/source/modelling.py", line 160, in train_with_soundscapes
    'merge_data Dataframe shape:', df_data.shape,
                                   ^^^^^^^^^^^^^
AttributeError: 'NoneType' object has no attribute 'shape'
srun: error: n3072-006: task 0: Exited with exit code 1
