[Parallel(n_jobs=32)]: Using backend LokyBackend with 32 concurrent workers.
/home/vargas/repos/forests-sounds-vargas
/home/vargas/repos/forests-sounds-vargas/data/ /home/vargas/repos/forests-sounds-vargas/out/ [('Plantation', '/home/vargas/repos/forests-sounds-vargas/data/Plantation/2_05_PSA0093-2010.mp3'), ('Plantation', '/home/vargas/repos/forests-sounds-vargas/data/Plantation/2_15_PSA0290-2012.mp3'), ('Plantation', '/home/vargas/repos/forests-sounds-vargas/data/Plantation/2_19_PSA0374-2012.mp3')]
#### #### HOI FOREST #### ####
Starting with parallel jobs: 57 time: 1728697961
0 REGION: ====>>>> Plantation #### RUNNING #### AUDIO: ====>>>> /home/vargas/repos/forests-sounds-vargas/data/Plantation/2_05_PSA0093-2010.mp3
0 - audio_file: /home/vargas/repos/forests-sounds-vargas/data/Plantation/2_05_PSA0093-2010.mp3 - region: Plantation
y: [-0.01472808 -0.01491113 -0.00816156 -0.00218979  0.00167903  0.00490456
  0.00836801  0.01314615  0.01415004]
total samples in y: (86400000,) in time: 1800 secs
samples rate per second:  48000
### ORIGINAL Y_C 86400000 [-0.01472808 -0.01491113 -0.00816156 -0.00218979  0.00167903  0.00490456
  0.00836801  0.01314615  0.01415004] <class 'numpy.ndarray'>
### CHUNKS Y_C total_chunks: 180 chunk_size: 480000 <class 'list'> <class 'numpy.ndarray'>
[Parallel(n_jobs=32)]: Done 180 out of 180 | elapsed:    5.3s finished
[Parallel(n_jobs=32)]: Using backend LokyBackend with 32 concurrent workers.
[Parallel(n_jobs=32)]: Done 180 out of 180 | elapsed:    1.6s finished
[Parallel(n_jobs=32)]: Using backend LokyBackend with 32 concurrent workers.
[Parallel(n_jobs=32)]: Done 180 out of 180 | elapsed:    0.9s finished
[Parallel(n_jobs=32)]: Using backend LokyBackend with 32 concurrent workers.
[Parallel(n_jobs=32)]: Done 180 out of 180 | elapsed:    0.8s finished
[Parallel(n_jobs=32)]: Using backend LokyBackend with 32 concurrent workers.
[Parallel(n_jobs=32)]: Done   2 out of  10 | elapsed:    0.1s remaining:    0.2s
[Parallel(n_jobs=32)]: Done  10 out of  10 | elapsed:    0.1s finished
[Parallel(n_jobs=32)]: Using backend LokyBackend with 32 concurrent workers.
[Parallel(n_jobs=32)]: Done   2 out of  10 | elapsed:    0.0s remaining:    0.2s
[Parallel(n_jobs=32)]: Done  10 out of  10 | elapsed:    0.1s finished
[Parallel(n_jobs=32)]: Using backend LokyBackend with 32 concurrent workers.
[Parallel(n_jobs=32)]: Done 180 out of 180 | elapsed:    1.6s finished
[Parallel(n_jobs=32)]: Using backend LokyBackend with 32 concurrent workers.
[Parallel(n_jobs=32)]: Done 180 out of 180 | elapsed:    1.5s finished
[Parallel(n_jobs=32)]: Using backend LokyBackend with 32 concurrent workers.
[Parallel(n_jobs=32)]: Done 180 out of 180 | elapsed:    0.8s finished
[Parallel(n_jobs=32)]: Using backend LokyBackend with 32 concurrent workers.
[Parallel(n_jobs=32)]: Done 180 out of 180 | elapsed:    0.8s finished
[Parallel(n_jobs=32)]: Using backend LokyBackend with 32 concurrent workers.
[Parallel(n_jobs=32)]: Done   2 out of  10 | elapsed:    0.0s remaining:    0.2s
[Parallel(n_jobs=32)]: Done  10 out of  10 | elapsed:    0.1s finished
[Parallel(n_jobs=32)]: Using backend LokyBackend with 32 concurrent workers.
[Parallel(n_jobs=32)]: Done   2 out of  10 | elapsed:    0.0s remaining:    0.2s
[Parallel(n_jobs=32)]: Done  10 out of  10 | elapsed:    0.1s finished
### PARALLEL split_freq_band
#### PARALLEL SPLIT DENOISE Y_C SPLIT PER FREQUENCY 180 10 10000 [-1.66543206e-03  7.13930043e-06  3.85412810e-05  4.81999272e-05
  5.28009634e-05  5.54476346e-05  5.71415517e-05  5.82967849e-05
  5.91191086e-05] 2.0342965126037598
#### TIMES #### List comprehension
#### TIMES #### List comprehension: 0.07344532012939453
#### REARRANGED THE SIGNAL PER 10 FREQUENCIES <class 'list'> 10 <class 'numpy.ndarray'> 1800000
### COMPUTE SLIDING WINDOW WITH SUM
#### RUNNING #### sum_this_sliding_window
#### TIMES #### sum_this_sliding_window 0.4731462001800537
#### REARRANGED THE SIGNAL SUM SLIDING_WINDOW PER 10 FREQUENCIES <class 'numpy.ndarray'> 10 <class 'numpy.ndarray'> 484
0 #### TIMES #### process_soundscape TOTAL TOTAL ==>> 83.04847526550293
1 REGION: ====>>>> Plantation #### RUNNING #### AUDIO: ====>>>> /home/vargas/repos/forests-sounds-vargas/data/Plantation/2_15_PSA0290-2012.mp3
1 - audio_file: /home/vargas/repos/forests-sounds-vargas/data/Plantation/2_15_PSA0290-2012.mp3 - region: Plantation
y: [-0.0006119   0.00068735  0.00166055  0.00251585  0.00187133  0.00070333
  0.00103505  0.0010529   0.00061101]
total samples in y: (86400000,) in time: 1800 secs
samples rate per second:  48000
### ORIGINAL Y_C 86400000 [-0.0006119   0.00068735  0.00166055  0.00251585  0.00187133  0.00070333
  0.00103505  0.0010529   0.00061101] <class 'numpy.ndarray'>
### CHUNKS Y_C total_chunks: 180 chunk_size: 480000 <class 'list'> <class 'numpy.ndarray'>
### PARALLEL split_freq_band
#### PARALLEL SPLIT DENOISE Y_C SPLIT PER FREQUENCY 180 10 10000 [ 2.89007803e-04 -6.14232201e-06 -1.66496845e-05 -1.61156340e-05
 -1.43631086e-05 -1.27611641e-05 -1.14954961e-05 -1.05353908e-05
 -9.81769179e-06] 1.865760087966919
#### TIMES #### List comprehension
#### TIMES #### List comprehension: 0.05817294120788574
#### REARRANGED THE SIGNAL PER 10 FREQUENCIES <class 'list'> 10 <class 'numpy.ndarray'> 1800000
### COMPUTE SLIDING WINDOW WITH SUM
#### RUNNING #### sum_this_sliding_window
#### TIMES #### sum_this_sliding_window 0.46819424629211426
#### REARRANGED THE SIGNAL SUM SLIDING_WINDOW PER 10 FREQUENCIES <class 'numpy.ndarray'> 10 <class 'numpy.ndarray'> 484
1 #### TIMES #### process_soundscape TOTAL TOTAL ==>> 75.39423489570618
#### TIMES #### process_soundscape TOTAL TOTAL ==>> 158.44276666641235
#### #### NO DA MAS #### TERMINO #### FINITO #### ####
cwd: /home/vargas/repos/forests-sounds-vargas file: /home/vargas/repos/forests-sounds-vargas/out/cities_4085202_1728698120.txt total_time: 158.451  TOTAL_JOBS: 32 job_id: 4085202
#### SLEEPING TIME: 158.451 sec ####
All guert parcero, aller!
