/home/vargas/repos/forests-sounds-vargas/venvs/tpy310f_k/lib/python3.10/site-packages/tslearn/bases/bases.py:15: UserWarning: h5py not installed, hdf5 features will not be supported.
Install h5py to use hdf5 features: http://docs.h5py.org/
  warn(h5py_msg)
PATH /home/vargas/repos/forests-sounds-vargas
/home/vargas/repos/forests-sounds-vargas/out/data /home/vargas/repos/forests-sounds-vargas/out/ 57
ALWAYS PROBLEMS [Errno 2] No such file or directory: '/home/vargas/repos/forests-sounds-vargas/out/000_processed_data_in_2024-11.csv'
#### merge_data Dataframe shape: (17100, 3604) #### time: 17
#### train_test_split and cuda:  cuda:0 #### time: 3
[0 1 2 3] 5
Training model:  CNN_LSTM
Epoch [1/19], Step [10/214], Loss: 1.1421
Epoch [1/19], Step [20/214], Loss: 1.3309
Epoch [1/19], Step [30/214], Loss: 1.2654
Epoch [1/19], Step [40/214], Loss: 1.1368
Epoch [1/19], Step [50/214], Loss: 1.1659
Epoch [1/19], Step [60/214], Loss: 1.1273
Epoch [1/19], Step [70/214], Loss: 1.2932
Epoch [1/19], Step [80/214], Loss: 1.1575
Epoch [1/19], Step [90/214], Loss: 1.1873
Epoch [1/19], Step [100/214], Loss: 1.3342
Epoch [1/19], Step [110/214], Loss: 1.1431
Epoch [1/19], Step [120/214], Loss: 1.3159
Epoch [1/19], Step [130/214], Loss: 1.3467
Epoch [1/19], Step [140/214], Loss: 1.2306
Epoch [1/19], Step [150/214], Loss: 1.1884
Epoch [1/19], Step [160/214], Loss: 1.1554
Epoch [1/19], Step [170/214], Loss: 1.1422
Epoch [1/19], Step [180/214], Loss: 1.2183
Epoch [1/19], Step [190/214], Loss: 1.2818
Epoch [1/19], Step [200/214], Loss: 1.1965
Epoch [1/19], Step [210/214], Loss: 1.1137
Epoch [2/19], Step [10/214], Loss: 1.2282
Epoch [2/19], Step [20/214], Loss: 1.1216
Epoch [2/19], Step [30/214], Loss: 1.1930
Epoch [2/19], Step [40/214], Loss: 1.2745
Epoch [2/19], Step [50/214], Loss: 1.0858
Epoch [2/19], Step [60/214], Loss: 1.3156
Epoch [2/19], Step [70/214], Loss: 1.2823
Epoch [2/19], Step [80/214], Loss: 1.1955
Epoch [2/19], Step [90/214], Loss: 1.2027
Epoch [2/19], Step [100/214], Loss: 1.1938
Epoch [2/19], Step [110/214], Loss: 1.2557
Epoch [2/19], Step [120/214], Loss: 1.1749
Epoch [2/19], Step [130/214], Loss: 1.2253
Epoch [2/19], Step [140/214], Loss: 1.2492
Epoch [2/19], Step [150/214], Loss: 1.2329
Epoch [2/19], Step [160/214], Loss: 1.1737
Epoch [2/19], Step [170/214], Loss: 1.2776
Epoch [2/19], Step [180/214], Loss: 1.2801
Epoch [2/19], Step [190/214], Loss: 1.1620
Epoch [2/19], Step [200/214], Loss: 1.2301
Epoch [2/19], Step [210/214], Loss: 1.2434
Epoch [3/19], Step [10/214], Loss: 1.2237
Epoch [3/19], Step [20/214], Loss: 1.1223
Epoch [3/19], Step [30/214], Loss: 1.1582
Epoch [3/19], Step [40/214], Loss: 1.2372
Epoch [3/19], Step [50/214], Loss: 1.0536
Epoch [3/19], Step [60/214], Loss: 1.3285
Epoch [3/19], Step [70/214], Loss: 1.1512
Epoch [3/19], Step [80/214], Loss: 1.1869
Epoch [3/19], Step [90/214], Loss: 1.3152
Epoch [3/19], Step [100/214], Loss: 1.2023
Epoch [3/19], Step [110/214], Loss: 1.1176
Epoch [3/19], Step [120/214], Loss: 1.1816
Epoch [3/19], Step [130/214], Loss: 1.2094
Epoch [3/19], Step [140/214], Loss: 1.2264
Epoch [3/19], Step [150/214], Loss: 1.2397
Epoch [3/19], Step [160/214], Loss: 1.2022
Epoch [3/19], Step [170/214], Loss: 1.3103
Epoch [3/19], Step [180/214], Loss: 1.2154
Epoch [3/19], Step [190/214], Loss: 1.1882
Epoch [3/19], Step [200/214], Loss: 1.2967
Epoch [3/19], Step [210/214], Loss: 1.1927
Epoch [4/19], Step [10/214], Loss: 1.1533
Epoch [4/19], Step [20/214], Loss: 1.2124
Epoch [4/19], Step [30/214], Loss: 1.2262
Epoch [4/19], Step [40/214], Loss: 1.2564
Epoch [4/19], Step [50/214], Loss: 1.2473
Epoch [4/19], Step [60/214], Loss: 1.1627
Epoch [4/19], Step [70/214], Loss: 1.2224
Epoch [4/19], Step [80/214], Loss: 1.3044
Epoch [4/19], Step [90/214], Loss: 1.1827
Epoch [4/19], Step [100/214], Loss: 1.2915
Epoch [4/19], Step [110/214], Loss: 1.1465
Epoch [4/19], Step [120/214], Loss: 1.1513
Epoch [4/19], Step [130/214], Loss: 1.3139
Epoch [4/19], Step [140/214], Loss: 1.3537
Epoch [4/19], Step [150/214], Loss: 1.2335
Epoch [4/19], Step [160/214], Loss: 1.2165
Epoch [4/19], Step [170/214], Loss: 1.1263
Epoch [4/19], Step [180/214], Loss: 1.1212
Epoch [4/19], Step [190/214], Loss: 1.1460
Epoch [4/19], Step [200/214], Loss: 1.2541
Epoch [4/19], Step [210/214], Loss: 1.3360
Epoch [5/19], Step [10/214], Loss: 1.2323
Epoch [5/19], Step [20/214], Loss: 1.1952
Epoch [5/19], Step [30/214], Loss: 1.2637
Epoch [5/19], Step [40/214], Loss: 1.2697
Epoch [5/19], Step [50/214], Loss: 1.1716
Epoch [5/19], Step [60/214], Loss: 1.1923
Epoch [5/19], Step [70/214], Loss: 1.1538
Epoch [5/19], Step [80/214], Loss: 1.1714
Epoch [5/19], Step [90/214], Loss: 1.2072
Epoch [5/19], Step [100/214], Loss: 1.1474
Epoch [5/19], Step [110/214], Loss: 1.3542
Epoch [5/19], Step [120/214], Loss: 1.3085
Epoch [5/19], Step [130/214], Loss: 1.3494
Epoch [5/19], Step [140/214], Loss: 1.2763
Epoch [5/19], Step [150/214], Loss: 1.2045
Epoch [5/19], Step [160/214], Loss: 1.1573
Epoch [5/19], Step [170/214], Loss: 1.0445
Epoch [5/19], Step [180/214], Loss: 1.3171
Epoch [5/19], Step [190/214], Loss: 1.2004
Epoch [5/19], Step [200/214], Loss: 1.1721
Epoch [5/19], Step [210/214], Loss: 1.2085
Epoch [6/19], Step [10/214], Loss: 1.2005
Epoch [6/19], Step [20/214], Loss: 1.2228
Epoch [6/19], Step [30/214], Loss: 1.1683
Epoch [6/19], Step [40/214], Loss: 1.0942
Epoch [6/19], Step [50/214], Loss: 1.2531
Epoch [6/19], Step [60/214], Loss: 1.2059
Epoch [6/19], Step [70/214], Loss: 1.2276
Epoch [6/19], Step [80/214], Loss: 1.1834
Epoch [6/19], Step [90/214], Loss: 1.2224
Epoch [6/19], Step [100/214], Loss: 1.0866
Epoch [6/19], Step [110/214], Loss: 1.1508
Epoch [6/19], Step [120/214], Loss: 1.1543
Epoch [6/19], Step [130/214], Loss: 1.1637
Epoch [6/19], Step [140/214], Loss: 1.1683
Epoch [6/19], Step [150/214], Loss: 1.2684
Epoch [6/19], Step [160/214], Loss: 1.1567
Epoch [6/19], Step [170/214], Loss: 1.1861
Epoch [6/19], Step [180/214], Loss: 1.3084
Epoch [6/19], Step [190/214], Loss: 1.3189
Epoch [6/19], Step [200/214], Loss: 1.3053
Epoch [6/19], Step [210/214], Loss: 1.1925
Epoch [7/19], Step [10/214], Loss: 1.2296
Epoch [7/19], Step [20/214], Loss: 1.1959
Epoch [7/19], Step [30/214], Loss: 1.2955
Epoch [7/19], Step [40/214], Loss: 1.1845
Epoch [7/19], Step [50/214], Loss: 1.2343
Epoch [7/19], Step [60/214], Loss: 1.3165
Epoch [7/19], Step [70/214], Loss: 1.2318
Epoch [7/19], Step [80/214], Loss: 1.2930
Epoch [7/19], Step [90/214], Loss: 1.1721
Epoch [7/19], Step [100/214], Loss: 1.2630
Epoch [7/19], Step [110/214], Loss: 1.2047
Epoch [7/19], Step [120/214], Loss: 1.2043
Epoch [7/19], Step [130/214], Loss: 1.3554
Epoch [7/19], Step [140/214], Loss: 1.1626
Epoch [7/19], Step [150/214], Loss: 1.2174
Epoch [7/19], Step [160/214], Loss: 1.1881
Epoch [7/19], Step [170/214], Loss: 1.2583
Epoch [7/19], Step [180/214], Loss: 1.2498
Epoch [7/19], Step [190/214], Loss: 1.2771
Epoch [7/19], Step [200/214], Loss: 1.1947
Epoch [7/19], Step [210/214], Loss: 1.1147
Epoch [8/19], Step [10/214], Loss: 1.2373
Epoch [8/19], Step [20/214], Loss: 1.1844
Epoch [8/19], Step [30/214], Loss: 1.1223
Epoch [8/19], Step [40/214], Loss: 1.1917
Epoch [8/19], Step [50/214], Loss: 1.1818
Epoch [8/19], Step [60/214], Loss: 1.3247
Epoch [8/19], Step [70/214], Loss: 1.1654
Epoch [8/19], Step [80/214], Loss: 1.2283
Epoch [8/19], Step [90/214], Loss: 1.0988
Epoch [8/19], Step [100/214], Loss: 1.1722
Epoch [8/19], Step [110/214], Loss: 1.1723
Epoch [8/19], Step [120/214], Loss: 1.2061
Epoch [8/19], Step [130/214], Loss: 1.2607
Epoch [8/19], Step [140/214], Loss: 1.4337
Epoch [8/19], Step [150/214], Loss: 1.1714
Epoch [8/19], Step [160/214], Loss: 1.1590
Epoch [8/19], Step [170/214], Loss: 1.2339
Epoch [8/19], Step [180/214], Loss: 1.1983
Epoch [8/19], Step [190/214], Loss: 1.1585
Epoch [8/19], Step [200/214], Loss: 1.1619
Epoch [8/19], Step [210/214], Loss: 1.1372
Epoch [9/19], Step [10/214], Loss: 1.1003
Epoch [9/19], Step [20/214], Loss: 1.2110
Epoch [9/19], Step [30/214], Loss: 1.2207
Epoch [9/19], Step [40/214], Loss: 1.1805
Epoch [9/19], Step [50/214], Loss: 1.1807
Epoch [9/19], Step [60/214], Loss: 1.1980
Epoch [9/19], Step [70/214], Loss: 1.1609
Epoch [9/19], Step [80/214], Loss: 1.1110
Epoch [9/19], Step [90/214], Loss: 1.1609
Epoch [9/19], Step [100/214], Loss: 1.1918
Epoch [9/19], Step [110/214], Loss: 1.4152
Epoch [9/19], Step [120/214], Loss: 1.2001
Epoch [9/19], Step [130/214], Loss: 1.2138
Epoch [9/19], Step [140/214], Loss: 1.2065
Epoch [9/19], Step [150/214], Loss: 1.1535
Epoch [9/19], Step [160/214], Loss: 1.1398
Epoch [9/19], Step [170/214], Loss: 1.2345
Epoch [9/19], Step [180/214], Loss: 1.1926
Epoch [9/19], Step [190/214], Loss: 1.2312
Epoch [9/19], Step [200/214], Loss: 1.2065
Epoch [9/19], Step [210/214], Loss: 1.1524
Epoch [10/19], Step [10/214], Loss: 1.2972
Epoch [10/19], Step [20/214], Loss: 1.2689
Epoch [10/19], Step [30/214], Loss: 1.2205
Epoch [10/19], Step [40/214], Loss: 1.1243
Epoch [10/19], Step [50/214], Loss: 1.3101
Epoch [10/19], Step [60/214], Loss: 1.2078
Epoch [10/19], Step [70/214], Loss: 1.1347
Epoch [10/19], Step [80/214], Loss: 1.1518
Epoch [10/19], Step [90/214], Loss: 1.2510
Epoch [10/19], Step [100/214], Loss: 1.2538
Epoch [10/19], Step [110/214], Loss: 1.0980
Epoch [10/19], Step [120/214], Loss: 1.3653
Epoch [10/19], Step [130/214], Loss: 1.1729
Epoch [10/19], Step [140/214], Loss: 1.2648
Epoch [10/19], Step [150/214], Loss: 1.2221
Epoch [10/19], Step [160/214], Loss: 1.2718
Epoch [10/19], Step [170/214], Loss: 1.2454
Epoch [10/19], Step [180/214], Loss: 1.1717
Epoch [10/19], Step [190/214], Loss: 1.2060
Epoch [10/19], Step [200/214], Loss: 1.3315
Epoch [10/19], Step [210/214], Loss: 1.1624
Epoch [11/19], Step [10/214], Loss: 1.2327
Epoch [11/19], Step [20/214], Loss: 1.2223
Epoch [11/19], Step [30/214], Loss: 1.1407
Epoch [11/19], Step [40/214], Loss: 1.1930
Epoch [11/19], Step [50/214], Loss: 1.1872
Epoch [11/19], Step [60/214], Loss: 1.2539
Epoch [11/19], Step [70/214], Loss: 1.1557
Epoch [11/19], Step [80/214], Loss: 1.1212
Epoch [11/19], Step [90/214], Loss: 1.3286
Epoch [11/19], Step [100/214], Loss: 1.1502
Epoch [11/19], Step [110/214], Loss: 1.1953
Epoch [11/19], Step [120/214], Loss: 1.3224
Epoch [11/19], Step [130/214], Loss: 1.2278
Epoch [11/19], Step [140/214], Loss: 1.1797
Epoch [11/19], Step [150/214], Loss: 1.2851
Epoch [11/19], Step [160/214], Loss: 1.1683
Epoch [11/19], Step [170/214], Loss: 1.2239
Epoch [11/19], Step [180/214], Loss: 1.1251
Epoch [11/19], Step [190/214], Loss: 1.1637
Epoch [11/19], Step [200/214], Loss: 1.2997
Epoch [11/19], Step [210/214], Loss: 1.2660
Epoch [12/19], Step [10/214], Loss: 1.2126
Epoch [12/19], Step [20/214], Loss: 1.2406
Epoch [12/19], Step [30/214], Loss: 1.2613
Epoch [12/19], Step [40/214], Loss: 1.1458
Epoch [12/19], Step [50/214], Loss: 1.2721
Epoch [12/19], Step [60/214], Loss: 1.2420
Epoch [12/19], Step [70/214], Loss: 1.1038
Epoch [12/19], Step [80/214], Loss: 1.2420
Epoch [12/19], Step [90/214], Loss: 1.0886
Epoch [12/19], Step [100/214], Loss: 1.2230
Epoch [12/19], Step [110/214], Loss: 1.3246
Epoch [12/19], Step [120/214], Loss: 1.2383
Epoch [12/19], Step [130/214], Loss: 1.1794
Epoch [12/19], Step [140/214], Loss: 1.1675
Epoch [12/19], Step [150/214], Loss: 1.1240
Epoch [12/19], Step [160/214], Loss: 1.2195
Epoch [12/19], Step [170/214], Loss: 1.1429
Epoch [12/19], Step [180/214], Loss: 1.1442
Epoch [12/19], Step [190/214], Loss: 1.2325
Epoch [12/19], Step [200/214], Loss: 1.3114
Epoch [12/19], Step [210/214], Loss: 1.2633
Epoch [13/19], Step [10/214], Loss: 1.1430
Epoch [13/19], Step [20/214], Loss: 1.1905
Epoch [13/19], Step [30/214], Loss: 1.2427
Epoch [13/19], Step [40/214], Loss: 1.0791
Epoch [13/19], Step [50/214], Loss: 1.1358
Epoch [13/19], Step [60/214], Loss: 1.2459
Epoch [13/19], Step [70/214], Loss: 1.2915
Epoch [13/19], Step [80/214], Loss: 1.1910
Epoch [13/19], Step [90/214], Loss: 1.2122
Epoch [13/19], Step [100/214], Loss: 1.2502
Epoch [13/19], Step [110/214], Loss: 1.2415
Epoch [13/19], Step [120/214], Loss: 1.1622
Epoch [13/19], Step [130/214], Loss: 1.2082
Epoch [13/19], Step [140/214], Loss: 1.1973
Epoch [13/19], Step [150/214], Loss: 1.2371
Epoch [13/19], Step [160/214], Loss: 1.2616
Epoch [13/19], Step [170/214], Loss: 1.1766
Epoch [13/19], Step [180/214], Loss: 1.1910
Epoch [13/19], Step [190/214], Loss: 1.0852
Epoch [13/19], Step [200/214], Loss: 1.1724
Epoch [13/19], Step [210/214], Loss: 1.2471
Epoch [14/19], Step [10/214], Loss: 1.1712
Epoch [14/19], Step [20/214], Loss: 1.2343
Epoch [14/19], Step [30/214], Loss: 1.2856
Epoch [14/19], Step [40/214], Loss: 1.2339
Epoch [14/19], Step [50/214], Loss: 1.2070
Epoch [14/19], Step [60/214], Loss: 1.1588
Epoch [14/19], Step [70/214], Loss: 1.1601
Epoch [14/19], Step [80/214], Loss: 1.1364
Epoch [14/19], Step [90/214], Loss: 1.1713
Epoch [14/19], Step [100/214], Loss: 1.2896
Epoch [14/19], Step [110/214], Loss: 1.1898
Epoch [14/19], Step [120/214], Loss: 1.2632
Epoch [14/19], Step [130/214], Loss: 1.3029
Epoch [14/19], Step [140/214], Loss: 1.0374
Epoch [14/19], Step [150/214], Loss: 1.2009
Epoch [14/19], Step [160/214], Loss: 1.1292
Epoch [14/19], Step [170/214], Loss: 1.2126
Epoch [14/19], Step [180/214], Loss: 1.1773
Epoch [14/19], Step [190/214], Loss: 1.0724
Epoch [14/19], Step [200/214], Loss: 1.1661
Epoch [14/19], Step [210/214], Loss: 1.2579
Epoch [15/19], Step [10/214], Loss: 1.2417
Epoch [15/19], Step [20/214], Loss: 1.2962
Epoch [15/19], Step [30/214], Loss: 1.2652
Epoch [15/19], Step [40/214], Loss: 1.2509
Epoch [15/19], Step [50/214], Loss: 1.2486
Epoch [15/19], Step [60/214], Loss: 1.2757
Epoch [15/19], Step [70/214], Loss: 1.1362
Epoch [15/19], Step [80/214], Loss: 1.2176
Epoch [15/19], Step [90/214], Loss: 1.1587
Epoch [15/19], Step [100/214], Loss: 1.3180
Epoch [15/19], Step [110/214], Loss: 1.3051
Epoch [15/19], Step [120/214], Loss: 1.1870
Epoch [15/19], Step [130/214], Loss: 1.1585
Epoch [15/19], Step [140/214], Loss: 1.2025
Epoch [15/19], Step [150/214], Loss: 1.1770
Epoch [15/19], Step [160/214], Loss: 1.3307
Epoch [15/19], Step [170/214], Loss: 1.1802
Epoch [15/19], Step [180/214], Loss: 1.1841
Epoch [15/19], Step [190/214], Loss: 1.2715
Epoch [15/19], Step [200/214], Loss: 1.2084
Epoch [15/19], Step [210/214], Loss: 1.1549
Epoch [16/19], Step [10/214], Loss: 1.2790
Epoch [16/19], Step [20/214], Loss: 1.3520
Epoch [16/19], Step [30/214], Loss: 1.2385
Epoch [16/19], Step [40/214], Loss: 1.2542
Epoch [16/19], Step [50/214], Loss: 1.2162
Epoch [16/19], Step [60/214], Loss: 1.1854
Epoch [16/19], Step [70/214], Loss: 1.2531
Epoch [16/19], Step [80/214], Loss: 1.0788
Epoch [16/19], Step [90/214], Loss: 1.2488
Epoch [16/19], Step [100/214], Loss: 1.1029
Epoch [16/19], Step [110/214], Loss: 1.2413
Epoch [16/19], Step [120/214], Loss: 1.1485
Epoch [16/19], Step [130/214], Loss: 1.2486
Epoch [16/19], Step [140/214], Loss: 1.2411
Epoch [16/19], Step [150/214], Loss: 1.1512
Epoch [16/19], Step [160/214], Loss: 1.2810
Epoch [16/19], Step [170/214], Loss: 1.2578
Epoch [16/19], Step [180/214], Loss: 1.2034
Epoch [16/19], Step [190/214], Loss: 1.2028
Epoch [16/19], Step [200/214], Loss: 1.1087
Epoch [16/19], Step [210/214], Loss: 1.3036
Epoch [17/19], Step [10/214], Loss: 1.2434
Epoch [17/19], Step [20/214], Loss: 1.2034
Epoch [17/19], Step [30/214], Loss: 1.3379
Epoch [17/19], Step [40/214], Loss: 1.1298
Epoch [17/19], Step [50/214], Loss: 1.1513
Epoch [17/19], Step [60/214], Loss: 1.2676
Epoch [17/19], Step [70/214], Loss: 1.2043
Epoch [17/19], Step [80/214], Loss: 1.3490
Epoch [17/19], Step [90/214], Loss: 1.1822
Epoch [17/19], Step [100/214], Loss: 1.2080
Epoch [17/19], Step [110/214], Loss: 1.2700
Epoch [17/19], Step [120/214], Loss: 1.3057
Epoch [17/19], Step [130/214], Loss: 1.2173
Epoch [17/19], Step [140/214], Loss: 1.2042
Epoch [17/19], Step [150/214], Loss: 1.1417
Epoch [17/19], Step [160/214], Loss: 1.2773
Epoch [17/19], Step [170/214], Loss: 1.2807
Epoch [17/19], Step [180/214], Loss: 1.1525
Epoch [17/19], Step [190/214], Loss: 1.3293
Epoch [17/19], Step [200/214], Loss: 1.1253
Epoch [17/19], Step [210/214], Loss: 1.2423
Epoch [18/19], Step [10/214], Loss: 1.1769
Epoch [18/19], Step [20/214], Loss: 1.2141
Epoch [18/19], Step [30/214], Loss: 1.2401
Epoch [18/19], Step [40/214], Loss: 1.1493
Epoch [18/19], Step [50/214], Loss: 1.1348
Epoch [18/19], Step [60/214], Loss: 1.1505
Epoch [18/19], Step [70/214], Loss: 1.2597
Epoch [18/19], Step [80/214], Loss: 1.1211
Epoch [18/19], Step [90/214], Loss: 1.1280
Epoch [18/19], Step [100/214], Loss: 1.1129
Epoch [18/19], Step [110/214], Loss: 1.1344
Epoch [18/19], Step [120/214], Loss: 1.1425
Epoch [18/19], Step [130/214], Loss: 1.2248
Epoch [18/19], Step [140/214], Loss: 1.2464
Epoch [18/19], Step [150/214], Loss: 1.1692
Epoch [18/19], Step [160/214], Loss: 1.0748
Epoch [18/19], Step [170/214], Loss: 1.2668
Epoch [18/19], Step [180/214], Loss: 1.1668
Epoch [18/19], Step [190/214], Loss: 1.2018
Epoch [18/19], Step [200/214], Loss: 1.2223
Epoch [18/19], Step [210/214], Loss: 1.2530
Epoch [19/19], Step [10/214], Loss: 1.2425
Epoch [19/19], Step [20/214], Loss: 1.1416
Epoch [19/19], Step [30/214], Loss: 1.1604
Epoch [19/19], Step [40/214], Loss: 1.2039
Epoch [19/19], Step [50/214], Loss: 1.1869
Epoch [19/19], Step [60/214], Loss: 1.2033
Epoch [19/19], Step [70/214], Loss: 1.1993
Epoch [19/19], Step [80/214], Loss: 1.1708
Epoch [19/19], Step [90/214], Loss: 1.1464
Epoch [19/19], Step [100/214], Loss: 1.1826
Epoch [19/19], Step [110/214], Loss: 1.2379
Epoch [19/19], Step [120/214], Loss: 1.1437
Epoch [19/19], Step [130/214], Loss: 1.2534
Epoch [19/19], Step [140/214], Loss: 1.2406
Epoch [19/19], Step [150/214], Loss: 1.3069
Epoch [19/19], Step [160/214], Loss: 1.1989
Epoch [19/19], Step [170/214], Loss: 1.2282
Epoch [19/19], Step [180/214], Loss: 1.2105
Epoch [19/19], Step [190/214], Loss: 1.3211
Epoch [19/19], Step [200/214], Loss: 1.2152
Epoch [19/19], Step [210/214], Loss: 1.1110
Training completed for model:  CNN_LSTM
Accuracy of the CNN_LSTM model on the test set: 38.01 %
#### FINITO #### TERMINO #### NO-VA-MAS
