Looking in indexes: https://pypi.org/simple, https://download.pytorch.org/whl/cu118
Requirement already satisfied: torch==2.7.1 in /home/fs72552/vargas/.conda/envs/py311f/lib/python3.11/site-packages (from -r requirements.txt (line 5)) (2.7.1+cu118)
Requirement already satisfied: torchvision==0.22.1 in /home/fs72552/vargas/.conda/envs/py311f/lib/python3.11/site-packages (from -r requirements.txt (line 6)) (0.22.1+cu118)
Requirement already satisfied: torchaudio==2.7.1 in /home/fs72552/vargas/.conda/envs/py311f/lib/python3.11/site-packages (from -r requirements.txt (line 7)) (2.7.1+cu118)
Requirement already satisfied: tslearn==0.6.3 in /home/fs72552/vargas/.conda/envs/py311f/lib/python3.11/site-packages (from -r requirements.txt (line 10)) (0.6.3)
Requirement already satisfied: joblib in /home/fs72552/vargas/.conda/envs/py311f/lib/python3.11/site-packages (from -r requirements.txt (line 13)) (1.4.2)
Requirement already satisfied: pandas in /home/fs72552/vargas/.conda/envs/py311f/lib/python3.11/site-packages (from -r requirements.txt (line 14)) (2.2.2)
Requirement already satisfied: numpy in /home/fs72552/vargas/.conda/envs/py311f/lib/python3.11/site-packages (from -r requirements.txt (line 15)) (2.0.2)
Requirement already satisfied: scipy in /home/fs72552/vargas/.conda/envs/py311f/lib/python3.11/site-packages (from -r requirements.txt (line 16)) (1.16.2)
Requirement already satisfied: scikit-learn in /home/fs72552/vargas/.conda/envs/py311f/lib/python3.11/site-packages (from -r requirements.txt (line 17)) (1.7.2)
Requirement already satisfied: scikit-maad in /home/fs72552/vargas/.conda/envs/py311f/lib/python3.11/site-packages (from -r requirements.txt (line 18)) (1.5.1)
Requirement already satisfied: matplotlib in /home/fs72552/vargas/.conda/envs/py311f/lib/python3.11/site-packages (from -r requirements.txt (line 19)) (3.9.2)
Requirement already satisfied: seaborn in /home/fs72552/vargas/.conda/envs/py311f/lib/python3.11/site-packages (from -r requirements.txt (line 20)) (0.13.2)
Requirement already satisfied: librosa in /home/fs72552/vargas/.conda/envs/py311f/lib/python3.11/site-packages (from -r requirements.txt (line 21)) (0.10.2.post1)
Requirement already satisfied: noisereduce in /home/fs72552/vargas/.conda/envs/py311f/lib/python3.11/site-packages (from -r requirements.txt (line 22)) (3.0.2)
Requirement already satisfied: filelock in /home/fs72552/vargas/.conda/envs/py311f/lib/python3.11/site-packages (from torch==2.7.1->-r requirements.txt (line 5)) (3.19.1)
Requirement already satisfied: typing-extensions>=4.10.0 in /home/fs72552/vargas/.conda/envs/py311f/lib/python3.11/site-packages (from torch==2.7.1->-r requirements.txt (line 5)) (4.12.2)
Requirement already satisfied: sympy>=1.13.3 in /home/fs72552/vargas/.conda/envs/py311f/lib/python3.11/site-packages (from torch==2.7.1->-r requirements.txt (line 5)) (1.14.0)
Requirement already satisfied: networkx in /home/fs72552/vargas/.conda/envs/py311f/lib/python3.11/site-packages (from torch==2.7.1->-r requirements.txt (line 5)) (3.5)
Requirement already satisfied: jinja2 in /home/fs72552/vargas/.conda/envs/py311f/lib/python3.11/site-packages (from torch==2.7.1->-r requirements.txt (line 5)) (3.1.4)
Requirement already satisfied: fsspec in /home/fs72552/vargas/.conda/envs/py311f/lib/python3.11/site-packages (from torch==2.7.1->-r requirements.txt (line 5)) (2024.9.0)
Requirement already satisfied: nvidia-cuda-nvrtc-cu11==11.8.89 in /home/fs72552/vargas/.conda/envs/py311f/lib/python3.11/site-packages (from torch==2.7.1->-r requirements.txt (line 5)) (11.8.89)
Requirement already satisfied: nvidia-cuda-runtime-cu11==11.8.89 in /home/fs72552/vargas/.conda/envs/py311f/lib/python3.11/site-packages (from torch==2.7.1->-r requirements.txt (line 5)) (11.8.89)
Requirement already satisfied: nvidia-cuda-cupti-cu11==11.8.87 in /home/fs72552/vargas/.conda/envs/py311f/lib/python3.11/site-packages (from torch==2.7.1->-r requirements.txt (line 5)) (11.8.87)
Requirement already satisfied: nvidia-cudnn-cu11==9.1.0.70 in /home/fs72552/vargas/.conda/envs/py311f/lib/python3.11/site-packages (from torch==2.7.1->-r requirements.txt (line 5)) (9.1.0.70)
Requirement already satisfied: nvidia-cublas-cu11==11.11.3.6 in /home/fs72552/vargas/.conda/envs/py311f/lib/python3.11/site-packages (from torch==2.7.1->-r requirements.txt (line 5)) (11.11.3.6)
Requirement already satisfied: nvidia-cufft-cu11==10.9.0.58 in /home/fs72552/vargas/.conda/envs/py311f/lib/python3.11/site-packages (from torch==2.7.1->-r requirements.txt (line 5)) (10.9.0.58)
Requirement already satisfied: nvidia-curand-cu11==10.3.0.86 in /home/fs72552/vargas/.conda/envs/py311f/lib/python3.11/site-packages (from torch==2.7.1->-r requirements.txt (line 5)) (10.3.0.86)
Requirement already satisfied: nvidia-cusolver-cu11==11.4.1.48 in /home/fs72552/vargas/.conda/envs/py311f/lib/python3.11/site-packages (from torch==2.7.1->-r requirements.txt (line 5)) (11.4.1.48)
Requirement already satisfied: nvidia-cusparse-cu11==11.7.5.86 in /home/fs72552/vargas/.conda/envs/py311f/lib/python3.11/site-packages (from torch==2.7.1->-r requirements.txt (line 5)) (11.7.5.86)
Requirement already satisfied: nvidia-nccl-cu11==2.21.5 in /home/fs72552/vargas/.conda/envs/py311f/lib/python3.11/site-packages (from torch==2.7.1->-r requirements.txt (line 5)) (2.21.5)
Requirement already satisfied: nvidia-nvtx-cu11==11.8.86 in /home/fs72552/vargas/.conda/envs/py311f/lib/python3.11/site-packages (from torch==2.7.1->-r requirements.txt (line 5)) (11.8.86)
Requirement already satisfied: triton==3.3.1 in /home/fs72552/vargas/.conda/envs/py311f/lib/python3.11/site-packages (from torch==2.7.1->-r requirements.txt (line 5)) (3.3.1)
Requirement already satisfied: pillow!=8.3.*,>=5.3.0 in /home/fs72552/vargas/.conda/envs/py311f/lib/python3.11/site-packages (from torchvision==0.22.1->-r requirements.txt (line 6)) (10.4.0)
Requirement already satisfied: numba in /home/fs72552/vargas/.conda/envs/py311f/lib/python3.11/site-packages (from tslearn==0.6.3->-r requirements.txt (line 10)) (0.60.0)
Requirement already satisfied: setuptools>=40.8.0 in /home/fs72552/vargas/.conda/envs/py311f/lib/python3.11/site-packages (from triton==3.3.1->torch==2.7.1->-r requirements.txt (line 5)) (69.5.1)
Requirement already satisfied: python-dateutil>=2.8.2 in /home/fs72552/vargas/.conda/envs/py311f/lib/python3.11/site-packages (from pandas->-r requirements.txt (line 14)) (2.9.0.post0)
Requirement already satisfied: pytz>=2020.1 in /home/fs72552/vargas/.conda/envs/py311f/lib/python3.11/site-packages (from pandas->-r requirements.txt (line 14)) (2024.2)
Requirement already satisfied: tzdata>=2022.7 in /home/fs72552/vargas/.conda/envs/py311f/lib/python3.11/site-packages (from pandas->-r requirements.txt (line 14)) (2024.2)
Requirement already satisfied: threadpoolctl>=3.1.0 in /home/fs72552/vargas/.conda/envs/py311f/lib/python3.11/site-packages (from scikit-learn->-r requirements.txt (line 17)) (3.5.0)
Requirement already satisfied: scikit-image>=0.23.1 in /home/fs72552/vargas/.conda/envs/py311f/lib/python3.11/site-packages (from scikit-maad->-r requirements.txt (line 18)) (0.25.2)
Requirement already satisfied: pywavelets>=1.4 in /home/fs72552/vargas/.conda/envs/py311f/lib/python3.11/site-packages (from scikit-maad->-r requirements.txt (line 18)) (1.9.0)
Requirement already satisfied: contourpy>=1.0.1 in /home/fs72552/vargas/.conda/envs/py311f/lib/python3.11/site-packages (from matplotlib->-r requirements.txt (line 19)) (1.2.1)
Requirement already satisfied: cycler>=0.10 in /home/fs72552/vargas/.conda/envs/py311f/lib/python3.11/site-packages (from matplotlib->-r requirements.txt (line 19)) (0.12.1)
Requirement already satisfied: fonttools>=4.22.0 in /home/fs72552/vargas/.conda/envs/py311f/lib/python3.11/site-packages (from matplotlib->-r requirements.txt (line 19)) (4.54.1)
Requirement already satisfied: kiwisolver>=1.3.1 in /home/fs72552/vargas/.conda/envs/py311f/lib/python3.11/site-packages (from matplotlib->-r requirements.txt (line 19)) (1.4.7)
Requirement already satisfied: packaging>=20.0 in /home/fs72552/vargas/.conda/envs/py311f/lib/python3.11/site-packages (from matplotlib->-r requirements.txt (line 19)) (24.1)
Requirement already satisfied: pyparsing>=2.3.1 in /home/fs72552/vargas/.conda/envs/py311f/lib/python3.11/site-packages (from matplotlib->-r requirements.txt (line 19)) (3.1.4)
Requirement already satisfied: audioread>=2.1.9 in /home/fs72552/vargas/.conda/envs/py311f/lib/python3.11/site-packages (from librosa->-r requirements.txt (line 21)) (3.0.1)
Requirement already satisfied: decorator>=4.3.0 in /home/fs72552/vargas/.conda/envs/py311f/lib/python3.11/site-packages (from librosa->-r requirements.txt (line 21)) (5.1.1)
Requirement already satisfied: soundfile>=0.12.1 in /home/fs72552/vargas/.conda/envs/py311f/lib/python3.11/site-packages (from librosa->-r requirements.txt (line 21)) (0.12.1)
Requirement already satisfied: pooch>=1.1 in /home/fs72552/vargas/.conda/envs/py311f/lib/python3.11/site-packages (from librosa->-r requirements.txt (line 21)) (1.8.2)
Requirement already satisfied: soxr>=0.3.2 in /home/fs72552/vargas/.conda/envs/py311f/lib/python3.11/site-packages (from librosa->-r requirements.txt (line 21)) (0.5.0.post1)
Requirement already satisfied: lazy-loader>=0.1 in /home/fs72552/vargas/.conda/envs/py311f/lib/python3.11/site-packages (from librosa->-r requirements.txt (line 21)) (0.4)
Requirement already satisfied: msgpack>=1.0 in /home/fs72552/vargas/.conda/envs/py311f/lib/python3.11/site-packages (from librosa->-r requirements.txt (line 21)) (1.0.8)
Requirement already satisfied: tqdm in /home/fs72552/vargas/.conda/envs/py311f/lib/python3.11/site-packages (from noisereduce->-r requirements.txt (line 22)) (4.66.5)
Requirement already satisfied: llvmlite<0.44,>=0.43.0dev0 in /home/fs72552/vargas/.conda/envs/py311f/lib/python3.11/site-packages (from numba->tslearn==0.6.3->-r requirements.txt (line 10)) (0.43.0)
Requirement already satisfied: platformdirs>=2.5.0 in /home/fs72552/vargas/.conda/envs/py311f/lib/python3.11/site-packages (from pooch>=1.1->librosa->-r requirements.txt (line 21)) (4.3.6)
Requirement already satisfied: requests>=2.19.0 in /home/fs72552/vargas/.conda/envs/py311f/lib/python3.11/site-packages (from pooch>=1.1->librosa->-r requirements.txt (line 21)) (2.32.3)
Requirement already satisfied: six>=1.5 in /home/fs72552/vargas/.conda/envs/py311f/lib/python3.11/site-packages (from python-dateutil>=2.8.2->pandas->-r requirements.txt (line 14)) (1.16.0)
Requirement already satisfied: imageio!=2.35.0,>=2.33 in /home/fs72552/vargas/.conda/envs/py311f/lib/python3.11/site-packages (from scikit-image>=0.23.1->scikit-maad->-r requirements.txt (line 18)) (2.37.0)
Requirement already satisfied: tifffile>=2022.8.12 in /home/fs72552/vargas/.conda/envs/py311f/lib/python3.11/site-packages (from scikit-image>=0.23.1->scikit-maad->-r requirements.txt (line 18)) (2025.9.30)
Requirement already satisfied: cffi>=1.0 in /home/fs72552/vargas/.conda/envs/py311f/lib/python3.11/site-packages (from soundfile>=0.12.1->librosa->-r requirements.txt (line 21)) (1.17.1)
Requirement already satisfied: mpmath<1.4,>=1.1.0 in /home/fs72552/vargas/.conda/envs/py311f/lib/python3.11/site-packages (from sympy>=1.13.3->torch==2.7.1->-r requirements.txt (line 5)) (1.3.0)
Requirement already satisfied: MarkupSafe>=2.0 in /home/fs72552/vargas/.conda/envs/py311f/lib/python3.11/site-packages (from jinja2->torch==2.7.1->-r requirements.txt (line 5)) (2.1.5)
Requirement already satisfied: pycparser in /home/fs72552/vargas/.conda/envs/py311f/lib/python3.11/site-packages (from cffi>=1.0->soundfile>=0.12.1->librosa->-r requirements.txt (line 21)) (2.22)
Requirement already satisfied: charset-normalizer<4,>=2 in /home/fs72552/vargas/.conda/envs/py311f/lib/python3.11/site-packages (from requests>=2.19.0->pooch>=1.1->librosa->-r requirements.txt (line 21)) (3.3.2)
Requirement already satisfied: idna<4,>=2.5 in /home/fs72552/vargas/.conda/envs/py311f/lib/python3.11/site-packages (from requests>=2.19.0->pooch>=1.1->librosa->-r requirements.txt (line 21)) (3.10)
Requirement already satisfied: urllib3<3,>=1.21.1 in /home/fs72552/vargas/.conda/envs/py311f/lib/python3.11/site-packages (from requests>=2.19.0->pooch>=1.1->librosa->-r requirements.txt (line 21)) (2.2.3)
Requirement already satisfied: certifi>=2017.4.17 in /home/fs72552/vargas/.conda/envs/py311f/lib/python3.11/site-packages (from requests>=2.19.0->pooch>=1.1->librosa->-r requirements.txt (line 21)) (2024.8.30)
/home/fs72552/vargas/.conda/envs/py311f/lib/python3.11/site-packages/torch/cuda/__init__.py:789: UserWarning: Can't initialize NVML
  warnings.warn("Can't initialize NVML")
2.7.1+cu118
Is available: False
Current Devices: Torch is not compiled for GPU or No GPU
No. of GPUs: 0
