[Parallel(n_jobs=32)]: Using backend LokyBackend with 32 concurrent workers.
/home/vargas/repos/forests-sounds-vargas
/home/vargas/repos/forests-sounds-vargas/data/ /home/vargas/repos/forests-sounds-vargas/out/ [('Plantation', '/home/vargas/repos/forests-sounds-vargas/data/Plantation/2_05_PSA0093-2010.mp3'), ('Plantation', '/home/vargas/repos/forests-sounds-vargas/data/Plantation/2_15_PSA0290-2012.mp3'), ('Plantation', '/home/vargas/repos/forests-sounds-vargas/data/Plantation/2_19_PSA0374-2012.mp3')]
#### #### HOI FOREST #### ####
Starting with parallel jobs: 57 time: 1728695053
0 REGION: ====>>>> Plantation #### RUNNING #### AUDIO: ====>>>> /home/vargas/repos/forests-sounds-vargas/data/Plantation/2_05_PSA0093-2010.mp3
y: [-0.01472808 -0.01491113 -0.00816156 -0.00218979  0.00167903  0.00490456
  0.00836801  0.01314615  0.01415004]
total samples in y: (86400000,) in time: 1800 secs
samples rate per second:  48000
### ORIGINAL Y_C 86400000 [-0.01472808 -0.01491113 -0.00816156 -0.00218979  0.00167903  0.00490456
  0.00836801  0.01314615  0.01415004] <class 'numpy.ndarray'>
### CHUNKS Y_C total_chunks: 180 chunk_size: 480000 <class 'list'> <class 'numpy.ndarray'>
[Parallel(n_jobs=32)]: Done 180 out of 180 | elapsed:    5.1s finished
[Parallel(n_jobs=32)]: Using backend LokyBackend with 32 concurrent workers.
[Parallel(n_jobs=32)]: Done 180 out of 180 | elapsed:    1.6s finished
[Parallel(n_jobs=32)]: Using backend LokyBackend with 32 concurrent workers.
[Parallel(n_jobs=32)]: Done 180 out of 180 | elapsed:    0.8s finished
[Parallel(n_jobs=32)]: Using backend LokyBackend with 32 concurrent workers.
[Parallel(n_jobs=32)]: Done 180 out of 180 | elapsed:    0.9s finished
[Parallel(n_jobs=32)]: Using backend LokyBackend with 32 concurrent workers.
[Parallel(n_jobs=32)]: Done   2 out of  10 | elapsed:    0.1s remaining:    0.2s
[Parallel(n_jobs=32)]: Done  10 out of  10 | elapsed:    0.2s finished
[Parallel(n_jobs=32)]: Using backend LokyBackend with 32 concurrent workers.
[Parallel(n_jobs=32)]: Done   2 out of  10 | elapsed:    0.0s remaining:    0.2s
[Parallel(n_jobs=32)]: Done  10 out of  10 | elapsed:    0.1s finished
[Parallel(n_jobs=32)]: Using backend LokyBackend with 32 concurrent workers.
[Parallel(n_jobs=32)]: Done 180 out of 180 | elapsed:    1.6s finished
[Parallel(n_jobs=32)]: Using backend LokyBackend with 32 concurrent workers.
[Parallel(n_jobs=32)]: Done 180 out of 180 | elapsed:    1.6s finished
[Parallel(n_jobs=32)]: Using backend LokyBackend with 32 concurrent workers.
[Parallel(n_jobs=32)]: Done 180 out of 180 | elapsed:    0.9s finished
[Parallel(n_jobs=32)]: Using backend LokyBackend with 32 concurrent workers.
[Parallel(n_jobs=32)]: Done 180 out of 180 | elapsed:    0.9s finished
[Parallel(n_jobs=32)]: Using backend LokyBackend with 32 concurrent workers.
[Parallel(n_jobs=32)]: Done   2 out of  10 | elapsed:    0.0s remaining:    0.2s
[Parallel(n_jobs=32)]: Done  10 out of  10 | elapsed:    0.1s finished
[Parallel(n_jobs=32)]: Using backend LokyBackend with 32 concurrent workers.
[Parallel(n_jobs=32)]: Done   2 out of  10 | elapsed:    0.0s remaining:    0.2s
[Parallel(n_jobs=32)]: Done  10 out of  10 | elapsed:    0.1s finished
[Parallel(n_jobs=32)]: Using backend LokyBackend with 32 concurrent workers.
[Parallel(n_jobs=32)]: Done 180 out of 180 | elapsed:    1.7s finished
[Parallel(n_jobs=32)]: Using backend LokyBackend with 32 concurrent workers.
[Parallel(n_jobs=32)]: Done 117 out of 180 | elapsed:    1.2s remaining:    0.7s
[Parallel(n_jobs=32)]: Done 180 out of 180 | elapsed:    1.6s finished
[Parallel(n_jobs=32)]: Using backend LokyBackend with 32 concurrent workers.
[Parallel(n_jobs=32)]: Done 180 out of 180 | elapsed:    0.8s finished
[Parallel(n_jobs=32)]: Using backend LokyBackend with 32 concurrent workers.
[Parallel(n_jobs=32)]: Done 180 out of 180 | elapsed:    0.8s finished
[Parallel(n_jobs=32)]: Using backend LokyBackend with 32 concurrent workers.
[Parallel(n_jobs=32)]: Done   2 out of  10 | elapsed:    0.0s remaining:    0.2s
[Parallel(n_jobs=32)]: Done  10 out of  10 | elapsed:    0.1s finished
[Parallel(n_jobs=32)]: Using backend LokyBackend with 32 concurrent workers.
[Parallel(n_jobs=32)]: Done   2 out of  10 | elapsed:    0.0s remaining:    0.1s
[Parallel(n_jobs=32)]: Done  10 out of  10 | elapsed:    0.1s finished
[Parallel(n_jobs=32)]: Using backend LokyBackend with 32 concurrent workers.
[Parallel(n_jobs=32)]: Done 180 out of 180 | elapsed:    1.7s finished
[Parallel(n_jobs=32)]: Using backend LokyBackend with 32 concurrent workers.
[Parallel(n_jobs=32)]: Done 180 out of 180 | elapsed:    1.7s finished
[Parallel(n_jobs=32)]: Using backend LokyBackend with 32 concurrent workers.
[Parallel(n_jobs=32)]: Done 180 out of 180 | elapsed:    0.8s finished
[Parallel(n_jobs=32)]: Using backend LokyBackend with 32 concurrent workers.
[Parallel(n_jobs=32)]: Done 180 out of 180 | elapsed:    0.9s finished
[Parallel(n_jobs=32)]: Using backend LokyBackend with 32 concurrent workers.
[Parallel(n_jobs=32)]: Done   2 out of  10 | elapsed:    0.1s remaining:    0.2s
[Parallel(n_jobs=32)]: Done  10 out of  10 | elapsed:    0.1s finished
[Parallel(n_jobs=32)]: Using backend LokyBackend with 32 concurrent workers.
[Parallel(n_jobs=32)]: Done   2 out of  10 | elapsed:    0.0s remaining:    0.2s
[Parallel(n_jobs=32)]: Done  10 out of  10 | elapsed:    0.1s finished
[Parallel(n_jobs=32)]: Using backend LokyBackend with 32 concurrent workers.
[Parallel(n_jobs=32)]: Done 180 out of 180 | elapsed:    1.8s finished
[Parallel(n_jobs=32)]: Using backend LokyBackend with 32 concurrent workers.
[Parallel(n_jobs=32)]: Done 180 out of 180 | elapsed:    1.6s finished
[Parallel(n_jobs=32)]: Using backend LokyBackend with 32 concurrent workers.
[Parallel(n_jobs=32)]: Done 180 out of 180 | elapsed:    0.9s finished
[Parallel(n_jobs=32)]: Using backend LokyBackend with 32 concurrent workers.
[Parallel(n_jobs=32)]: Done 180 out of 180 | elapsed:    0.9s finished
[Parallel(n_jobs=32)]: Using backend LokyBackend with 32 concurrent workers.
[Parallel(n_jobs=32)]: Done   2 out of  10 | elapsed:    0.1s remaining:    0.2s
[Parallel(n_jobs=32)]: Done  10 out of  10 | elapsed:    0.1s finished
[Parallel(n_jobs=32)]: Using backend LokyBackend with 32 concurrent workers.
[Parallel(n_jobs=32)]: Done   2 out of  10 | elapsed:    0.0s remaining:    0.1s
[Parallel(n_jobs=32)]: Done  10 out of  10 | elapsed:    0.1s finished
[Parallel(n_jobs=32)]: Using backend LokyBackend with 32 concurrent workers.
[Parallel(n_jobs=32)]: Done 180 out of 180 | elapsed:    1.7s finished
[Parallel(n_jobs=32)]: Using backend LokyBackend with 32 concurrent workers.
[Parallel(n_jobs=32)]: Done 180 out of 180 | elapsed:    1.6s finished
[Parallel(n_jobs=32)]: Using backend LokyBackend with 32 concurrent workers.
[Parallel(n_jobs=32)]: Done 180 out of 180 | elapsed:    0.9s finished
[Parallel(n_jobs=32)]: Using backend LokyBackend with 32 concurrent workers.
[Parallel(n_jobs=32)]: Done 180 out of 180 | elapsed:    0.8s finished
[Parallel(n_jobs=32)]: Using backend LokyBackend with 32 concurrent workers.
[Parallel(n_jobs=32)]: Done   2 out of  10 | elapsed:    0.1s remaining:    0.2s
[Parallel(n_jobs=32)]: Done  10 out of  10 | elapsed:    0.1s finished
[Parallel(n_jobs=32)]: Using backend LokyBackend with 32 concurrent workers.
[Parallel(n_jobs=32)]: Done   2 out of  10 | elapsed:    0.0s remaining:    0.2s
[Parallel(n_jobs=32)]: Done  10 out of  10 | elapsed:    0.1s finished
[Parallel(n_jobs=32)]: Using backend LokyBackend with 32 concurrent workers.
[Parallel(n_jobs=32)]: Done 180 out of 180 | elapsed:    1.7s finished
[Parallel(n_jobs=32)]: Using backend LokyBackend with 32 concurrent workers.
[Parallel(n_jobs=32)]: Done 180 out of 180 | elapsed:    1.6s finished
[Parallel(n_jobs=32)]: Using backend LokyBackend with 32 concurrent workers.
[Parallel(n_jobs=32)]: Done 180 out of 180 | elapsed:    0.9s finished
[Parallel(n_jobs=32)]: Using backend LokyBackend with 32 concurrent workers.
[Parallel(n_jobs=32)]: Done 180 out of 180 | elapsed:    0.9s finished
[Parallel(n_jobs=32)]: Using backend LokyBackend with 32 concurrent workers.
[Parallel(n_jobs=32)]: Done   2 out of  10 | elapsed:    0.0s remaining:    0.2s
[Parallel(n_jobs=32)]: Done  10 out of  10 | elapsed:    0.1s finished
[Parallel(n_jobs=32)]: Using backend LokyBackend with 32 concurrent workers.
[Parallel(n_jobs=32)]: Done   2 out of  10 | elapsed:    0.0s remaining:    0.2s
[Parallel(n_jobs=32)]: Done  10 out of  10 | elapsed:    0.1s finished
[Parallel(n_jobs=32)]: Using backend LokyBackend with 32 concurrent workers.
[Parallel(n_jobs=32)]: Done 180 out of 180 | elapsed:    1.7s finished
[Parallel(n_jobs=32)]: Using backend LokyBackend with 32 concurrent workers.
[Parallel(n_jobs=32)]: Done 180 out of 180 | elapsed:    1.7s finished
[Parallel(n_jobs=32)]: Using backend LokyBackend with 32 concurrent workers.
[Parallel(n_jobs=32)]: Done 180 out of 180 | elapsed:    0.9s finished
[Parallel(n_jobs=32)]: Using backend LokyBackend with 32 concurrent workers.
[Parallel(n_jobs=32)]: Done 180 out of 180 | elapsed:    0.8s finished
[Parallel(n_jobs=32)]: Using backend LokyBackend with 32 concurrent workers.
[Parallel(n_jobs=32)]: Done   2 out of  10 | elapsed:    0.0s remaining:    0.2s
[Parallel(n_jobs=32)]: Done  10 out of  10 | elapsed:    0.1s finished
[Parallel(n_jobs=32)]: Using backend LokyBackend with 32 concurrent workers.
[Parallel(n_jobs=32)]: Done   2 out of  10 | elapsed:    0.0s remaining:    0.2s
[Parallel(n_jobs=32)]: Done  10 out of  10 | elapsed:    0.1s finished
[Parallel(n_jobs=32)]: Using backend LokyBackend with 32 concurrent workers.
[Parallel(n_jobs=32)]: Done 180 out of 180 | elapsed:    1.6s finished
[Parallel(n_jobs=32)]: Using backend LokyBackend with 32 concurrent workers.
[Parallel(n_jobs=32)]: Done 180 out of 180 | elapsed:    1.6s finished
[Parallel(n_jobs=32)]: Using backend LokyBackend with 32 concurrent workers.
[Parallel(n_jobs=32)]: Done 180 out of 180 | elapsed:    0.8s finished
[Parallel(n_jobs=32)]: Using backend LokyBackend with 32 concurrent workers.
[Parallel(n_jobs=32)]: Done 180 out of 180 | elapsed:    0.7s finished
[Parallel(n_jobs=32)]: Using backend LokyBackend with 32 concurrent workers.
[Parallel(n_jobs=32)]: Done   2 out of  10 | elapsed:    0.0s remaining:    0.2s
[Parallel(n_jobs=32)]: Done  10 out of  10 | elapsed:    0.1s finished
[Parallel(n_jobs=32)]: Using backend LokyBackend with 32 concurrent workers.
[Parallel(n_jobs=32)]: Done   2 out of  10 | elapsed:    0.0s remaining:    0.1s
[Parallel(n_jobs=32)]: Done  10 out of  10 | elapsed:    0.1s finished
[Parallel(n_jobs=32)]: Using backend LokyBackend with 32 concurrent workers.
[Parallel(n_jobs=32)]: Done 180 out of 180 | elapsed:    1.6s finished
[Parallel(n_jobs=32)]: Using backend LokyBackend with 32 concurrent workers.
[Parallel(n_jobs=32)]: Done 180 out of 180 | elapsed:    1.7s finished
[Parallel(n_jobs=32)]: Using backend LokyBackend with 32 concurrent workers.
[Parallel(n_jobs=32)]: Done 180 out of 180 | elapsed:    0.7s finished
[Parallel(n_jobs=32)]: Using backend LokyBackend with 32 concurrent workers.
[Parallel(n_jobs=32)]: Done 117 out of 180 | elapsed:    0.5s remaining:    0.3s
[Parallel(n_jobs=32)]: Done 180 out of 180 | elapsed:    0.7s finished
slurmstepd: error: *** JOB 4085200 ON h136 CANCELLED AT 2024-10-12T03:16:12 ***
