PATH /home/vargas/repos/forests-sounds-vargas
Hablámelo maniño, alles gut oder was??
#### #### HOI FOREST #### ####
#### #### N-JOBS 39 SBOJ-N #### ####
#### #### HOI EXTRACTION #### ####
#### INDICES => ['reg', 'sid', 'ban', 'sec', 'men', 'med', 'sum', 'max', 'min', 'aci', 'aca', 'adi', 'bet', 'mmm', 'npp', 'hfq', 'htp', 'hhh', 'aei', 'dsi', 'vec'] <= INDICES 21 ####
/home/vargas/repos/forests-sounds-vargas/data/ /home/vargas/repos/forests-sounds-vargas/out/ [('Plantation', '/home/vargas/repos/forests-sounds-vargas/data/Plantation/2_05_PSA0093-2010.mp3'), ('Plantation', '/home/vargas/repos/forests-sounds-vargas/data/Plantation/2_15_PSA0290-2012.mp3'), ('Plantation', '/home/vargas/repos/forests-sounds-vargas/data/Plantation/2_19_PSA0374-2012.mp3')]
starting with => 57 soundscapes => now 1736703928
ALREADY PROCESED: /home/vargas/repos/forests-sounds-vargas/data/Plantation/2_05_PSA0093-2010.mp3
ALREADY PROCESED: /home/vargas/repos/forests-sounds-vargas/data/Plantation/2_15_PSA0290-2012.mp3
ALREADY PROCESED: /home/vargas/repos/forests-sounds-vargas/data/Plantation/2_19_PSA0374-2012.mp3
ALREADY PROCESED: /home/vargas/repos/forests-sounds-vargas/data/Plantation/2_07_PSA0093-2010.mp3
ALREADY PROCESED: /home/vargas/repos/forests-sounds-vargas/data/Plantation/2_20_PSA0400-2013.mp3
ALREADY PROCESED: /home/vargas/repos/forests-sounds-vargas/data/Plantation/2_13_PSA0280-2012.mp3
ALREADY PROCESED: /home/vargas/repos/forests-sounds-vargas/data/Plantation/2_17_PSA0331-2012.mp3
ALREADY PROCESED: /home/vargas/repos/forests-sounds-vargas/data/Plantation/2_00_PSA0010-2010.mp3
ALREADY PROCESED: /home/vargas/repos/forests-sounds-vargas/data/Plantation/2_14_PSA0289-2012.mp3
ALREADY PROCESED: /home/vargas/repos/forests-sounds-vargas/data/Plantation/2_18_PSA0373-2011.mp3
ALREADY PROCESED: /home/vargas/repos/forests-sounds-vargas/data/Plantation/2_16_PSA0292-2012.mp3
ALREADY PROCESED: /home/vargas/repos/forests-sounds-vargas/data/Plantation/PSA0025-2015.mp3
ALREADY PROCESED: /home/vargas/repos/forests-sounds-vargas/data/Plantation/2_10_PSA0189-2007.mp3
ALREADY PROCESED: /home/vargas/repos/forests-sounds-vargas/data/Plantation/2_09_PSA0096-2013.mp3
ALREADY PROCESED: /home/vargas/repos/forests-sounds-vargas/data/Plantation/2_08_PSA0095-2013.mp3
ALREADY PROCESED: /home/vargas/repos/forests-sounds-vargas/data/Plantation/2_06_PSA0087-2013.mp3
ALREADY PROCESED: /home/vargas/repos/forests-sounds-vargas/data/Plantation/2_21_PSA0429-2012.mp3
ALREADY PROCESED: /home/vargas/repos/forests-sounds-vargas/data/Plantation/2_11_PSA0192-2009.mp3
ALREADY PROCESED: /home/vargas/repos/forests-sounds-vargas/data/Plantation/2_01_PSA0022-2015.mp3
ALREADY PROCESED: /home/vargas/repos/forests-sounds-vargas/data/Plantation/2_04_PSA0078-2013.mp3
ALREADY PROCESED: /home/vargas/repos/forests-sounds-vargas/data/Plantation/2_02_PSA0077-2013.mp3
ALREADY PROCESED: /home/vargas/repos/forests-sounds-vargas/data/Plantation/2_12_PSA0254-2011.mp3
ALREADY PROCESED: /home/vargas/repos/forests-sounds-vargas/data/Pasture/3_01_Pasture11.mp3
ALREADY PROCESED: /home/vargas/repos/forests-sounds-vargas/data/Pasture/3_09_Pasture8.mp3
ALREADY PROCESED: /home/vargas/repos/forests-sounds-vargas/data/Pasture/3_06_Pasture5.mp3
ALREADY PROCESED: /home/vargas/repos/forests-sounds-vargas/data/Pasture/3_08_Pasture6.mp3
ALREADY PROCESED: /home/vargas/repos/forests-sounds-vargas/data/Pasture/3_07_Pasture5.mp3
ALREADY PROCESED: /home/vargas/repos/forests-sounds-vargas/data/Pasture/3_05_Pasture4.mp3
ALREADY PROCESED: /home/vargas/repos/forests-sounds-vargas/data/Pasture/3_00_Pasture10.mp3
ALREADY PROCESED: /home/vargas/repos/forests-sounds-vargas/data/Pasture/3_03_Pasture2.mp3
ALREADY PROCESED: /home/vargas/repos/forests-sounds-vargas/data/Pasture/3_10_Pasture9.mp3
ALREADY PROCESED: /home/vargas/repos/forests-sounds-vargas/data/Pasture/3_04_Pasture3.mp3
ALREADY PROCESED: /home/vargas/repos/forests-sounds-vargas/data/Pasture/3_02_Pasture12.mp3
ALREADY PROCESED: /home/vargas/repos/forests-sounds-vargas/data/NaturalRegeneration/1_01_PSA0009-2018.mp3
ALREADY PROCESED: /home/vargas/repos/forests-sounds-vargas/data/NaturalRegeneration/1_05_PSA0074-2020.mp3
ALREADY PROCESED: /home/vargas/repos/forests-sounds-vargas/data/NaturalRegeneration/1_13_PSA0165-2021.mp3
ALREADY PROCESED: /home/vargas/repos/forests-sounds-vargas/data/NaturalRegeneration/1_17_PSA0193-2013.mp3
ALREADY PROCESED: /home/vargas/repos/forests-sounds-vargas/data/NaturalRegeneration/1_12_PSA0161-2016.mp3
ALREADY PROCESED: /home/vargas/repos/forests-sounds-vargas/data/NaturalRegeneration/1_16_PSA0183-2017.mp3
ALREADY PROCESED: /home/vargas/repos/forests-sounds-vargas/data/NaturalRegeneration/1_03_PSA0042-2017.mp3
ALREADY PROCESED: /home/vargas/repos/forests-sounds-vargas/data/NaturalRegeneration/1_10_PSA0152-2013.mp3
ALREADY PROCESED: /home/vargas/repos/forests-sounds-vargas/data/NaturalRegeneration/1_00_PSA0004-2017.mp3
ALREADY PROCESED: /home/vargas/repos/forests-sounds-vargas/data/NaturalRegeneration/1_09_PSA0151-2016.mp3
ALREADY PROCESED: /home/vargas/repos/forests-sounds-vargas/data/NaturalRegeneration/1_04_PSA0051-2018.mp3
ALREADY PROCESED: /home/vargas/repos/forests-sounds-vargas/data/NaturalRegeneration/1_15_PSA0179-2013.mp3
ALREADY PROCESED: /home/vargas/repos/forests-sounds-vargas/data/NaturalRegeneration/1_11_PSA0159-2020.mp3
ALREADY PROCESED: /home/vargas/repos/forests-sounds-vargas/data/NaturalRegeneration/1_18_PSA0341-2012.mp3
ALREADY PROCESED: /home/vargas/repos/forests-sounds-vargas/data/NaturalRegeneration/1_19_PSA0418-2013.mp3
ALREADY PROCESED: /home/vargas/repos/forests-sounds-vargas/data/NaturalRegeneration/1_08_PSA0132-2013.mp3
ALREADY PROCESED: /home/vargas/repos/forests-sounds-vargas/data/NaturalRegeneration/1_06_PSA0093-2018.mp3
ALREADY PROCESED: /home/vargas/repos/forests-sounds-vargas/data/NaturalRegeneration/1_02_PSA0026-2020.mp3
ALREADY PROCESED: /home/vargas/repos/forests-sounds-vargas/data/NaturalRegeneration/1_14_PSA0168-2016.mp3
ALREADY PROCESED: /home/vargas/repos/forests-sounds-vargas/data/NaturalRegeneration/1_20_PSA0431-2013.mp3
ALREADY PROCESED: /home/vargas/repos/forests-sounds-vargas/data/NaturalRegeneration/1_07_PSA0099-2019.mp3
ALREADY PROCESED: /home/vargas/repos/forests-sounds-vargas/data/RefForest/0_00_RefForest1.mp3
ALREADY PROCESED: /home/vargas/repos/forests-sounds-vargas/data/RefForest/0_01_RefForest4.mp3
ALREADY PROCESED: /home/vargas/repos/forests-sounds-vargas/data/RefForest/0_02_RefForest5.mp3
SE ME CUIDA MIJO, AHÍ LE DEJO PA` QUE NO TRASNOCHE TANTO ;)
#### TIMES #### extraction TOTAL TOTAL ==>> 0.07521700859069824
#### #### HOI MODELLING #### ####
#### INDICES => [reg, sid, ban, sec, men, med, sum, max, aci, bet, mmm, npp, hfq, htp, hhh, aei] <= INDICES 16 ####
0/57 ######## ################ ################ ########
0 #### MODELLING #### REGION: ==>> f.region <<== DATA ==>> f.filename.split('/')[-1]
#### #### HOI FOREST - MODELLING #### ####
#### #### READING DATA FILES #### ####
('Plantation', '/home/vargas/repos/forests-sounds-vargas/out/data/extraction/Plantation/2_00_PSA0010-2010_dict_y_split_7_2512283_1736694580.pkl')
(249660, 16) Index(['reg', 'sid', 'ban', 'sec', 'men', 'med', 'sum', 'max', 'aci', 'bet',
       'mmm'],
      dtype='object') Index(['med', 'sum', 'max', 'aci', 'bet', 'mmm', 'npp', 'hfq', 'htp', 'hhh',
       'aei'],
      dtype='object')
#### MERGE 57 merge_data Dataframe shape: (249660, 16) #### time: 13
#### #### SPLIT TRAIN TEST #### ####
#### CLASSES: [0 1 2 3] TOTAL 4
#### SPLIT train_test_split and CUDA: ??? cuda:0 #### time: 30
#### MODELS - TOTAL 3 ####
#### EPOCHS 11 ####
#### TRAINING MODELS ####
#### TRAINING MODEL CNN_LSTM ####
#### prediction torch.Size([192, 4])
Epoch [10/11] Step [33/1041] Loss: 0.2490 Time: 58.057
#### prediction torch.Size([192, 4])
Epoch [10/11] Step [66/1041] Loss: 0.1890 Time: 58.242
#### prediction torch.Size([192, 4])
Epoch [10/11] Step [99/1041] Loss: 0.3961 Time: 58.427
#### prediction torch.Size([192, 4])
Epoch [10/11] Step [132/1041] Loss: 0.1788 Time: 58.613
#### prediction torch.Size([192, 4])
Epoch [10/11] Step [165/1041] Loss: 0.2185 Time: 58.798
#### prediction torch.Size([192, 4])
Epoch [10/11] Step [198/1041] Loss: 0.2281 Time: 58.984
#### prediction torch.Size([192, 4])
Epoch [10/11] Step [231/1041] Loss: 0.3345 Time: 59.169
#### prediction torch.Size([192, 4])
Epoch [10/11] Step [264/1041] Loss: 0.1386 Time: 59.354
#### prediction torch.Size([192, 4])
Epoch [10/11] Step [297/1041] Loss: 0.2004 Time: 59.54
#### prediction torch.Size([192, 4])
Epoch [10/11] Step [330/1041] Loss: 0.1909 Time: 59.725
#### prediction torch.Size([192, 4])
Epoch [10/11] Step [363/1041] Loss: 0.1020 Time: 59.911
#### prediction torch.Size([192, 4])
Epoch [10/11] Step [396/1041] Loss: 0.2499 Time: 60.097
#### prediction torch.Size([192, 4])
Epoch [10/11] Step [429/1041] Loss: 0.1967 Time: 60.281
#### prediction torch.Size([192, 4])
Epoch [10/11] Step [462/1041] Loss: 0.2053 Time: 60.467
#### prediction torch.Size([192, 4])
Epoch [10/11] Step [495/1041] Loss: 0.1777 Time: 60.653
#### prediction torch.Size([192, 4])
Epoch [10/11] Step [528/1041] Loss: 0.1848 Time: 60.838
#### prediction torch.Size([192, 4])
Epoch [10/11] Step [561/1041] Loss: 0.1602 Time: 61.023
#### prediction torch.Size([192, 4])
Epoch [10/11] Step [594/1041] Loss: 0.1668 Time: 61.209
#### prediction torch.Size([192, 4])
Epoch [10/11] Step [627/1041] Loss: 0.2056 Time: 61.395
#### prediction torch.Size([192, 4])
Epoch [10/11] Step [660/1041] Loss: 0.1937 Time: 61.58
#### prediction torch.Size([192, 4])
Epoch [10/11] Step [693/1041] Loss: 0.2082 Time: 61.766
#### prediction torch.Size([192, 4])
Epoch [10/11] Step [726/1041] Loss: 0.1659 Time: 61.951
#### prediction torch.Size([192, 4])
Epoch [10/11] Step [759/1041] Loss: 0.2389 Time: 62.136
#### prediction torch.Size([192, 4])
Epoch [10/11] Step [792/1041] Loss: 0.2371 Time: 62.321
#### prediction torch.Size([192, 4])
Epoch [10/11] Step [825/1041] Loss: 0.1862 Time: 62.507
#### prediction torch.Size([192, 4])
Epoch [10/11] Step [858/1041] Loss: 0.1800 Time: 62.692
#### prediction torch.Size([192, 4])
Epoch [10/11] Step [891/1041] Loss: 0.1698 Time: 62.877
#### prediction torch.Size([192, 4])
Epoch [10/11] Step [924/1041] Loss: 0.1753 Time: 63.062
#### prediction torch.Size([192, 4])
Epoch [10/11] Step [957/1041] Loss: 0.2143 Time: 63.247
#### prediction torch.Size([192, 4])
Epoch [10/11] Step [990/1041] Loss: 0.2169 Time: 63.432
#### prediction torch.Size([192, 4])
Epoch [10/11] Step [1023/1041] Loss: 0.3114 Time: 63.618
#### TRAINED MODEL CNN_LSTM model training time: 69.655 total training time: 69.896 ####
#### TRAINING MODEL LSTM_CNN ####
#### prediction torch.Size([192, 4])
Epoch [10/11] Step [33/1041] Loss: 0.1770 Time: 63.811
#### prediction torch.Size([192, 4])
Epoch [10/11] Step [66/1041] Loss: 0.2906 Time: 64.032
#### prediction torch.Size([192, 4])
Epoch [10/11] Step [99/1041] Loss: 0.1891 Time: 64.252
#### prediction torch.Size([192, 4])
Epoch [10/11] Step [132/1041] Loss: 0.2013 Time: 64.473
#### prediction torch.Size([192, 4])
Epoch [10/11] Step [165/1041] Loss: 0.1849 Time: 64.693
#### prediction torch.Size([192, 4])
Epoch [10/11] Step [198/1041] Loss: 0.2357 Time: 64.914
#### prediction torch.Size([192, 4])
Epoch [10/11] Step [231/1041] Loss: 0.2608 Time: 65.135
#### prediction torch.Size([192, 4])
Epoch [10/11] Step [264/1041] Loss: 0.2475 Time: 65.356
#### prediction torch.Size([192, 4])
Epoch [10/11] Step [297/1041] Loss: 0.1905 Time: 65.576
#### prediction torch.Size([192, 4])
Epoch [10/11] Step [330/1041] Loss: 0.2915 Time: 65.797
#### prediction torch.Size([192, 4])
Epoch [10/11] Step [363/1041] Loss: 0.2486 Time: 66.017
#### prediction torch.Size([192, 4])
Epoch [10/11] Step [396/1041] Loss: 0.2320 Time: 66.238
#### prediction torch.Size([192, 4])
Epoch [10/11] Step [429/1041] Loss: 0.1781 Time: 66.459
#### prediction torch.Size([192, 4])
Epoch [10/11] Step [462/1041] Loss: 0.2002 Time: 66.68
#### prediction torch.Size([192, 4])
Epoch [10/11] Step [495/1041] Loss: 0.2202 Time: 66.9
#### prediction torch.Size([192, 4])
Epoch [10/11] Step [528/1041] Loss: 0.2690 Time: 67.121
#### prediction torch.Size([192, 4])
Epoch [10/11] Step [561/1041] Loss: 0.2130 Time: 67.342
#### prediction torch.Size([192, 4])
Epoch [10/11] Step [594/1041] Loss: 0.2137 Time: 67.563
#### prediction torch.Size([192, 4])
Epoch [10/11] Step [627/1041] Loss: 0.1686 Time: 67.791
#### prediction torch.Size([192, 4])
Epoch [10/11] Step [660/1041] Loss: 0.2168 Time: 68.013
#### prediction torch.Size([192, 4])
Epoch [10/11] Step [693/1041] Loss: 0.2428 Time: 68.236
#### prediction torch.Size([192, 4])
Epoch [10/11] Step [726/1041] Loss: 0.3081 Time: 68.459
#### prediction torch.Size([192, 4])
Epoch [10/11] Step [759/1041] Loss: 0.2595 Time: 68.679
#### prediction torch.Size([192, 4])
Epoch [10/11] Step [792/1041] Loss: 0.2098 Time: 68.9
#### prediction torch.Size([192, 4])
Epoch [10/11] Step [825/1041] Loss: 0.1955 Time: 69.122
#### prediction torch.Size([192, 4])
Epoch [10/11] Step [858/1041] Loss: 0.2162 Time: 69.342
#### prediction torch.Size([192, 4])
Epoch [10/11] Step [891/1041] Loss: 0.1846 Time: 69.563
#### prediction torch.Size([192, 4])
Epoch [10/11] Step [924/1041] Loss: 0.2718 Time: 69.784
#### prediction torch.Size([192, 4])
Epoch [10/11] Step [957/1041] Loss: 0.2338 Time: 70.005
#### prediction torch.Size([192, 4])
Epoch [10/11] Step [990/1041] Loss: 0.2347 Time: 70.225
#### prediction torch.Size([192, 4])
Epoch [10/11] Step [1023/1041] Loss: 0.1551 Time: 70.446
#### TRAINED MODEL LSTM_CNN model training time: 77.714 total training time: 147.611 ####
#### TRAINING MODEL ParallelCNNLSTMModel ####
#### prediction torch.Size([192, 4])
Epoch [10/11] Step [33/1041] Loss: 0.2093 Time: 64.012
#### prediction torch.Size([192, 4])
Epoch [10/11] Step [66/1041] Loss: 0.2394 Time: 64.232
#### prediction torch.Size([192, 4])
Epoch [10/11] Step [99/1041] Loss: 0.3028 Time: 64.452
#### prediction torch.Size([192, 4])
Epoch [10/11] Step [132/1041] Loss: 0.1908 Time: 64.673
#### prediction torch.Size([192, 4])
Epoch [10/11] Step [165/1041] Loss: 0.2261 Time: 64.893
#### prediction torch.Size([192, 4])
Epoch [10/11] Step [198/1041] Loss: 0.3404 Time: 65.112
#### prediction torch.Size([192, 4])
Epoch [10/11] Step [231/1041] Loss: 0.2682 Time: 65.332
#### prediction torch.Size([192, 4])
Epoch [10/11] Step [264/1041] Loss: 0.2543 Time: 65.554
#### prediction torch.Size([192, 4])
Epoch [10/11] Step [297/1041] Loss: 0.1994 Time: 65.774
#### prediction torch.Size([192, 4])
Epoch [10/11] Step [330/1041] Loss: 0.2133 Time: 65.994
#### prediction torch.Size([192, 4])
Epoch [10/11] Step [363/1041] Loss: 0.1490 Time: 66.214
#### prediction torch.Size([192, 4])
Epoch [10/11] Step [396/1041] Loss: 0.2177 Time: 66.434
#### prediction torch.Size([192, 4])
Epoch [10/11] Step [429/1041] Loss: 0.2313 Time: 66.655
#### prediction torch.Size([192, 4])
Epoch [10/11] Step [462/1041] Loss: 0.1946 Time: 66.876
#### prediction torch.Size([192, 4])
Epoch [10/11] Step [495/1041] Loss: 0.1669 Time: 67.096
#### prediction torch.Size([192, 4])
Epoch [10/11] Step [528/1041] Loss: 0.1823 Time: 67.317
#### prediction torch.Size([192, 4])
Epoch [10/11] Step [561/1041] Loss: 0.2387 Time: 67.538
#### prediction torch.Size([192, 4])
Epoch [10/11] Step [594/1041] Loss: 0.1541 Time: 67.759
#### prediction torch.Size([192, 4])
Epoch [10/11] Step [627/1041] Loss: 0.1799 Time: 67.979
#### prediction torch.Size([192, 4])
Epoch [10/11] Step [660/1041] Loss: 0.1704 Time: 68.2
#### prediction torch.Size([192, 4])
Epoch [10/11] Step [693/1041] Loss: 0.2072 Time: 68.42
#### prediction torch.Size([192, 4])
Epoch [10/11] Step [726/1041] Loss: 0.1894 Time: 68.641
#### prediction torch.Size([192, 4])
Epoch [10/11] Step [759/1041] Loss: 0.2224 Time: 68.861
#### prediction torch.Size([192, 4])
Epoch [10/11] Step [792/1041] Loss: 0.2026 Time: 69.082
#### prediction torch.Size([192, 4])
Epoch [10/11] Step [825/1041] Loss: 0.2027 Time: 69.302
#### prediction torch.Size([192, 4])
Epoch [10/11] Step [858/1041] Loss: 0.1500 Time: 69.522
#### prediction torch.Size([192, 4])
Epoch [10/11] Step [891/1041] Loss: 0.2257 Time: 69.743
#### prediction torch.Size([192, 4])
Epoch [10/11] Step [924/1041] Loss: 0.1806 Time: 69.963
#### prediction torch.Size([192, 4])
Epoch [10/11] Step [957/1041] Loss: 0.1892 Time: 70.183
#### prediction torch.Size([192, 4])
Epoch [10/11] Step [990/1041] Loss: 0.1505 Time: 70.404
#### prediction torch.Size([192, 4])
Epoch [10/11] Step [1023/1041] Loss: 0.1626 Time: 70.626
#### TRAINED MODEL ParallelCNNLSTMModel model training time: 77.881 total training time: 225.492 ####
#### TRAINING TOTAL TIME: 225.25 ####
ALWAYS PROBLEMS sequence item 0: expected str instance, Metrics found
SE ME CUIDA MIJO, AHÍ LE DEJO PA` QUE NO TRASNOCHE TANTO ;)
Traceback (most recent call last):
  File "/home/vargas/repos/forests-sounds-vargas/source/forest.py", line 518, in <module>
    main()
  File "/home/vargas/repos/forests-sounds-vargas/source/forest.py", line 495, in main
    train_with_soundscapes(files_path=configfiles,  # region=f.region, si=i, sr=sr,
  File "/home/vargas/repos/forests-sounds-vargas/source/modelling.py", line 304, in train_with_soundscapes
    def ttest(models, test_loader, metric_names_str: str = ", ".join(metric_names)):
TypeError: sequence item 0: expected str instance, Metrics found
