/home/vargas/repos/forests-sounds-vargas/venvs/tpy310f_k/lib/python3.10/site-packages/tslearn/bases/bases.py:15: UserWarning: h5py not installed, hdf5 features will not be supported.
Install h5py to use hdf5 features: http://docs.h5py.org/
  warn(h5py_msg)
PATH /home/vargas/repos/forests-sounds-vargas
/home/vargas/repos/forests-sounds-vargas/out/data /home/vargas/repos/forests-sounds-vargas/out/ 57
#### #### HOI FOREST #### ####
ALWAYS PROBLEMS [Errno 2] No such file or directory: '/home/vargas/repos/forests-sounds-vargas/out/00_processed_data_in_2024-11.csv'
#### MERGE 57 merge_data Dataframe shape: (17100, 60004) #### time: 421
#### SPLIT train_test_split and CUDA: ??? cuda:0 #### time: 35
#### CLASSES: [0 1 2 3] TOTAL 4
#### MODELS {0: [CNN_LSTM(
  (cnn): Sequential(
    (0): Conv1d(1, 64, kernel_size=(3,), stride=(1,), padding=(1,))
    (1): ReLU()
    (2): MaxPool1d(kernel_size=2, stride=2, padding=0, dilation=1, ceil_mode=False)
    (3): Conv1d(64, 128, kernel_size=(3,), stride=(1,), padding=(1,))
    (4): ReLU()
    (5): MaxPool1d(kernel_size=2, stride=2, padding=0, dilation=1, ceil_mode=False)
  )
  (lstm): LSTM(128, 128, num_layers=2, batch_first=True)
  (fc): Linear(in_features=128, out_features=4, bias=True)
)], 1: [CNN_LSTM(
  (cnn): Sequential(
    (0): Conv1d(1, 64, kernel_size=(3,), stride=(1,), padding=(1,))
    (1): ReLU()
    (2): MaxPool1d(kernel_size=2, stride=2, padding=0, dilation=1, ceil_mode=False)
    (3): Conv1d(64, 128, kernel_size=(3,), stride=(1,), padding=(1,))
    (4): ReLU()
    (5): MaxPool1d(kernel_size=2, stride=2, padding=0, dilation=1, ceil_mode=False)
  )
  (lstm): LSTM(128, 128, num_layers=2, batch_first=True)
  (fc): Linear(in_features=128, out_features=4, bias=True)
), LSTM_CNN(
  (lstm): LSTM(1, 128, num_layers=2, batch_first=True)
  (cnn): Sequential(
    (0): Conv1d(128, 64, kernel_size=(3,), stride=(1,), padding=(1,))
    (1): ReLU()
    (2): MaxPool1d(kernel_size=2, stride=2, padding=0, dilation=1, ceil_mode=False)
    (3): Conv1d(64, 128, kernel_size=(3,), stride=(1,), padding=(1,))
    (4): ReLU()
    (5): MaxPool1d(kernel_size=2, stride=2, padding=0, dilation=1, ceil_mode=False)
    (6): Flatten(start_dim=1, end_dim=-1)
    (7): LazyLinear(in_features=0, out_features=256, bias=True)
    (8): ReLU()
    (9): Linear(in_features=256, out_features=4, bias=True)
  )
)], 2: [CNN_LSTM(
  (cnn): Sequential(
    (0): Conv1d(1, 64, kernel_size=(3,), stride=(1,), padding=(1,))
    (1): ReLU()
    (2): MaxPool1d(kernel_size=2, stride=2, padding=0, dilation=1, ceil_mode=False)
    (3): Conv1d(64, 128, kernel_size=(3,), stride=(1,), padding=(1,))
    (4): ReLU()
    (5): MaxPool1d(kernel_size=2, stride=2, padding=0, dilation=1, ceil_mode=False)
  )
  (lstm): LSTM(128, 128, num_layers=2, batch_first=True)
  (fc): Linear(in_features=128, out_features=4, bias=True)
), LSTM_CNN(
  (lstm): LSTM(1, 128, num_layers=2, batch_first=True)
  (cnn): Sequential(
    (0): Conv1d(128, 64, kernel_size=(3,), stride=(1,), padding=(1,))
    (1): ReLU()
    (2): MaxPool1d(kernel_size=2, stride=2, padding=0, dilation=1, ceil_mode=False)
    (3): Conv1d(64, 128, kernel_size=(3,), stride=(1,), padding=(1,))
    (4): ReLU()
    (5): MaxPool1d(kernel_size=2, stride=2, padding=0, dilation=1, ceil_mode=False)
    (6): Flatten(start_dim=1, end_dim=-1)
    (7): LazyLinear(in_features=0, out_features=256, bias=True)
    (8): ReLU()
    (9): Linear(in_features=256, out_features=4, bias=True)
  )
), ParallelCNNLSTMModel(
  (cnn): Sequential(
    (0): Conv1d(1, 64, kernel_size=(3,), stride=(1,), padding=(1,))
    (1): ReLU()
    (2): MaxPool1d(kernel_size=2, stride=2, padding=0, dilation=1, ceil_mode=False)
    (3): Conv1d(64, 128, kernel_size=(3,), stride=(1,), padding=(1,))
    (4): ReLU()
    (5): MaxPool1d(kernel_size=2, stride=2, padding=0, dilation=1, ceil_mode=False)
    (6): Flatten(start_dim=1, end_dim=-1)
    (7): LazyLinear(in_features=0, out_features=128, bias=True)
    (8): ReLU()
  )
  (lstm): LSTM(1, 128, num_layers=2, batch_first=True)
  (fc_lstm): Linear(in_features=128, out_features=128, bias=True)
  (fc): Linear(in_features=256, out_features=4, bias=True)
)]} ####
#### MODELS - TOTAL 3 ####
#### EPOCHS 91 ####
#### TRAINING MODEL CNN_LSTM ####
#### prediction torch.Size([64, 4])
Epoch [10/91] Step [33/214] Loss: 1.1445 Time: 567.978
#### prediction torch.Size([64, 4])
Epoch [10/91] Step [66/214] Loss: 1.1787 Time: 577.246
#### prediction torch.Size([64, 4])
Epoch [10/91] Step [99/214] Loss: 1.1968 Time: 586.504
#### prediction torch.Size([64, 4])
Epoch [10/91] Step [132/214] Loss: 1.2391 Time: 595.766
#### prediction torch.Size([64, 4])
Epoch [10/91] Step [165/214] Loss: 1.2344 Time: 605.024
#### prediction torch.Size([64, 4])
Epoch [10/91] Step [198/214] Loss: 1.1602 Time: 614.293
#### prediction torch.Size([64, 4])
Epoch [20/91] Step [33/214] Loss: 1.2588 Time: 1168.198
#### prediction torch.Size([64, 4])
Epoch [20/91] Step [66/214] Loss: 1.1863 Time: 1177.46
#### prediction torch.Size([64, 4])
Epoch [20/91] Step [99/214] Loss: 1.1998 Time: 1186.712
#### prediction torch.Size([64, 4])
Epoch [20/91] Step [132/214] Loss: 1.3363 Time: 1196.012
#### prediction torch.Size([64, 4])
Epoch [20/91] Step [165/214] Loss: 1.2868 Time: 1205.342
#### prediction torch.Size([64, 4])
Epoch [20/91] Step [198/214] Loss: 1.2488 Time: 1214.665
#### prediction torch.Size([64, 4])
Epoch [30/91] Step [33/214] Loss: 1.2013 Time: 1772.358
#### prediction torch.Size([64, 4])
Epoch [30/91] Step [66/214] Loss: 1.0366 Time: 1781.697
#### prediction torch.Size([64, 4])
Epoch [30/91] Step [99/214] Loss: 1.1652 Time: 1791.009
#### prediction torch.Size([64, 4])
Epoch [30/91] Step [132/214] Loss: 1.2033 Time: 1800.335
#### prediction torch.Size([64, 4])
Epoch [30/91] Step [165/214] Loss: 1.1793 Time: 1809.666
#### prediction torch.Size([64, 4])
Epoch [30/91] Step [198/214] Loss: 1.1608 Time: 1819.005
#### prediction torch.Size([64, 4])
Epoch [40/91] Step [33/214] Loss: 1.2241 Time: 2376.407
#### prediction torch.Size([64, 4])
Epoch [40/91] Step [66/214] Loss: 1.2278 Time: 2385.694
#### prediction torch.Size([64, 4])
Epoch [40/91] Step [99/214] Loss: 1.2815 Time: 2395.005
#### prediction torch.Size([64, 4])
Epoch [40/91] Step [132/214] Loss: 1.1942 Time: 2404.29
#### prediction torch.Size([64, 4])
Epoch [40/91] Step [165/214] Loss: 1.2146 Time: 2413.605
#### prediction torch.Size([64, 4])
Epoch [40/91] Step [198/214] Loss: 1.2632 Time: 2422.915
#### prediction torch.Size([64, 4])
Epoch [50/91] Step [33/214] Loss: nan Time: 2979.507
#### prediction torch.Size([64, 4])
Epoch [50/91] Step [66/214] Loss: nan Time: 2988.731
#### prediction torch.Size([64, 4])
Epoch [50/91] Step [99/214] Loss: nan Time: 2997.947
#### prediction torch.Size([64, 4])
Epoch [50/91] Step [132/214] Loss: nan Time: 3007.181
#### prediction torch.Size([64, 4])
Epoch [50/91] Step [165/214] Loss: nan Time: 3016.433
#### prediction torch.Size([64, 4])
Epoch [50/91] Step [198/214] Loss: nan Time: 3025.67
#### prediction torch.Size([64, 4])
Epoch [60/91] Step [33/214] Loss: nan Time: 3577.587
#### prediction torch.Size([64, 4])
Epoch [60/91] Step [66/214] Loss: nan Time: 3586.826
#### prediction torch.Size([64, 4])
Epoch [60/91] Step [99/214] Loss: nan Time: 3596.045
#### prediction torch.Size([64, 4])
Epoch [60/91] Step [132/214] Loss: nan Time: 3605.278
#### prediction torch.Size([64, 4])
Epoch [60/91] Step [165/214] Loss: nan Time: 3614.499
#### prediction torch.Size([64, 4])
Epoch [60/91] Step [198/214] Loss: nan Time: 3623.721
#### prediction torch.Size([64, 4])
Epoch [70/91] Step [33/214] Loss: nan Time: 4175.925
#### prediction torch.Size([64, 4])
Epoch [70/91] Step [66/214] Loss: nan Time: 4185.133
#### prediction torch.Size([64, 4])
Epoch [70/91] Step [99/214] Loss: nan Time: 4194.353
#### prediction torch.Size([64, 4])
Epoch [70/91] Step [132/214] Loss: nan Time: 4203.581
#### prediction torch.Size([64, 4])
Epoch [70/91] Step [165/214] Loss: nan Time: 4212.801
#### prediction torch.Size([64, 4])
Epoch [70/91] Step [198/214] Loss: nan Time: 4222.02
#### prediction torch.Size([64, 4])
Epoch [80/91] Step [33/214] Loss: nan Time: 4773.752
#### prediction torch.Size([64, 4])
Epoch [80/91] Step [66/214] Loss: nan Time: 4782.971
#### prediction torch.Size([64, 4])
Epoch [80/91] Step [99/214] Loss: nan Time: 4792.201
#### prediction torch.Size([64, 4])
Epoch [80/91] Step [132/214] Loss: nan Time: 4801.427
#### prediction torch.Size([64, 4])
Epoch [80/91] Step [165/214] Loss: nan Time: 4810.646
#### prediction torch.Size([64, 4])
Epoch [80/91] Step [198/214] Loss: nan Time: 4819.884
#### prediction torch.Size([64, 4])
Epoch [90/91] Step [33/214] Loss: nan Time: 5371.759
#### prediction torch.Size([64, 4])
Epoch [90/91] Step [66/214] Loss: nan Time: 5380.968
#### prediction torch.Size([64, 4])
Epoch [90/91] Step [99/214] Loss: nan Time: 5390.198
#### prediction torch.Size([64, 4])
Epoch [90/91] Step [132/214] Loss: nan Time: 5399.438
#### prediction torch.Size([64, 4])
Epoch [90/91] Step [165/214] Loss: nan Time: 5408.682
#### prediction torch.Size([64, 4])
Epoch [90/91] Step [198/214] Loss: nan Time: 5417.909
#### TRAINED MODEL CNN_LSTM training time: 5482.601 total time: 5483.154 ####
#### TRAINING MODEL LSTM_CNN ####
Traceback (most recent call last):
  File "/home/vargas/repos/forests-sounds-vargas/source/script_modelling_parallel_01.py", line 566, in <module>
    train(models, train_loader, epochs=num_epochs)
  File "/home/vargas/repos/forests-sounds-vargas/source/script_modelling_parallel_01.py", line 508, in train
    y_pred = model(x)
  File "/home/vargas/repos/forests-sounds-vargas/venvs/tpy310f_k/lib/python3.10/site-packages/torch/nn/modules/module.py", line 1736, in _wrapped_call_impl
    return self._call_impl(*args, **kwargs)
  File "/home/vargas/repos/forests-sounds-vargas/venvs/tpy310f_k/lib/python3.10/site-packages/torch/nn/modules/module.py", line 1747, in _call_impl
    return forward_call(*args, **kwargs)
  File "/home/vargas/repos/forests-sounds-vargas/source/script_modelling_parallel_01.py", line 450, in forward
    out, _ = self.lstm(x)
  File "/home/vargas/repos/forests-sounds-vargas/venvs/tpy310f_k/lib/python3.10/site-packages/torch/nn/modules/module.py", line 1736, in _wrapped_call_impl
    return self._call_impl(*args, **kwargs)
  File "/home/vargas/repos/forests-sounds-vargas/venvs/tpy310f_k/lib/python3.10/site-packages/torch/nn/modules/module.py", line 1747, in _call_impl
    return forward_call(*args, **kwargs)
  File "/home/vargas/repos/forests-sounds-vargas/venvs/tpy310f_k/lib/python3.10/site-packages/torch/nn/modules/rnn.py", line 1123, in forward
    result = _VF.lstm(
torch.OutOfMemoryError: CUDA out of memory. Tried to allocate 38.47 GiB. GPU 0 has a total capacity of 44.32 GiB of which 38.29 GiB is free. Including non-PyTorch memory, this process has 6.03 GiB memory in use. Of the allocated memory 1.88 GiB is allocated by PyTorch, and 3.64 GiB is reserved by PyTorch but unallocated. If reserved but unallocated memory is large try setting PYTORCH_CUDA_ALLOC_CONF=expandable_segments:True to avoid fragmentation.  See documentation for Memory Management  (https://pytorch.org/docs/stable/notes/cuda.html#environment-variables)
