PATH /home/vargas/repos/forests-sounds-vargas
/home/vargas/repos/forests-sounds-vargas/data/ /home/vargas/repos/forests-sounds-vargas/out/ [('Plantation', '/home/vargas/repos/forests-sounds-vargas/data/Plantation/2_05_PSA0093-2010.mp3'), ('Plantation', '/home/vargas/repos/forests-sounds-vargas/data/Plantation/2_15_PSA0290-2012.mp3'), ('Plantation', '/home/vargas/repos/forests-sounds-vargas/data/Plantation/2_19_PSA0374-2012.mp3')]
#### #### HOI FOREST #### ####
starting with => 57 soundscapes => now 1728784752
0 ################ ################ ################ ################
0 #### RUNNING #### REGION: ==>> Plantation <<== AUDIO: ==>> 2_05_PSA0093-2010.mp3
y: [-0.01472808 -0.01491113 -0.00816156 -0.00218979  0.00167903  0.00490456
  0.00836801  0.01314615  0.01415004]
total samples in y: (86400000,) in time: 1800 secs
samples rate per second:  48000
#### ORIGINAL Y_C 86400000 [-0.01472808 -0.01491113 -0.00816156 -0.00218979  0.00167903  0.00490456
  0.00836801  0.01314615  0.01415004] <class 'numpy.ndarray'>
#### CHUNKS Y_C total_chunks: 180 chunk_size: 480000 <class 'list'> <class 'numpy.ndarray'>
#### PARALLEL split_freq_band
#### PARALLEL SPLIT DENOISE Y_C SPLIT PER FREQUENCY 180 10 10000 [-1.66543206e-03  7.13930043e-06  3.85412810e-05  4.81999272e-05
  5.28009634e-05  5.54476346e-05  5.71415517e-05  5.82967849e-05
  5.91191086e-05] 2.061471700668335
#### TIMES #### flatten: 0.11494779586791992
#### REARRANGED THE SIGNAL PER 10 FREQUENCIES <class 'list'> 10 <class 'numpy.ndarray'> 1800000
#### COMPUTE SLIDING WINDOW WITH SUM
#### RUNNING #### sum_this_sliding_window
#### TIMES #### sum_this_sliding_window 0.47998571395874023
#### REARRANGED THE SIGNAL SUM SLIDING_WINDOW PER 10 FREQUENCIES <class 'numpy.ndarray'> 10 <class 'numpy.ndarray'> 484
0 #### TIMES #### process_soundscape TOTAL TOTAL ==>> 69.20354461669922
9 ################ ################ ################ ################
9 #### RUNNING #### REGION: ==>> Plantation <<== AUDIO: ==>> 2_18_PSA0373-2011.mp3
y: [-0.00241771 -0.00108932  0.0016709   0.00449528  0.00606185  0.00498239
  0.00340853  0.00361732  0.00319519]
total samples in y: (86400000,) in time: 1800 secs
samples rate per second:  48000
#### ORIGINAL Y_C 86400000 [-0.00241771 -0.00108932  0.0016709   0.00449528  0.00606185  0.00498239
  0.00340853  0.00361732  0.00319519] <class 'numpy.ndarray'>
#### CHUNKS Y_C total_chunks: 180 chunk_size: 480000 <class 'list'> <class 'numpy.ndarray'>
#### PARALLEL split_freq_band
#### PARALLEL SPLIT DENOISE Y_C SPLIT PER FREQUENCY 180 10 10000 [ 3.73896153e-04 -5.89800028e-05 -2.90952364e-05 -1.99531724e-05
 -2.34778038e-05 -1.57703659e-05  6.33948906e-06 -1.20998263e-05
 -7.14596523e-06] 1.7787485122680664
#### TIMES #### flatten: 0.10248684883117676
#### REARRANGED THE SIGNAL PER 10 FREQUENCIES <class 'list'> 10 <class 'numpy.ndarray'> 1800000
#### COMPUTE SLIDING WINDOW WITH SUM
#### RUNNING #### sum_this_sliding_window
#### TIMES #### sum_this_sliding_window 0.47475457191467285
#### REARRANGED THE SIGNAL SUM SLIDING_WINDOW PER 10 FREQUENCIES <class 'numpy.ndarray'> 10 <class 'numpy.ndarray'> 484
9 #### TIMES #### process_soundscape TOTAL TOTAL ==>> 59.523531913757324
13 ################ ################ ################ ################
13 #### RUNNING #### REGION: ==>> Plantation <<== AUDIO: ==>> 2_09_PSA0096-2013.mp3
y: [ 0.00498617  0.00343108 -0.00189297 -0.00040188  0.0026763   0.0024897
  0.00282044  0.00150527  0.00051496]
total samples in y: (86400000,) in time: 1800 secs
samples rate per second:  48000
#### ORIGINAL Y_C 86400000 [ 0.00498617  0.00343108 -0.00189297 -0.00040188  0.0026763   0.0024897
  0.00282044  0.00150527  0.00051496] <class 'numpy.ndarray'>
#### CHUNKS Y_C total_chunks: 180 chunk_size: 480000 <class 'list'> <class 'numpy.ndarray'>
#### PARALLEL split_freq_band
#### PARALLEL SPLIT DENOISE Y_C SPLIT PER FREQUENCY 180 10 10000 [-4.19698361e-05  7.58519591e-06  7.14260029e-06  6.91915959e-06
  6.75983048e-06  6.62706846e-06  6.50664082e-06  6.39275673e-06
  6.28220569e-06] 1.8355586528778076
#### TIMES #### flatten: 0.09232044219970703
#### REARRANGED THE SIGNAL PER 10 FREQUENCIES <class 'list'> 10 <class 'numpy.ndarray'> 1800000
#### COMPUTE SLIDING WINDOW WITH SUM
#### RUNNING #### sum_this_sliding_window
#### TIMES #### sum_this_sliding_window 0.46377015113830566
#### REARRANGED THE SIGNAL SUM SLIDING_WINDOW PER 10 FREQUENCIES <class 'numpy.ndarray'> 10 <class 'numpy.ndarray'> 484
13 #### TIMES #### process_soundscape TOTAL TOTAL ==>> 57.155056953430176
14 ################ ################ ################ ################
14 #### RUNNING #### REGION: ==>> Plantation <<== AUDIO: ==>> 2_08_PSA0095-2013.mp3
y: [2.9889517e-03 2.1491684e-03 1.6709652e-03 3.0980729e-03 1.9990047e-03
 5.7865726e-04 2.8421842e-03 3.2138512e-03 5.2391624e-05]
total samples in y: (86400000,) in time: 1800 secs
samples rate per second:  48000
#### ORIGINAL Y_C 86400000 [2.9889517e-03 2.1491684e-03 1.6709652e-03 3.0980729e-03 1.9990047e-03
 5.7865726e-04 2.8421842e-03 3.2138512e-03 5.2391624e-05] <class 'numpy.ndarray'>
#### CHUNKS Y_C total_chunks: 180 chunk_size: 480000 <class 'list'> <class 'numpy.ndarray'>
#### PARALLEL split_freq_band
#### PARALLEL SPLIT DENOISE Y_C SPLIT PER FREQUENCY 180 10 10000 [-2.81608192e-05  1.41888153e-05  2.26426971e-05  2.71443696e-05
  3.02151131e-05  3.25635010e-05  3.44767696e-05  3.60977629e-05
  3.75079630e-05] 1.8267722129821777
#### TIMES #### flatten: 0.0844266414642334
#### REARRANGED THE SIGNAL PER 10 FREQUENCIES <class 'list'> 10 <class 'numpy.ndarray'> 1800000
#### COMPUTE SLIDING WINDOW WITH SUM
#### RUNNING #### sum_this_sliding_window
#### TIMES #### sum_this_sliding_window 0.4558444023132324
#### REARRANGED THE SIGNAL SUM SLIDING_WINDOW PER 10 FREQUENCIES <class 'numpy.ndarray'> 10 <class 'numpy.ndarray'> 484
14 #### TIMES #### process_soundscape TOTAL TOTAL ==>> 57.720433950424194
16 ################ ################ ################ ################
16 #### RUNNING #### REGION: ==>> Plantation <<== AUDIO: ==>> 2_21_PSA0429-2012.mp3
y: [ 0.0015737   0.00132185  0.00142273  0.00205023  0.0014455  -0.00059423
 -0.00193451 -0.00154098 -0.00060688]
total samples in y: (86400000,) in time: 1800 secs
samples rate per second:  48000
#### ORIGINAL Y_C 86400000 [ 0.0015737   0.00132185  0.00142273  0.00205023  0.0014455  -0.00059423
 -0.00193451 -0.00154098 -0.00060688] <class 'numpy.ndarray'>
#### CHUNKS Y_C total_chunks: 180 chunk_size: 480000 <class 'list'> <class 'numpy.ndarray'>
#### PARALLEL split_freq_band
#### PARALLEL SPLIT DENOISE Y_C SPLIT PER FREQUENCY 180 10 10000 [-4.35250032e-05  5.15798858e-05 -1.51601014e-04 -4.06993721e-05
 -8.55718176e-05 -4.04197281e-05 -7.42835686e-05 -9.96118861e-05
 -5.43751244e-05] 1.9890756607055664
#### TIMES #### flatten: 0.09035110473632812
#### REARRANGED THE SIGNAL PER 10 FREQUENCIES <class 'list'> 10 <class 'numpy.ndarray'> 1800000
#### COMPUTE SLIDING WINDOW WITH SUM
#### RUNNING #### sum_this_sliding_window
#### TIMES #### sum_this_sliding_window 0.46236276626586914
#### REARRANGED THE SIGNAL SUM SLIDING_WINDOW PER 10 FREQUENCIES <class 'numpy.ndarray'> 10 <class 'numpy.ndarray'> 484
16 #### TIMES #### process_soundscape TOTAL TOTAL ==>> 55.59396266937256
SE ME CUIDA MIJO, AHÍ LE DEJO PA` QUE NO TRASNOCHE TANTO ;)
#### TIMES #### process_soundscape TOTAL TOTAL ==>> 299.23360300064087
#### #### NO DA MAS #### TERMINO #### FINITO #### ####
#### #### 
 TOTAL_TIME: 299.304 
 TOTAL_JOBS: 32 
 JOB_ID: 4085381 
 #### ####
#### SLEEPING TIME: 299.305 seconds ####
All guert parcero, aller!
