[Parallel(n_jobs=-1)]: Using backend LokyBackend with 24 concurrent workers.
/home/vargas/repos/forests-sounds-vargas
/home/vargas/repos/forests-sounds-vargas/data/ /home/vargas/repos/forests-sounds-vargas/out/ [('Plantation', '/home/vargas/repos/forests-sounds-vargas/data/Plantation/2_05_PSA0093-2010.mp3'), ('Plantation', '/home/vargas/repos/forests-sounds-vargas/data/Plantation/2_15_PSA0290-2012.mp3'), ('Plantation', '/home/vargas/repos/forests-sounds-vargas/data/Plantation/2_19_PSA0374-2012.mp3'), ('Plantation', '/home/vargas/repos/forests-sounds-vargas/data/Plantation/2_07_PSA0093-2010.mp3'), ('Plantation', '/home/vargas/repos/forests-sounds-vargas/data/Plantation/2_20_PSA0400-2013.mp3'), ('Plantation', '/home/vargas/repos/forests-sounds-vargas/data/Plantation/2_13_PSA0280-2012.mp3'), ('Plantation', '/home/vargas/repos/forests-sounds-vargas/data/Plantation/2_17_PSA0331-2012.mp3'), ('Plantation', '/home/vargas/repos/forests-sounds-vargas/data/Plantation/2_00_PSA0010-2010.mp3'), ('Plantation', '/home/vargas/repos/forests-sounds-vargas/data/Plantation/2_14_PSA0289-2012.mp3'), ('Plantation', '/home/vargas/repos/forests-sounds-vargas/data/Plantation/2_18_PSA0373-2011.mp3'), ('Plantation', '/home/vargas/repos/forests-sounds-vargas/data/Plantation/2_16_PSA0292-2012.mp3'), ('Plantation', '/home/vargas/repos/forests-sounds-vargas/data/Plantation/PSA0025-2015.mp3'), ('Plantation', '/home/vargas/repos/forests-sounds-vargas/data/Plantation/2_10_PSA0189-2007.mp3'), ('Plantation', '/home/vargas/repos/forests-sounds-vargas/data/Plantation/2_09_PSA0096-2013.mp3'), ('Plantation', '/home/vargas/repos/forests-sounds-vargas/data/Plantation/2_08_PSA0095-2013.mp3'), ('Plantation', '/home/vargas/repos/forests-sounds-vargas/data/Plantation/2_06_PSA0087-2013.mp3'), ('Plantation', '/home/vargas/repos/forests-sounds-vargas/data/Plantation/2_21_PSA0429-2012.mp3'), ('Plantation', '/home/vargas/repos/forests-sounds-vargas/data/Plantation/2_11_PSA0192-2009.mp3'), ('Plantation', '/home/vargas/repos/forests-sounds-vargas/data/Plantation/2_01_PSA0022-2015.mp3'), ('Plantation', '/home/vargas/repos/forests-sounds-vargas/data/Plantation/2_04_PSA0078-2013.mp3'), ('Plantation', '/home/vargas/repos/forests-sounds-vargas/data/Plantation/2_02_PSA0077-2013.mp3'), ('Plantation', '/home/vargas/repos/forests-sounds-vargas/data/Plantation/2_12_PSA0254-2011.mp3'), ('Pasture', '/home/vargas/repos/forests-sounds-vargas/data/Pasture/3_01_Pasture11.mp3'), ('Pasture', '/home/vargas/repos/forests-sounds-vargas/data/Pasture/3_09_Pasture8.mp3'), ('Pasture', '/home/vargas/repos/forests-sounds-vargas/data/Pasture/3_06_Pasture5.mp3'), ('Pasture', '/home/vargas/repos/forests-sounds-vargas/data/Pasture/3_08_Pasture6.mp3'), ('Pasture', '/home/vargas/repos/forests-sounds-vargas/data/Pasture/3_07_Pasture5.mp3'), ('Pasture', '/home/vargas/repos/forests-sounds-vargas/data/Pasture/3_05_Pasture4.mp3'), ('Pasture', '/home/vargas/repos/forests-sounds-vargas/data/Pasture/3_00_Pasture10.mp3'), ('Pasture', '/home/vargas/repos/forests-sounds-vargas/data/Pasture/3_03_Pasture2.mp3'), ('Pasture', '/home/vargas/repos/forests-sounds-vargas/data/Pasture/3_10_Pasture9.mp3'), ('Pasture', '/home/vargas/repos/forests-sounds-vargas/data/Pasture/3_04_Pasture3.mp3'), ('Pasture', '/home/vargas/repos/forests-sounds-vargas/data/Pasture/3_02_Pasture12.mp3'), ('NaturalRegeneration', '/home/vargas/repos/forests-sounds-vargas/data/NaturalRegeneration/1_01_PSA0009-2018.mp3'), ('NaturalRegeneration', '/home/vargas/repos/forests-sounds-vargas/data/NaturalRegeneration/1_05_PSA0074-2020.mp3'), ('NaturalRegeneration', '/home/vargas/repos/forests-sounds-vargas/data/NaturalRegeneration/1_13_PSA0165-2021.mp3'), ('NaturalRegeneration', '/home/vargas/repos/forests-sounds-vargas/data/NaturalRegeneration/1_17_PSA0193-2013.mp3'), ('NaturalRegeneration', '/home/vargas/repos/forests-sounds-vargas/data/NaturalRegeneration/1_12_PSA0161-2016.mp3'), ('NaturalRegeneration', '/home/vargas/repos/forests-sounds-vargas/data/NaturalRegeneration/1_16_PSA0183-2017.mp3'), ('NaturalRegeneration', '/home/vargas/repos/forests-sounds-vargas/data/NaturalRegeneration/1_03_PSA0042-2017.mp3'), ('NaturalRegeneration', '/home/vargas/repos/forests-sounds-vargas/data/NaturalRegeneration/1_10_PSA0152-2013.mp3'), ('NaturalRegeneration', '/home/vargas/repos/forests-sounds-vargas/data/NaturalRegeneration/1_00_PSA0004-2017.mp3'), ('NaturalRegeneration', '/home/vargas/repos/forests-sounds-vargas/data/NaturalRegeneration/1_09_PSA0151-2016.mp3'), ('NaturalRegeneration', '/home/vargas/repos/forests-sounds-vargas/data/NaturalRegeneration/1_04_PSA0051-2018.mp3'), ('NaturalRegeneration', '/home/vargas/repos/forests-sounds-vargas/data/NaturalRegeneration/1_15_PSA0179-2013.mp3'), ('NaturalRegeneration', '/home/vargas/repos/forests-sounds-vargas/data/NaturalRegeneration/1_11_PSA0159-2020.mp3'), ('NaturalRegeneration', '/home/vargas/repos/forests-sounds-vargas/data/NaturalRegeneration/1_18_PSA0341-2012.mp3'), ('NaturalRegeneration', '/home/vargas/repos/forests-sounds-vargas/data/NaturalRegeneration/1_19_PSA0418-2013.mp3'), ('NaturalRegeneration', '/home/vargas/repos/forests-sounds-vargas/data/NaturalRegeneration/1_08_PSA0132-2013.mp3'), ('NaturalRegeneration', '/home/vargas/repos/forests-sounds-vargas/data/NaturalRegeneration/1_06_PSA0093-2018.mp3'), ('NaturalRegeneration', '/home/vargas/repos/forests-sounds-vargas/data/NaturalRegeneration/1_02_PSA0026-2020.mp3'), ('NaturalRegeneration', '/home/vargas/repos/forests-sounds-vargas/data/NaturalRegeneration/1_14_PSA0168-2016.mp3'), ('NaturalRegeneration', '/home/vargas/repos/forests-sounds-vargas/data/NaturalRegeneration/1_20_PSA0431-2013.mp3'), ('NaturalRegeneration', '/home/vargas/repos/forests-sounds-vargas/data/NaturalRegeneration/1_07_PSA0099-2019.mp3'), ('RefForest', '/home/vargas/repos/forests-sounds-vargas/data/RefForest/0_00_RefForest1.mp3'), ('RefForest', '/home/vargas/repos/forests-sounds-vargas/data/RefForest/0_01_RefForest4.mp3'), ('RefForest', '/home/vargas/repos/forests-sounds-vargas/data/RefForest/0_02_RefForest5.mp3')]
['/home/vargas/repos/forests-sounds-vargas/data/Pasture/3_01_Pasture11.mp3', '/home/vargas/repos/forests-sounds-vargas/data/Pasture/3_09_Pasture8.mp3', '/home/vargas/repos/forests-sounds-vargas/data/Pasture/3_06_Pasture5.mp3']
Pasture => 11
Starting with parallel jobs: 11 time: 1728672864
y: [-7.8479032e-04 -2.0871679e-03  4.1018400e-04  2.8872874e-03
  2.7670162e-03  1.2681029e-03  2.7039059e-05 -1.3762547e-04
 -2.9300922e-04]
total samples in y: (86400000,) in time: 1800 secs
samples rate per second:  48000
### ORIGINAL Y_C 86400000 [-7.8479032e-04 -2.0871679e-03  4.1018400e-04  2.8872874e-03
  2.7670162e-03  1.2681029e-03  2.7039059e-05 -1.3762547e-04
 -2.9300922e-04] <class 'numpy.ndarray'>
### CHUNKS Y_C total_chunks: 60 chunk_size: 1440000 <class 'list'> <class 'numpy.ndarray'>
[Parallel(n_jobs=-1)]: Done   2 tasks      | elapsed:    3.9s
[Parallel(n_jobs=-1)]: Done  60 out of  60 | elapsed:    6.3s finished
[Parallel(n_jobs=-1)]: Using backend LokyBackend with 24 concurrent workers.
[Parallel(n_jobs=-1)]: Done   2 tasks      | elapsed:    0.8s
[Parallel(n_jobs=-1)]: Done  60 out of  60 | elapsed:    2.5s finished
[Parallel(n_jobs=-1)]: Using backend LokyBackend with 24 concurrent workers.
[Parallel(n_jobs=-1)]: Done   2 tasks      | elapsed:    0.2s
[Parallel(n_jobs=-1)]: Done  60 out of  60 | elapsed:    0.8s finished
[Parallel(n_jobs=-1)]: Using backend LokyBackend with 24 concurrent workers.
[Parallel(n_jobs=-1)]: Done   2 tasks      | elapsed:    0.2s
[Parallel(n_jobs=-1)]: Done  60 out of  60 | elapsed:    0.8s finished
### PARALLEL DENOISE Y_C REARRANGED <class 'numpy.ndarray'> 86400000 [ 3.7144291e-06 -4.3315558e-05 -6.8769277e-06  7.8734195e-07
 -3.1590636e-05  1.3518575e-05 -7.0101983e-06 -1.2965325e-05
  2.3889814e-05] 9
### PARALLEL split_freq_band
#### PARALLEL SPLIT DENOISE Y_C SPLIT PER FREQUENCY 60 10 30000 [-2.07865900e-05 -1.34831336e-06  5.93582669e-06  8.67917516e-06
  1.00850283e-05  1.09304958e-05  1.14925124e-05  1.18918428e-05
  1.21896259e-05] 1.8960037231445312
#### TIMES #### List comprehension
#### TIMES #### List comprehension: 0.12014436721801758
#### REARRANGED THE SIGNAL PER 10 FREQUENCIES <class 'list'> 10 1800000
### COMPUTE SLIDING WINDOW WITH SUM
#### #### NO DA MAS #### TERMINO #### FINITO #### ####
cwd: /home/vargas/repos/forests-sounds-vargas file: /home/vargas/repos/forests-sounds-vargas/out/cities_4085175_1728672904.txt total_time: 39.712  TOTAL_JOBS: 24 job_id: 4085175
#### SLEEPING TIME: 39.713 sec ####
Alles good parcero, aller!
