#### TIME #### TERMINO #### 0.0 ####
#### FINITO #### TERMINO #### NO-VA-MAS ####
#### TIMES #### modelling TOTAL TOTAL ==>> 0.0
PATH /home/vargas/repos/forests-sounds-vargas
Hablámelo maniño, alles gut oder was??
#### #### HOI FOREST #### ####
#### #### N-JOBS 39 SBOJ-N #### ####
#### #### HOI EXTRACTION #### ####
#### INDICES => ['reg', 'sid', 'ban', 'sec', 'men', 'med', 'sum', 'max', 'min', 'aci', 'aca', 'adi', 'bet', 'mmm', 'npp', 'hfq', 'htp', 'hhh', 'aei', 'dsi', 'vec'] <= INDICES 21 ####
/home/vargas/repos/forests-sounds-vargas/data/ /home/vargas/repos/forests-sounds-vargas/out/ [('Plantation', '/home/vargas/repos/forests-sounds-vargas/data/Plantation/2_05_PSA0093-2010.mp3'), ('Plantation', '/home/vargas/repos/forests-sounds-vargas/data/Plantation/2_15_PSA0290-2012.mp3'), ('Plantation', '/home/vargas/repos/forests-sounds-vargas/data/Plantation/2_19_PSA0374-2012.mp3')]
ALWAYS PROBLEMS => Dónde están los Kuschifiles? [Errno 2] No such file or directory: '/home/vargas/repos/forests-sounds-vargas/out/audio_extraction_2025-01.csv'
starting with => 57 soundscapes => now 1736642291
0/57 ######## ################ ################ ########
0 #### EXTRACTION #### REGION: ==>> Plantation <<== DATA ==>> 2_05_PSA0093-2010.mp3
#### ORIGINAL Y_C 86400000 [-0.01472808 -0.01491113 -0.00816156] <class 'numpy.ndarray'>
NUMBERS 48000 3 1800 6
#### CHUNKS Y_C total_chunks: 300 chunk_size: 288000 <class 'list'> <class 'numpy.ndarray'>
#### HANNING Y_C total_chunks: 438 chunk_size first: 288000 chunk_size last: 288000 <class 'list'> <class 'numpy.ndarray'>
#### PARALLEL audio_indices
#### PARALLEL INDICES Y_C 438 10 [8.15083559e+04 2.78678716e+00 2.16339156e+01] 8.51
#### PARALLEL split_freq_band
#### PARALLEL SPLIT Y_C PER FREQUENCY 438 10 6000 [0.00022358 0.00022357 0.00022352] 1.659
#### TIMES #### DICT_VECTOR: 0.712
#### TIMES #### extraction TOTAL TOTAL ==>> 24.425
0 #### TIMES #### extraction #### PARTIAL FILE ==>> 22.631 seconds
1/57 ######## ################ ################ ########
1 #### EXTRACTION #### REGION: ==>> Plantation <<== DATA ==>> 2_15_PSA0290-2012.mp3
#### ORIGINAL Y_C 86400000 [-0.0006119   0.00068735  0.00166055] <class 'numpy.ndarray'>
NUMBERS 48000 3 1800 6
#### CHUNKS Y_C total_chunks: 300 chunk_size: 288000 <class 'list'> <class 'numpy.ndarray'>
#### HANNING Y_C total_chunks: 438 chunk_size first: 288000 chunk_size last: 288000 <class 'list'> <class 'numpy.ndarray'>
#### PARALLEL audio_indices
#### PARALLEL INDICES Y_C 438 10 [8.06253896e+04 2.82076229e+00 1.07592332e+01] 2.08
#### PARALLEL split_freq_band
#### PARALLEL SPLIT Y_C PER FREQUENCY 438 10 6000 [-3.45345658e-05 -3.45516818e-05 -3.45397588e-05] 1.668
#### TIMES #### DICT_VECTOR: 0.681
#### TIMES #### extraction TOTAL TOTAL ==>> 37.587
1 #### TIMES #### extraction #### PARTIAL FILE ==>> 13.141 seconds
2/57 ######## ################ ################ ########
2 #### EXTRACTION #### REGION: ==>> Plantation <<== DATA ==>> 2_19_PSA0374-2012.mp3
#### ORIGINAL Y_C 86400000 [0.00831298 0.01321053 0.01454676] <class 'numpy.ndarray'>
NUMBERS 48000 3 1800 6
#### CHUNKS Y_C total_chunks: 300 chunk_size: 288000 <class 'list'> <class 'numpy.ndarray'>
#### HANNING Y_C total_chunks: 438 chunk_size first: 288000 chunk_size last: 288000 <class 'list'> <class 'numpy.ndarray'>
#### PARALLEL audio_indices
#### PARALLEL INDICES Y_C 438 10 [8.19466531e+04 2.63288127e+00 1.92102722e+01] 2.13
#### PARALLEL split_freq_band
#### PARALLEL SPLIT Y_C PER FREQUENCY 438 10 6000 [-0.00028074 -0.00028074 -0.0002809 ] 1.712
#### TIMES #### DICT_VECTOR: 0.691
#### TIMES #### extraction TOTAL TOTAL ==>> 50.588
2 #### TIMES #### extraction #### PARTIAL FILE ==>> 12.984 seconds
3/57 ######## ################ ################ ########
3 #### EXTRACTION #### REGION: ==>> Plantation <<== DATA ==>> 2_07_PSA0093-2010.mp3
#### ORIGINAL Y_C 86400000 [-0.01472808 -0.01491113 -0.00816156] <class 'numpy.ndarray'>
NUMBERS 48000 3 1800 6
#### CHUNKS Y_C total_chunks: 300 chunk_size: 288000 <class 'list'> <class 'numpy.ndarray'>
#### HANNING Y_C total_chunks: 438 chunk_size first: 288000 chunk_size last: 288000 <class 'list'> <class 'numpy.ndarray'>
#### PARALLEL audio_indices
#### PARALLEL INDICES Y_C 438 10 [8.15083559e+04 2.78678716e+00 2.16339156e+01] 2.12
#### PARALLEL split_freq_band
#### PARALLEL SPLIT Y_C PER FREQUENCY 438 10 6000 [0.00022358 0.00022357 0.00022352] 1.658
#### TIMES #### DICT_VECTOR: 0.67
#### TIMES #### extraction TOTAL TOTAL ==>> 63.647
3 #### TIMES #### extraction #### PARTIAL FILE ==>> 13.048 seconds
4/57 ######## ################ ################ ########
4 #### EXTRACTION #### REGION: ==>> Plantation <<== DATA ==>> 2_20_PSA0400-2013.mp3
#### ORIGINAL Y_C 86400000 [0.00232441 0.00309165 0.00177757] <class 'numpy.ndarray'>
NUMBERS 48000 3 1800 6
#### CHUNKS Y_C total_chunks: 300 chunk_size: 288000 <class 'list'> <class 'numpy.ndarray'>
#### HANNING Y_C total_chunks: 438 chunk_size first: 288000 chunk_size last: 288000 <class 'list'> <class 'numpy.ndarray'>
#### PARALLEL audio_indices
#### PARALLEL INDICES Y_C 438 10 [8.26294711e+04 2.81063777e+00 1.42043313e+01] 2.24
#### PARALLEL split_freq_band
#### PARALLEL SPLIT Y_C PER FREQUENCY 438 10 6000 [8.55437802e-06 8.56656975e-06 8.44465918e-06] 2.031
#### TIMES #### DICT_VECTOR: 0.667
#### TIMES #### extraction TOTAL TOTAL ==>> 77.165
4 #### TIMES #### extraction #### PARTIAL FILE ==>> 13.499 seconds
5/57 ######## ################ ################ ########
5 #### EXTRACTION #### REGION: ==>> Plantation <<== DATA ==>> 2_13_PSA0280-2012.mp3
#### ORIGINAL Y_C 86400000 [3.6415369e-03 2.6228302e-03 8.4596279e-05] <class 'numpy.ndarray'>
NUMBERS 48000 3 1800 6
#### CHUNKS Y_C total_chunks: 300 chunk_size: 288000 <class 'list'> <class 'numpy.ndarray'>
#### HANNING Y_C total_chunks: 438 chunk_size first: 288000 chunk_size last: 288000 <class 'list'> <class 'numpy.ndarray'>
#### PARALLEL audio_indices
#### PARALLEL INDICES Y_C 438 10 [7.91069165e+04 2.78304167e+00 1.23341998e+01] 2.16
#### PARALLEL split_freq_band
#### PARALLEL SPLIT Y_C PER FREQUENCY 438 10 6000 [-3.44860133e-05 -3.45421108e-05 -3.45807478e-05] 1.884
#### TIMES #### DICT_VECTOR: 0.696
#### TIMES #### extraction TOTAL TOTAL ==>> 90.947
5 #### TIMES #### extraction #### PARTIAL FILE ==>> 13.771 seconds
6/57 ######## ################ ################ ########
6 #### EXTRACTION #### REGION: ==>> Plantation <<== DATA ==>> 2_17_PSA0331-2012.mp3
#### ORIGINAL Y_C 86400000 [-0.00156389 -0.00311076 -0.00225797] <class 'numpy.ndarray'>
NUMBERS 48000 3 1800 6
#### CHUNKS Y_C total_chunks: 300 chunk_size: 288000 <class 'list'> <class 'numpy.ndarray'>
#### HANNING Y_C total_chunks: 438 chunk_size first: 288000 chunk_size last: 288000 <class 'list'> <class 'numpy.ndarray'>
#### PARALLEL audio_indices
#### PARALLEL INDICES Y_C 438 10 [7.88197519e+04 2.77665883e+00 1.13787172e+01] 2.14
#### PARALLEL split_freq_band
#### PARALLEL SPLIT Y_C PER FREQUENCY 438 10 6000 [5.83484306e-05 5.83459681e-05 5.83190456e-05] 1.807
#### TIMES #### DICT_VECTOR: 0.7
#### TIMES #### extraction TOTAL TOTAL ==>> 104.526
6 #### TIMES #### extraction #### PARTIAL FILE ==>> 13.564 seconds
7/57 ######## ################ ################ ########
7 #### EXTRACTION #### REGION: ==>> Plantation <<== DATA ==>> 2_00_PSA0010-2010.mp3
#### ORIGINAL Y_C 86400000 [-0.00225802 -0.00408008 -0.00553367] <class 'numpy.ndarray'>
NUMBERS 48000 3 1800 6
#### CHUNKS Y_C total_chunks: 300 chunk_size: 288000 <class 'list'> <class 'numpy.ndarray'>
#### HANNING Y_C total_chunks: 438 chunk_size first: 288000 chunk_size last: 288000 <class 'list'> <class 'numpy.ndarray'>
#### PARALLEL audio_indices
#### PARALLEL INDICES Y_C 438 10 [8.01518793e+04 2.77166175e+00 1.62965224e+01] 2.15
#### PARALLEL split_freq_band
#### PARALLEL SPLIT Y_C PER FREQUENCY 438 10 6000 [-0.00054267 -0.00054245 -0.00054227] 2.015
#### TIMES #### DICT_VECTOR: 0.668
#### TIMES #### extraction TOTAL TOTAL ==>> 117.948
7 #### TIMES #### extraction #### PARTIAL FILE ==>> 13.411 seconds
8/57 ######## ################ ################ ########
8 #### EXTRACTION #### REGION: ==>> Plantation <<== DATA ==>> 2_14_PSA0289-2012.mp3
#### ORIGINAL Y_C 86400000 [-0.01960655 -0.02791282 -0.02750732] <class 'numpy.ndarray'>
NUMBERS 48000 3 1800 6
#### CHUNKS Y_C total_chunks: 300 chunk_size: 288000 <class 'list'> <class 'numpy.ndarray'>
#### HANNING Y_C total_chunks: 438 chunk_size first: 288000 chunk_size last: 288000 <class 'list'> <class 'numpy.ndarray'>
#### PARALLEL audio_indices
#### PARALLEL INDICES Y_C 438 10 [8.09664218e+04 2.71215111e+00 1.78348051e+01] 2.19
#### PARALLEL split_freq_band
#### PARALLEL SPLIT Y_C PER FREQUENCY 438 10 6000 [-0.00011213 -0.00011225 -0.00011102] 1.643
#### TIMES #### DICT_VECTOR: 0.669
#### TIMES #### extraction TOTAL TOTAL ==>> 130.905
8 #### TIMES #### extraction #### PARTIAL FILE ==>> 12.944 seconds
9/57 ######## ################ ################ ########
9 #### EXTRACTION #### REGION: ==>> Plantation <<== DATA ==>> 2_18_PSA0373-2011.mp3
#### ORIGINAL Y_C 86400000 [-0.00241771 -0.00108932  0.0016709 ] <class 'numpy.ndarray'>
NUMBERS 48000 3 1800 6
#### CHUNKS Y_C total_chunks: 300 chunk_size: 288000 <class 'list'> <class 'numpy.ndarray'>
#### HANNING Y_C total_chunks: 438 chunk_size first: 288000 chunk_size last: 288000 <class 'list'> <class 'numpy.ndarray'>
#### PARALLEL audio_indices
#### PARALLEL INDICES Y_C 438 10 [7.98180752e+04 2.74680409e+00 1.37563844e+01] 2.16
#### PARALLEL split_freq_band
#### PARALLEL SPLIT Y_C PER FREQUENCY 438 10 6000 [5.12611181e-05 5.11055362e-05 5.09459149e-05] 1.502
#### TIMES #### DICT_VECTOR: 0.694
#### TIMES #### extraction TOTAL TOTAL ==>> 143.886
9 #### TIMES #### extraction #### PARTIAL FILE ==>> 12.955 seconds
10/57 ######## ################ ################ ########
10 #### EXTRACTION #### REGION: ==>> Plantation <<== DATA ==>> 2_16_PSA0292-2012.mp3
#### ORIGINAL Y_C 86400000 [ 0.00011271 -0.00401716 -0.00642971] <class 'numpy.ndarray'>
NUMBERS 48000 3 1800 6
#### CHUNKS Y_C total_chunks: 300 chunk_size: 288000 <class 'list'> <class 'numpy.ndarray'>
#### HANNING Y_C total_chunks: 438 chunk_size first: 288000 chunk_size last: 288000 <class 'list'> <class 'numpy.ndarray'>
#### PARALLEL audio_indices
#### PARALLEL INDICES Y_C 438 10 [7.97644198e+04 2.76484401e+00 7.64060581e+00] 2.21
#### PARALLEL split_freq_band
#### PARALLEL SPLIT Y_C PER FREQUENCY 438 10 6000 [-5.99484192e-05 -5.99745804e-05 -6.00194708e-05] 1.997
#### TIMES #### DICT_VECTOR: 0.664
#### TIMES #### extraction TOTAL TOTAL ==>> 157.018
10 #### TIMES #### extraction #### PARTIAL FILE ==>> 13.126 seconds
11/57 ######## ################ ################ ########
11 #### EXTRACTION #### REGION: ==>> Plantation <<== DATA ==>> PSA0025-2015.mp3
#### ORIGINAL Y_C 86400000 [-0.00689935 -0.0078594  -0.00352661] <class 'numpy.ndarray'>
NUMBERS 48000 3 1800 6
#### CHUNKS Y_C total_chunks: 300 chunk_size: 288000 <class 'list'> <class 'numpy.ndarray'>
#### HANNING Y_C total_chunks: 438 chunk_size first: 288000 chunk_size last: 288000 <class 'list'> <class 'numpy.ndarray'>
#### PARALLEL audio_indices
#### PARALLEL INDICES Y_C 438 10 [8.20153033e+04 2.79167459e+00 1.67526924e+01] 2.18
#### PARALLEL split_freq_band
#### PARALLEL SPLIT Y_C PER FREQUENCY 438 10 6000 [0.00013694 0.00013694 0.00013703] 1.797
#### TIMES #### DICT_VECTOR: 0.663
#### TIMES #### extraction TOTAL TOTAL ==>> 170.359
11 #### TIMES #### extraction #### PARTIAL FILE ==>> 13.328 seconds
12/57 ######## ################ ################ ########
12 #### EXTRACTION #### REGION: ==>> Plantation <<== DATA ==>> 2_10_PSA0189-2007.mp3
#### ORIGINAL Y_C 86400000 [0.00533111 0.00517434 0.00172102] <class 'numpy.ndarray'>
NUMBERS 48000 3 1800 6
#### CHUNKS Y_C total_chunks: 300 chunk_size: 288000 <class 'list'> <class 'numpy.ndarray'>
#### HANNING Y_C total_chunks: 438 chunk_size first: 288000 chunk_size last: 288000 <class 'list'> <class 'numpy.ndarray'>
#### PARALLEL audio_indices
#### PARALLEL INDICES Y_C 438 10 [8.03600839e+04 2.70430300e+00 2.11042536e+01] 2.09
#### PARALLEL split_freq_band
#### PARALLEL SPLIT Y_C PER FREQUENCY 438 10 6000 [0.00019581 0.00019599 0.00019616] 1.724
#### TIMES #### DICT_VECTOR: 0.666
#### TIMES #### extraction TOTAL TOTAL ==>> 183.266
12 #### TIMES #### extraction #### PARTIAL FILE ==>> 12.885 seconds
13/57 ######## ################ ################ ########
13 #### EXTRACTION #### REGION: ==>> Plantation <<== DATA ==>> 2_09_PSA0096-2013.mp3
#### ORIGINAL Y_C 86400000 [ 0.00498617  0.00343108 -0.00189297] <class 'numpy.ndarray'>
NUMBERS 48000 3 1800 6
#### CHUNKS Y_C total_chunks: 300 chunk_size: 288000 <class 'list'> <class 'numpy.ndarray'>
#### HANNING Y_C total_chunks: 438 chunk_size first: 288000 chunk_size last: 288000 <class 'list'> <class 'numpy.ndarray'>
#### PARALLEL audio_indices
#### PARALLEL INDICES Y_C 438 10 [8.11752606e+04 2.75600508e+00 1.93440142e+01] 2.12
#### PARALLEL split_freq_band
#### PARALLEL SPLIT Y_C PER FREQUENCY 438 10 6000 [-0.00015411 -0.0001542  -0.00015426] 1.675
#### TIMES #### DICT_VECTOR: 0.654
#### TIMES #### extraction TOTAL TOTAL ==>> 196.073
13 #### TIMES #### extraction #### PARTIAL FILE ==>> 12.794 seconds
14/57 ######## ################ ################ ########
14 #### EXTRACTION #### REGION: ==>> Plantation <<== DATA ==>> 2_08_PSA0095-2013.mp3
#### ORIGINAL Y_C 86400000 [0.00298895 0.00214917 0.00167097] <class 'numpy.ndarray'>
NUMBERS 48000 3 1800 6
#### CHUNKS Y_C total_chunks: 300 chunk_size: 288000 <class 'list'> <class 'numpy.ndarray'>
#### HANNING Y_C total_chunks: 438 chunk_size first: 288000 chunk_size last: 288000 <class 'list'> <class 'numpy.ndarray'>
#### PARALLEL audio_indices
#### PARALLEL INDICES Y_C 438 10 [7.99828970e+04 1.30303646e+00 1.39403677e+01] 2.12
#### PARALLEL split_freq_band
#### PARALLEL SPLIT Y_C PER FREQUENCY 438 10 6000 [0.00013336 0.00013345 0.0001335 ] 1.552
#### TIMES #### DICT_VECTOR: 0.807
#### TIMES #### extraction TOTAL TOTAL ==>> 209.114
14 #### TIMES #### extraction #### PARTIAL FILE ==>> 13.033 seconds
15/57 ######## ################ ################ ########
15 #### EXTRACTION #### REGION: ==>> Plantation <<== DATA ==>> 2_06_PSA0087-2013.mp3
#### ORIGINAL Y_C 86400000 [-0.0014093  -0.00103954 -0.00105862] <class 'numpy.ndarray'>
NUMBERS 48000 3 1800 6
#### CHUNKS Y_C total_chunks: 300 chunk_size: 288000 <class 'list'> <class 'numpy.ndarray'>
#### HANNING Y_C total_chunks: 438 chunk_size first: 288000 chunk_size last: 288000 <class 'list'> <class 'numpy.ndarray'>
#### PARALLEL audio_indices
#### PARALLEL INDICES Y_C 438 10 [8.13032683e+04 2.80712885e+00 1.72499600e+01] 2.12
#### PARALLEL split_freq_band
#### PARALLEL SPLIT Y_C PER FREQUENCY 438 10 6000 [-5.50911413e-05 -5.51743194e-05 -5.52160209e-05] 1.648
#### TIMES #### DICT_VECTOR: 0.664
#### TIMES #### extraction TOTAL TOTAL ==>> 221.939
15 #### TIMES #### extraction #### PARTIAL FILE ==>> 12.802 seconds
16/57 ######## ################ ################ ########
16 #### EXTRACTION #### REGION: ==>> Plantation <<== DATA ==>> 2_21_PSA0429-2012.mp3
#### ORIGINAL Y_C 86400000 [0.0015737  0.00132185 0.00142273] <class 'numpy.ndarray'>
NUMBERS 48000 3 1800 6
#### CHUNKS Y_C total_chunks: 300 chunk_size: 288000 <class 'list'> <class 'numpy.ndarray'>
#### HANNING Y_C total_chunks: 438 chunk_size first: 288000 chunk_size last: 288000 <class 'list'> <class 'numpy.ndarray'>
#### PARALLEL audio_indices
#### PARALLEL INDICES Y_C 438 10 [8.11177413e+04 2.79132388e+00 1.13399352e+01] 2.13
#### PARALLEL split_freq_band
#### PARALLEL SPLIT Y_C PER FREQUENCY 438 10 6000 [-3.35320014e-05 -3.35748083e-05 -3.36588616e-05] 1.545
#### TIMES #### DICT_VECTOR: 0.669
#### TIMES #### extraction TOTAL TOTAL ==>> 234.602
16 #### TIMES #### extraction #### PARTIAL FILE ==>> 12.653 seconds
17/57 ######## ################ ################ ########
17 #### EXTRACTION #### REGION: ==>> Plantation <<== DATA ==>> 2_11_PSA0192-2009.mp3
#### ORIGINAL Y_C 86400000 [ 1.5078523e-03 -4.8705522e-05 -2.4045832e-03] <class 'numpy.ndarray'>
NUMBERS 48000 3 1800 6
#### CHUNKS Y_C total_chunks: 300 chunk_size: 288000 <class 'list'> <class 'numpy.ndarray'>
#### HANNING Y_C total_chunks: 438 chunk_size first: 288000 chunk_size last: 288000 <class 'list'> <class 'numpy.ndarray'>
#### PARALLEL audio_indices
#### PARALLEL INDICES Y_C 438 10 [8.22686771e+04 2.80033218e+00 1.84088532e+01] 2.1
#### PARALLEL split_freq_band
#### PARALLEL SPLIT Y_C PER FREQUENCY 438 10 6000 [-0.00017312 -0.00017306 -0.000173  ] 1.386
#### TIMES #### DICT_VECTOR: 0.627
#### TIMES #### extraction TOTAL TOTAL ==>> 246.8
17 #### TIMES #### extraction #### PARTIAL FILE ==>> 12.179 seconds
18/57 ######## ################ ################ ########
18 #### EXTRACTION #### REGION: ==>> Plantation <<== DATA ==>> 2_01_PSA0022-2015.mp3
#### ORIGINAL Y_C 86400000 [-0.00544647 -0.00827495 -0.00738019] <class 'numpy.ndarray'>
NUMBERS 48000 3 1800 6
#### CHUNKS Y_C total_chunks: 300 chunk_size: 288000 <class 'list'> <class 'numpy.ndarray'>
#### HANNING Y_C total_chunks: 438 chunk_size first: 288000 chunk_size last: 288000 <class 'list'> <class 'numpy.ndarray'>
#### PARALLEL audio_indices
#### PARALLEL INDICES Y_C 438 10 [8.11560358e+04 2.77017626e+00 2.58979147e+01] 2.11
#### PARALLEL split_freq_band
#### PARALLEL SPLIT Y_C PER FREQUENCY 438 10 6000 [0.00014755 0.00014741 0.00014724] 1.521
#### TIMES #### DICT_VECTOR: 0.662
#### TIMES #### extraction TOTAL TOTAL ==>> 259.51
18 #### TIMES #### extraction #### PARTIAL FILE ==>> 12.703 seconds
19/57 ######## ################ ################ ########
19 #### EXTRACTION #### REGION: ==>> Plantation <<== DATA ==>> 2_04_PSA0078-2013.mp3
#### ORIGINAL Y_C 86400000 [ 0.00496935  0.00223682 -0.00015433] <class 'numpy.ndarray'>
NUMBERS 48000 3 1800 6
#### CHUNKS Y_C total_chunks: 300 chunk_size: 288000 <class 'list'> <class 'numpy.ndarray'>
#### HANNING Y_C total_chunks: 438 chunk_size first: 288000 chunk_size last: 288000 <class 'list'> <class 'numpy.ndarray'>
#### PARALLEL audio_indices
#### PARALLEL INDICES Y_C 438 10 [8.00328882e+04 2.77679249e+00 1.98988954e+01] 2.09
#### PARALLEL split_freq_band
#### PARALLEL SPLIT Y_C PER FREQUENCY 438 10 6000 [-7.85365620e-05 -7.84753553e-05 -7.84647280e-05] 1.669
#### TIMES #### DICT_VECTOR: 0.648
#### TIMES #### extraction TOTAL TOTAL ==>> 272.303
19 #### TIMES #### extraction #### PARTIAL FILE ==>> 12.769 seconds
20/57 ######## ################ ################ ########
20 #### EXTRACTION #### REGION: ==>> Plantation <<== DATA ==>> 2_02_PSA0077-2013.mp3
#### ORIGINAL Y_C 86400000 [-0.00433627 -0.00495441 -0.00197762] <class 'numpy.ndarray'>
NUMBERS 48000 3 1800 6
#### CHUNKS Y_C total_chunks: 300 chunk_size: 288000 <class 'list'> <class 'numpy.ndarray'>
#### HANNING Y_C total_chunks: 438 chunk_size first: 288000 chunk_size last: 288000 <class 'list'> <class 'numpy.ndarray'>
#### PARALLEL audio_indices
#### PARALLEL INDICES Y_C 438 10 [8.13654976e+04 2.80631887e+00 1.38074848e+01] 2.11
#### PARALLEL split_freq_band
#### PARALLEL SPLIT Y_C PER FREQUENCY 438 10 6000 [7.20011570e-05 7.20351426e-05 7.20862974e-05] 1.586
#### TIMES #### DICT_VECTOR: 0.676
#### TIMES #### extraction TOTAL TOTAL ==>> 285.188
20 #### TIMES #### extraction #### PARTIAL FILE ==>> 12.879 seconds
21/57 ######## ################ ################ ########
21 #### EXTRACTION #### REGION: ==>> Plantation <<== DATA ==>> 2_12_PSA0254-2011.mp3
#### ORIGINAL Y_C 86400000 [ 0.00175081 -0.00323589 -0.00785828] <class 'numpy.ndarray'>
NUMBERS 48000 3 1800 6
#### CHUNKS Y_C total_chunks: 300 chunk_size: 288000 <class 'list'> <class 'numpy.ndarray'>
#### HANNING Y_C total_chunks: 438 chunk_size first: 288000 chunk_size last: 288000 <class 'list'> <class 'numpy.ndarray'>
#### PARALLEL audio_indices
#### PARALLEL INDICES Y_C 438 10 [7.94107558e+04 2.70242421e+00 2.47214951e+01] 2.09
#### PARALLEL split_freq_band
#### PARALLEL SPLIT Y_C PER FREQUENCY 438 10 6000 [-6.53425712e-05 -6.52289245e-05 -6.50755726e-05] 1.659
#### TIMES #### DICT_VECTOR: 0.668
#### TIMES #### extraction TOTAL TOTAL ==>> 298.084
21 #### TIMES #### extraction #### PARTIAL FILE ==>> 12.872 seconds
22/57 ######## ################ ################ ########
22 #### EXTRACTION #### REGION: ==>> Pasture <<== DATA ==>> 3_01_Pasture11.mp3
#### ORIGINAL Y_C 86400000 [-0.00078479 -0.00208717  0.00041018] <class 'numpy.ndarray'>
NUMBERS 48000 3 1800 6
#### CHUNKS Y_C total_chunks: 300 chunk_size: 288000 <class 'list'> <class 'numpy.ndarray'>
#### HANNING Y_C total_chunks: 438 chunk_size first: 288000 chunk_size last: 288000 <class 'list'> <class 'numpy.ndarray'>
#### PARALLEL audio_indices
#### PARALLEL INDICES Y_C 438 10 [8.14229305e+04 2.79843102e+00 8.32238657e+00] 2.13
#### PARALLEL split_freq_band
#### PARALLEL SPLIT Y_C PER FREQUENCY 438 10 6000 [2.79767209e-05 2.79233788e-05 2.78858736e-05] 1.546
#### TIMES #### DICT_VECTOR: 0.675
#### TIMES #### extraction TOTAL TOTAL ==>> 310.963
22 #### TIMES #### extraction #### PARTIAL FILE ==>> 12.873 seconds
23/57 ######## ################ ################ ########
23 #### EXTRACTION #### REGION: ==>> Pasture <<== DATA ==>> 3_09_Pasture8.mp3
#### ORIGINAL Y_C 86400000 [ 0.00261545 -0.00092412 -0.0060214 ] <class 'numpy.ndarray'>
NUMBERS 48000 3 1800 6
#### CHUNKS Y_C total_chunks: 300 chunk_size: 288000 <class 'list'> <class 'numpy.ndarray'>
#### HANNING Y_C total_chunks: 438 chunk_size first: 288000 chunk_size last: 288000 <class 'list'> <class 'numpy.ndarray'>
#### PARALLEL audio_indices
#### PARALLEL INDICES Y_C 438 10 [8.15731696e+04 2.75489208e+00 2.96999119e+01] 2.09
#### PARALLEL split_freq_band
#### PARALLEL SPLIT Y_C PER FREQUENCY 438 10 6000 [-0.00017837 -0.00017835 -0.00017832] 1.637
#### TIMES #### DICT_VECTOR: 0.66
#### TIMES #### extraction TOTAL TOTAL ==>> 323.855
23 #### TIMES #### extraction #### PARTIAL FILE ==>> 12.867 seconds
24/57 ######## ################ ################ ########
24 #### EXTRACTION #### REGION: ==>> Pasture <<== DATA ==>> 3_06_Pasture5.mp3
#### ORIGINAL Y_C 86400000 [-0.00381287 -0.0027278   0.00032075] <class 'numpy.ndarray'>
NUMBERS 48000 3 1800 6
#### CHUNKS Y_C total_chunks: 300 chunk_size: 288000 <class 'list'> <class 'numpy.ndarray'>
#### HANNING Y_C total_chunks: 438 chunk_size first: 288000 chunk_size last: 288000 <class 'list'> <class 'numpy.ndarray'>
#### PARALLEL audio_indices
#### PARALLEL INDICES Y_C 438 10 [8.02785399e+04 2.72521597e+00 2.69886821e+01] 2.12
#### PARALLEL split_freq_band
#### PARALLEL SPLIT Y_C PER FREQUENCY 438 10 6000 [0.00010016 0.00010036 0.00010064] 1.63
#### TIMES #### DICT_VECTOR: 0.674
#### TIMES #### extraction TOTAL TOTAL ==>> 336.937
24 #### TIMES #### extraction #### PARTIAL FILE ==>> 13.067 seconds
25/57 ######## ################ ################ ########
25 #### EXTRACTION #### REGION: ==>> Pasture <<== DATA ==>> 3_08_Pasture6.mp3
#### ORIGINAL Y_C 86400000 [-0.00626647 -0.00417781  0.00088   ] <class 'numpy.ndarray'>
NUMBERS 48000 3 1800 6
#### CHUNKS Y_C total_chunks: 300 chunk_size: 288000 <class 'list'> <class 'numpy.ndarray'>
#### HANNING Y_C total_chunks: 438 chunk_size first: 288000 chunk_size last: 288000 <class 'list'> <class 'numpy.ndarray'>
#### PARALLEL audio_indices
#### PARALLEL INDICES Y_C 438 10 [8.14104925e+04 2.77398111e+00 2.02907983e+01] 2.1
#### PARALLEL split_freq_band
#### PARALLEL SPLIT Y_C PER FREQUENCY 438 10 6000 [-0.0002352  -0.00023513 -0.00023505] 1.659
#### TIMES #### DICT_VECTOR: 0.666
#### TIMES #### extraction TOTAL TOTAL ==>> 350.008
25 #### TIMES #### extraction #### PARTIAL FILE ==>> 13.047 seconds
26/57 ######## ################ ################ ########
26 #### EXTRACTION #### REGION: ==>> Pasture <<== DATA ==>> 3_07_Pasture5.mp3
#### ORIGINAL Y_C 86400000 [-0.00381287 -0.0027278   0.00032075] <class 'numpy.ndarray'>
NUMBERS 48000 3 1800 6
#### CHUNKS Y_C total_chunks: 300 chunk_size: 288000 <class 'list'> <class 'numpy.ndarray'>
#### HANNING Y_C total_chunks: 438 chunk_size first: 288000 chunk_size last: 288000 <class 'list'> <class 'numpy.ndarray'>
#### PARALLEL audio_indices
#### PARALLEL INDICES Y_C 438 10 [8.02785399e+04 2.72521597e+00 2.69886821e+01] 2.16
#### PARALLEL split_freq_band
#### PARALLEL SPLIT Y_C PER FREQUENCY 438 10 6000 [0.00010016 0.00010036 0.00010064] 1.913
#### TIMES #### DICT_VECTOR: 0.67
#### TIMES #### extraction TOTAL TOTAL ==>> 363.349
26 #### TIMES #### extraction #### PARTIAL FILE ==>> 13.322 seconds
27/57 ######## ################ ################ ########
27 #### EXTRACTION #### REGION: ==>> Pasture <<== DATA ==>> 3_05_Pasture4.mp3
#### ORIGINAL Y_C 86400000 [ 0.0057366  -0.00273573 -0.0150972 ] <class 'numpy.ndarray'>
NUMBERS 48000 3 1800 6
#### CHUNKS Y_C total_chunks: 300 chunk_size: 288000 <class 'list'> <class 'numpy.ndarray'>
#### HANNING Y_C total_chunks: 438 chunk_size first: 288000 chunk_size last: 288000 <class 'list'> <class 'numpy.ndarray'>
#### PARALLEL audio_indices
#### PARALLEL INDICES Y_C 438 10 [8.03850130e+04 2.71764302e+00 6.44655124e+01] 2.1
#### PARALLEL split_freq_band
#### PARALLEL SPLIT Y_C PER FREQUENCY 438 10 6000 [0.00015174 0.00015176 0.00015185] 1.854
#### TIMES #### DICT_VECTOR: 0.658
#### TIMES #### extraction TOTAL TOTAL ==>> 376.726
27 #### TIMES #### extraction #### PARTIAL FILE ==>> 13.364 seconds
28/57 ######## ################ ################ ########
28 #### EXTRACTION #### REGION: ==>> Pasture <<== DATA ==>> 3_00_Pasture10.mp3
#### ORIGINAL Y_C 86400000 [0.00365036 0.0032973  0.00126399] <class 'numpy.ndarray'>
NUMBERS 48000 3 1800 6
#### CHUNKS Y_C total_chunks: 300 chunk_size: 288000 <class 'list'> <class 'numpy.ndarray'>
#### HANNING Y_C total_chunks: 438 chunk_size first: 288000 chunk_size last: 288000 <class 'list'> <class 'numpy.ndarray'>
#### PARALLEL audio_indices
#### PARALLEL INDICES Y_C 438 10 [8.30049993e+04 2.79728035e+00 1.76585800e+01] 2.1
#### PARALLEL split_freq_band
#### PARALLEL SPLIT Y_C PER FREQUENCY 438 10 6000 [1.44286371e-05 1.44390026e-05 1.44900151e-05] 1.874
#### TIMES #### DICT_VECTOR: 0.705
#### TIMES #### extraction TOTAL TOTAL ==>> 390.199
28 #### TIMES #### extraction #### PARTIAL FILE ==>> 13.464 seconds
29/57 ######## ################ ################ ########
29 #### EXTRACTION #### REGION: ==>> Pasture <<== DATA ==>> 3_03_Pasture2.mp3
#### ORIGINAL Y_C 86400000 [-0.006425   -0.00607684 -0.00163868] <class 'numpy.ndarray'>
NUMBERS 48000 3 1800 6
#### CHUNKS Y_C total_chunks: 300 chunk_size: 288000 <class 'list'> <class 'numpy.ndarray'>
#### HANNING Y_C total_chunks: 438 chunk_size first: 288000 chunk_size last: 288000 <class 'list'> <class 'numpy.ndarray'>
#### PARALLEL audio_indices
#### PARALLEL INDICES Y_C 438 10 [8.21331745e+04 2.76269750e+00 2.88486049e+01] 2.15
#### PARALLEL split_freq_band
#### PARALLEL SPLIT Y_C PER FREQUENCY 438 10 6000 [0.00014044 0.00014044 0.00014047] 2.04
#### TIMES #### DICT_VECTOR: 0.671
#### TIMES #### extraction TOTAL TOTAL ==>> 403.746
29 #### TIMES #### extraction #### PARTIAL FILE ==>> 13.533 seconds
30/57 ######## ################ ################ ########
30 #### EXTRACTION #### REGION: ==>> Pasture <<== DATA ==>> 3_10_Pasture9.mp3
#### ORIGINAL Y_C 86400000 [-0.00402293  0.00018895  0.00486967] <class 'numpy.ndarray'>
NUMBERS 48000 3 1800 6
#### CHUNKS Y_C total_chunks: 300 chunk_size: 288000 <class 'list'> <class 'numpy.ndarray'>
#### HANNING Y_C total_chunks: 438 chunk_size first: 288000 chunk_size last: 288000 <class 'list'> <class 'numpy.ndarray'>
#### PARALLEL audio_indices
#### PARALLEL INDICES Y_C 438 10 [8.25364037e+04 2.77417097e+00 2.45550665e+01] 2.16
#### PARALLEL split_freq_band
#### PARALLEL SPLIT Y_C PER FREQUENCY 438 10 6000 [6.96834594e-05 6.96369981e-05 6.95915154e-05] 1.695
#### TIMES #### DICT_VECTOR: 0.665
#### TIMES #### extraction TOTAL TOTAL ==>> 416.763
30 #### TIMES #### extraction #### PARTIAL FILE ==>> 12.995 seconds
31/57 ######## ################ ################ ########
31 #### EXTRACTION #### REGION: ==>> Pasture <<== DATA ==>> 3_04_Pasture3.mp3
#### ORIGINAL Y_C 86400000 [-0.01645248 -0.00066915 -0.01571613] <class 'numpy.ndarray'>
NUMBERS 48000 3 1800 6
#### CHUNKS Y_C total_chunks: 300 chunk_size: 288000 <class 'list'> <class 'numpy.ndarray'>
#### HANNING Y_C total_chunks: 438 chunk_size first: 288000 chunk_size last: 288000 <class 'list'> <class 'numpy.ndarray'>
#### PARALLEL audio_indices
#### PARALLEL INDICES Y_C 438 10 [8.18635228e+04 2.77859757e+00 2.67480206e+01] 2.15
#### PARALLEL split_freq_band
#### PARALLEL SPLIT Y_C PER FREQUENCY 438 10 6000 [0.00020298 0.00020301 0.00020334] 1.517
#### TIMES #### DICT_VECTOR: 0.672
#### TIMES #### extraction TOTAL TOTAL ==>> 429.442
31 #### TIMES #### extraction #### PARTIAL FILE ==>> 12.655 seconds
32/57 ######## ################ ################ ########
32 #### EXTRACTION #### REGION: ==>> Pasture <<== DATA ==>> 3_02_Pasture12.mp3
#### ORIGINAL Y_C 86400000 [ 1.8349340e-03 -3.3504126e-05 -4.4894009e-04] <class 'numpy.ndarray'>
NUMBERS 48000 3 1800 6
#### CHUNKS Y_C total_chunks: 300 chunk_size: 288000 <class 'list'> <class 'numpy.ndarray'>
#### HANNING Y_C total_chunks: 438 chunk_size first: 288000 chunk_size last: 288000 <class 'list'> <class 'numpy.ndarray'>
#### PARALLEL audio_indices
#### PARALLEL INDICES Y_C 438 10 [8.24848652e+04 2.76638881e+00 1.88927320e+01] 2.1
#### PARALLEL split_freq_band
#### PARALLEL SPLIT Y_C PER FREQUENCY 438 10 6000 [1.23375599e-05 1.22271596e-05 1.21638978e-05] 1.453
#### TIMES #### DICT_VECTOR: 0.694
#### TIMES #### extraction TOTAL TOTAL ==>> 442.368
32 #### TIMES #### extraction #### PARTIAL FILE ==>> 12.92 seconds
33/57 ######## ################ ################ ########
33 #### EXTRACTION #### REGION: ==>> NaturalRegeneration <<== DATA ==>> 1_01_PSA0009-2018.mp3
#### ORIGINAL Y_C 86400000 [-0.00073008 -0.00149818 -0.00137381] <class 'numpy.ndarray'>
NUMBERS 48000 3 1800 6
#### CHUNKS Y_C total_chunks: 300 chunk_size: 288000 <class 'list'> <class 'numpy.ndarray'>
#### HANNING Y_C total_chunks: 438 chunk_size first: 288000 chunk_size last: 288000 <class 'list'> <class 'numpy.ndarray'>
#### PARALLEL audio_indices
#### PARALLEL INDICES Y_C 438 10 [8.09669435e+04 2.75832353e+00 1.15150702e+01] 2.11
#### PARALLEL split_freq_band
#### PARALLEL SPLIT Y_C PER FREQUENCY 438 10 6000 [9.78970998e-05 9.79649478e-05 9.80414946e-05] 1.616
#### TIMES #### DICT_VECTOR: 0.682
#### TIMES #### extraction TOTAL TOTAL ==>> 455.637
33 #### TIMES #### extraction #### PARTIAL FILE ==>> 13.254 seconds
34/57 ######## ################ ################ ########
34 #### EXTRACTION #### REGION: ==>> NaturalRegeneration <<== DATA ==>> 1_05_PSA0074-2020.mp3
#### ORIGINAL Y_C 86400000 [-0.00413486 -0.00270978 -0.00017886] <class 'numpy.ndarray'>
NUMBERS 48000 3 1800 6
#### CHUNKS Y_C total_chunks: 300 chunk_size: 288000 <class 'list'> <class 'numpy.ndarray'>
#### HANNING Y_C total_chunks: 438 chunk_size first: 288000 chunk_size last: 288000 <class 'list'> <class 'numpy.ndarray'>
#### PARALLEL audio_indices
#### PARALLEL INDICES Y_C 438 10 [8.12084495e+04 2.78805467e+00 1.87470692e+01] 2.11
#### PARALLEL split_freq_band
#### PARALLEL SPLIT Y_C PER FREQUENCY 438 10 6000 [0.00011643 0.00011653 0.00011663] 1.866
#### TIMES #### DICT_VECTOR: 0.674
#### TIMES #### extraction TOTAL TOTAL ==>> 469.0
34 #### TIMES #### extraction #### PARTIAL FILE ==>> 13.342 seconds
35/57 ######## ################ ################ ########
35 #### EXTRACTION #### REGION: ==>> NaturalRegeneration <<== DATA ==>> 1_13_PSA0165-2021.mp3
#### ORIGINAL Y_C 86400000 [0.00119434 0.0014703  0.00074433] <class 'numpy.ndarray'>
NUMBERS 48000 3 1800 6
#### CHUNKS Y_C total_chunks: 300 chunk_size: 288000 <class 'list'> <class 'numpy.ndarray'>
#### HANNING Y_C total_chunks: 438 chunk_size first: 288000 chunk_size last: 288000 <class 'list'> <class 'numpy.ndarray'>
#### PARALLEL audio_indices
#### PARALLEL INDICES Y_C 438 10 [8.10464161e+04 2.80802529e+00 1.07914297e+01] 2.13
#### PARALLEL split_freq_band
#### PARALLEL SPLIT Y_C PER FREQUENCY 438 10 6000 [0.00019449 0.00019434 0.0001943 ] 1.823
#### TIMES #### DICT_VECTOR: 0.656
#### TIMES #### extraction TOTAL TOTAL ==>> 482.189
35 #### TIMES #### extraction #### PARTIAL FILE ==>> 13.175 seconds
36/57 ######## ################ ################ ########
36 #### EXTRACTION #### REGION: ==>> NaturalRegeneration <<== DATA ==>> 1_17_PSA0193-2013.mp3
#### ORIGINAL Y_C 86400000 [-9.4229414e-05  6.7900686e-04  2.5894905e-03] <class 'numpy.ndarray'>
NUMBERS 48000 3 1800 6
#### CHUNKS Y_C total_chunks: 300 chunk_size: 288000 <class 'list'> <class 'numpy.ndarray'>
#### HANNING Y_C total_chunks: 438 chunk_size first: 288000 chunk_size last: 288000 <class 'list'> <class 'numpy.ndarray'>
#### PARALLEL audio_indices
#### PARALLEL INDICES Y_C 438 10 [8.16470371e+04 2.78180999e+00 1.25725409e+01] 2.15
#### PARALLEL split_freq_band
#### PARALLEL SPLIT Y_C PER FREQUENCY 438 10 6000 [-2.83379564e-05 -2.83337683e-05 -2.83261617e-05] 1.648
#### TIMES #### DICT_VECTOR: 0.709
#### TIMES #### extraction TOTAL TOTAL ==>> 495.186
36 #### TIMES #### extraction #### PARTIAL FILE ==>> 12.981 seconds
37/57 ######## ################ ################ ########
37 #### EXTRACTION #### REGION: ==>> NaturalRegeneration <<== DATA ==>> 1_12_PSA0161-2016.mp3
#### ORIGINAL Y_C 86400000 [0.00123108 0.00094246 0.00163549] <class 'numpy.ndarray'>
NUMBERS 48000 3 1800 6
#### CHUNKS Y_C total_chunks: 300 chunk_size: 288000 <class 'list'> <class 'numpy.ndarray'>
#### HANNING Y_C total_chunks: 438 chunk_size first: 288000 chunk_size last: 288000 <class 'list'> <class 'numpy.ndarray'>
#### PARALLEL audio_indices
#### PARALLEL INDICES Y_C 438 10 [8.13366760e+04 2.73967310e+00 2.17359192e+01] 2.14
#### PARALLEL split_freq_band
#### PARALLEL SPLIT Y_C PER FREQUENCY 438 10 6000 [3.29290180e-07 2.87939954e-07 2.31053899e-07] 1.64
#### TIMES #### DICT_VECTOR: 0.697
#### TIMES #### extraction TOTAL TOTAL ==>> 508.292
37 #### TIMES #### extraction #### PARTIAL FILE ==>> 13.094 seconds
38/57 ######## ################ ################ ########
38 #### EXTRACTION #### REGION: ==>> NaturalRegeneration <<== DATA ==>> 1_16_PSA0183-2017.mp3
#### ORIGINAL Y_C 86400000 [ 9.8261726e-04 -3.2066222e-05 -2.3561085e-03] <class 'numpy.ndarray'>
NUMBERS 48000 3 1800 6
#### CHUNKS Y_C total_chunks: 300 chunk_size: 288000 <class 'list'> <class 'numpy.ndarray'>
#### HANNING Y_C total_chunks: 438 chunk_size first: 288000 chunk_size last: 288000 <class 'list'> <class 'numpy.ndarray'>
#### PARALLEL audio_indices
#### PARALLEL INDICES Y_C 438 10 [8.16916737e+04 2.79153620e+00 2.34824322e+01] 2.15
#### PARALLEL split_freq_band
#### PARALLEL SPLIT Y_C PER FREQUENCY 438 10 6000 [0.00014041 0.00014048 0.00014061] 1.994
#### TIMES #### DICT_VECTOR: 0.652
#### TIMES #### extraction TOTAL TOTAL ==>> 521.705
38 #### TIMES #### extraction #### PARTIAL FILE ==>> 13.39 seconds
39/57 ######## ################ ################ ########
39 #### EXTRACTION #### REGION: ==>> NaturalRegeneration <<== DATA ==>> 1_03_PSA0042-2017.mp3
#### ORIGINAL Y_C 86400000 [-0.00364023 -0.00125221  0.00192867] <class 'numpy.ndarray'>
NUMBERS 48000 3 1800 6
#### CHUNKS Y_C total_chunks: 300 chunk_size: 288000 <class 'list'> <class 'numpy.ndarray'>
#### HANNING Y_C total_chunks: 438 chunk_size first: 288000 chunk_size last: 288000 <class 'list'> <class 'numpy.ndarray'>
#### PARALLEL audio_indices
#### PARALLEL INDICES Y_C 438 10 [8.18564647e+04 2.79024159e+00 2.25943071e+01] 2.12
#### PARALLEL split_freq_band
#### PARALLEL SPLIT Y_C PER FREQUENCY 438 10 6000 [-1.57715078e-05 -1.56956794e-05 -1.55887211e-05] 2.028
#### TIMES #### DICT_VECTOR: 0.685
#### TIMES #### extraction TOTAL TOTAL ==>> 535.128
39 #### TIMES #### extraction #### PARTIAL FILE ==>> 13.418 seconds
40/57 ######## ################ ################ ########
40 #### EXTRACTION #### REGION: ==>> NaturalRegeneration <<== DATA ==>> 1_10_PSA0152-2013.mp3
#### ORIGINAL Y_C 86400000 [-0.00159034 -0.00288069  0.00053162] <class 'numpy.ndarray'>
NUMBERS 48000 3 1800 6
#### CHUNKS Y_C total_chunks: 300 chunk_size: 288000 <class 'list'> <class 'numpy.ndarray'>
#### HANNING Y_C total_chunks: 438 chunk_size first: 288000 chunk_size last: 288000 <class 'list'> <class 'numpy.ndarray'>
#### PARALLEL audio_indices
#### PARALLEL INDICES Y_C 438 10 [7.92384380e+04 2.71317028e+00 1.72268631e+01] 2.19
#### PARALLEL split_freq_band
#### PARALLEL SPLIT Y_C PER FREQUENCY 438 10 6000 [-0.00036083 -0.00036086 -0.00036091] 1.99
#### TIMES #### DICT_VECTOR: 0.67
#### TIMES #### extraction TOTAL TOTAL ==>> 548.862
40 #### TIMES #### extraction #### PARTIAL FILE ==>> 13.713 seconds
41/57 ######## ################ ################ ########
41 #### EXTRACTION #### REGION: ==>> NaturalRegeneration <<== DATA ==>> 1_00_PSA0004-2017.mp3
#### ORIGINAL Y_C 86400000 [0.00143449 0.00246392 0.0014561 ] <class 'numpy.ndarray'>
NUMBERS 48000 3 1800 6
#### CHUNKS Y_C total_chunks: 300 chunk_size: 288000 <class 'list'> <class 'numpy.ndarray'>
#### HANNING Y_C total_chunks: 438 chunk_size first: 288000 chunk_size last: 288000 <class 'list'> <class 'numpy.ndarray'>
#### PARALLEL audio_indices
#### PARALLEL INDICES Y_C 438 10 [8.17948981e+04 2.81588544e+00 1.78468035e+01] 2.12
#### PARALLEL split_freq_band
#### PARALLEL SPLIT Y_C PER FREQUENCY 438 10 6000 [5.51861221e-05 5.52159023e-05 5.52691420e-05] 2.052
#### TIMES #### DICT_VECTOR: 0.699
#### TIMES #### extraction TOTAL TOTAL ==>> 562.595
41 #### TIMES #### extraction #### PARTIAL FILE ==>> 13.722 seconds
42/57 ######## ################ ################ ########
42 #### EXTRACTION #### REGION: ==>> NaturalRegeneration <<== DATA ==>> 1_09_PSA0151-2016.mp3
#### ORIGINAL Y_C 86400000 [0.00065332 0.00187297 0.00339934] <class 'numpy.ndarray'>
NUMBERS 48000 3 1800 6
#### CHUNKS Y_C total_chunks: 300 chunk_size: 288000 <class 'list'> <class 'numpy.ndarray'>
#### HANNING Y_C total_chunks: 438 chunk_size first: 288000 chunk_size last: 288000 <class 'list'> <class 'numpy.ndarray'>
#### PARALLEL audio_indices
#### PARALLEL INDICES Y_C 438 10 [8.12851693e+04 2.81553300e+00 8.41445507e+00] 2.13
#### PARALLEL split_freq_band
#### PARALLEL SPLIT Y_C PER FREQUENCY 438 10 6000 [1.63533649e-05 1.63581570e-05 1.63973589e-05] 1.856
#### TIMES #### DICT_VECTOR: 0.705
#### TIMES #### extraction TOTAL TOTAL ==>> 575.971
42 #### TIMES #### extraction #### PARTIAL FILE ==>> 13.354 seconds
43/57 ######## ################ ################ ########
43 #### EXTRACTION #### REGION: ==>> NaturalRegeneration <<== DATA ==>> 1_04_PSA0051-2018.mp3
#### ORIGINAL Y_C 86400000 [-0.00055183  0.00105216  0.00203149] <class 'numpy.ndarray'>
NUMBERS 48000 3 1800 6
#### CHUNKS Y_C total_chunks: 300 chunk_size: 288000 <class 'list'> <class 'numpy.ndarray'>
#### HANNING Y_C total_chunks: 438 chunk_size first: 288000 chunk_size last: 288000 <class 'list'> <class 'numpy.ndarray'>
#### PARALLEL audio_indices
#### PARALLEL INDICES Y_C 438 10 [7.91175057e+04 2.73858458e+00 6.82841325e+00] 2.12
#### PARALLEL split_freq_band
#### PARALLEL SPLIT Y_C PER FREQUENCY 438 10 6000 [6.70890236e-05 6.71847252e-05 6.73006653e-05] 1.829
#### TIMES #### DICT_VECTOR: 0.694
#### TIMES #### extraction TOTAL TOTAL ==>> 589.089
43 #### TIMES #### extraction #### PARTIAL FILE ==>> 13.109 seconds
44/57 ######## ################ ################ ########
44 #### EXTRACTION #### REGION: ==>> NaturalRegeneration <<== DATA ==>> 1_15_PSA0179-2013.mp3
#### ORIGINAL Y_C 86400000 [-0.00528781 -0.0084039  -0.0109695 ] <class 'numpy.ndarray'>
NUMBERS 48000 3 1800 6
#### CHUNKS Y_C total_chunks: 300 chunk_size: 288000 <class 'list'> <class 'numpy.ndarray'>
#### HANNING Y_C total_chunks: 438 chunk_size first: 288000 chunk_size last: 288000 <class 'list'> <class 'numpy.ndarray'>
#### PARALLEL audio_indices
#### PARALLEL INDICES Y_C 438 10 [8.28225671e+04 2.74040901e+00 2.09006764e+01] 2.21
#### PARALLEL split_freq_band
#### PARALLEL SPLIT Y_C PER FREQUENCY 438 10 6000 [-2.32861787e-05 -2.32492460e-05 -2.32276051e-05] 1.805
#### TIMES #### DICT_VECTOR: 0.705
#### TIMES #### extraction TOTAL TOTAL ==>> 602.489
44 #### TIMES #### extraction #### PARTIAL FILE ==>> 13.381 seconds
45/57 ######## ################ ################ ########
45 #### EXTRACTION #### REGION: ==>> NaturalRegeneration <<== DATA ==>> 1_11_PSA0159-2020.mp3
#### ORIGINAL Y_C 86400000 [-0.00770338 -0.01029339 -0.00804883] <class 'numpy.ndarray'>
NUMBERS 48000 3 1800 6
#### CHUNKS Y_C total_chunks: 300 chunk_size: 288000 <class 'list'> <class 'numpy.ndarray'>
#### HANNING Y_C total_chunks: 438 chunk_size first: 288000 chunk_size last: 288000 <class 'list'> <class 'numpy.ndarray'>
#### PARALLEL audio_indices
#### PARALLEL INDICES Y_C 438 10 [8.09541085e+04 2.79950568e+00 1.35174437e+01] 2.13
#### PARALLEL split_freq_band
#### PARALLEL SPLIT Y_C PER FREQUENCY 438 10 6000 [0.00033797 0.00033793 0.00033801] 1.879
#### TIMES #### DICT_VECTOR: 0.683
#### TIMES #### extraction TOTAL TOTAL ==>> 615.848
45 #### TIMES #### extraction #### PARTIAL FILE ==>> 13.348 seconds
46/57 ######## ################ ################ ########
46 #### EXTRACTION #### REGION: ==>> NaturalRegeneration <<== DATA ==>> 1_18_PSA0341-2012.mp3
#### ORIGINAL Y_C 86400000 [0.00475994 0.00414117 0.00096587] <class 'numpy.ndarray'>
NUMBERS 48000 3 1800 6
#### CHUNKS Y_C total_chunks: 300 chunk_size: 288000 <class 'list'> <class 'numpy.ndarray'>
#### HANNING Y_C total_chunks: 438 chunk_size first: 288000 chunk_size last: 288000 <class 'list'> <class 'numpy.ndarray'>
#### PARALLEL audio_indices
#### PARALLEL INDICES Y_C 438 10 [8.17408606e+04 2.73480343e+00 1.71046641e+01] 2.11
#### PARALLEL split_freq_band
#### PARALLEL SPLIT Y_C PER FREQUENCY 438 10 6000 [-2.79190994e-05 -2.78972507e-05 -2.78352364e-05] 1.813
#### TIMES #### DICT_VECTOR: 0.672
#### TIMES #### extraction TOTAL TOTAL ==>> 629.063
46 #### TIMES #### extraction #### PARTIAL FILE ==>> 13.193 seconds
47/57 ######## ################ ################ ########
47 #### EXTRACTION #### REGION: ==>> NaturalRegeneration <<== DATA ==>> 1_19_PSA0418-2013.mp3
#### ORIGINAL Y_C 86400000 [-0.00126435 -0.00057605  0.00132228] <class 'numpy.ndarray'>
NUMBERS 48000 3 1800 6
#### CHUNKS Y_C total_chunks: 300 chunk_size: 288000 <class 'list'> <class 'numpy.ndarray'>
#### HANNING Y_C total_chunks: 438 chunk_size first: 288000 chunk_size last: 288000 <class 'list'> <class 'numpy.ndarray'>
#### PARALLEL audio_indices
#### PARALLEL INDICES Y_C 438 10 [8.06726132e+04 2.78800496e+00 1.91336541e+01] 2.14
#### PARALLEL split_freq_band
#### PARALLEL SPLIT Y_C PER FREQUENCY 438 10 6000 [-8.05220010e-06 -8.07542465e-06 -8.10661500e-06] 1.691
#### TIMES #### DICT_VECTOR: 0.71
#### TIMES #### extraction TOTAL TOTAL ==>> 642.113
47 #### TIMES #### extraction #### PARTIAL FILE ==>> 13.044 seconds
48/57 ######## ################ ################ ########
48 #### EXTRACTION #### REGION: ==>> NaturalRegeneration <<== DATA ==>> 1_08_PSA0132-2013.mp3
#### ORIGINAL Y_C 86400000 [0.00295693 0.00367725 0.00196132] <class 'numpy.ndarray'>
NUMBERS 48000 3 1800 6
#### CHUNKS Y_C total_chunks: 300 chunk_size: 288000 <class 'list'> <class 'numpy.ndarray'>
#### HANNING Y_C total_chunks: 438 chunk_size first: 288000 chunk_size last: 288000 <class 'list'> <class 'numpy.ndarray'>
#### PARALLEL audio_indices
#### PARALLEL INDICES Y_C 438 10 [7.98188990e+04 2.74653259e+00 2.04180654e+01] 2.24
#### PARALLEL split_freq_band
#### PARALLEL SPLIT Y_C PER FREQUENCY 438 10 6000 [-0.00022208 -0.00022202 -0.00022198] 1.955
#### TIMES #### DICT_VECTOR: 0.694
#### TIMES #### extraction TOTAL TOTAL ==>> 655.738
48 #### TIMES #### extraction #### PARTIAL FILE ==>> 13.606 seconds
49/57 ######## ################ ################ ########
49 #### EXTRACTION #### REGION: ==>> NaturalRegeneration <<== DATA ==>> 1_06_PSA0093-2018.mp3
#### ORIGINAL Y_C 86400000 [0.01301335 0.01457914 0.00164659] <class 'numpy.ndarray'>
NUMBERS 48000 3 1800 6
#### CHUNKS Y_C total_chunks: 300 chunk_size: 288000 <class 'list'> <class 'numpy.ndarray'>
#### HANNING Y_C total_chunks: 438 chunk_size first: 288000 chunk_size last: 288000 <class 'list'> <class 'numpy.ndarray'>
#### PARALLEL audio_indices
#### PARALLEL INDICES Y_C 438 10 [8.04890965e+04 2.73759903e+00 1.61367278e+01] 2.21
#### PARALLEL split_freq_band
#### PARALLEL SPLIT Y_C PER FREQUENCY 438 10 6000 [-5.32685711e-05 -5.33679421e-05 -5.34504441e-05] 1.736
#### TIMES #### DICT_VECTOR: 0.696
#### TIMES #### extraction TOTAL TOTAL ==>> 668.931
49 #### TIMES #### extraction #### PARTIAL FILE ==>> 13.174 seconds
50/57 ######## ################ ################ ########
50 #### EXTRACTION #### REGION: ==>> NaturalRegeneration <<== DATA ==>> 1_02_PSA0026-2020.mp3
#### ORIGINAL Y_C 86400000 [0.00536645 0.00867253 0.01128107] <class 'numpy.ndarray'>
NUMBERS 48000 3 1800 6
#### CHUNKS Y_C total_chunks: 300 chunk_size: 288000 <class 'list'> <class 'numpy.ndarray'>
#### HANNING Y_C total_chunks: 438 chunk_size first: 288000 chunk_size last: 288000 <class 'list'> <class 'numpy.ndarray'>
#### PARALLEL audio_indices
#### PARALLEL INDICES Y_C 438 10 [8.11857049e+04 2.74292265e+00 1.79831353e+01] 2.14
#### PARALLEL split_freq_band
#### PARALLEL SPLIT Y_C PER FREQUENCY 438 10 6000 [0.00026606 0.00026574 0.00026541] 1.962
#### TIMES #### DICT_VECTOR: 0.666
#### TIMES #### extraction TOTAL TOTAL ==>> 682.458
50 #### TIMES #### extraction #### PARTIAL FILE ==>> 13.514 seconds
51/57 ######## ################ ################ ########
51 #### EXTRACTION #### REGION: ==>> NaturalRegeneration <<== DATA ==>> 1_14_PSA0168-2016.mp3
#### ORIGINAL Y_C 86400000 [ 0.00081792 -0.00090185 -0.00156615] <class 'numpy.ndarray'>
NUMBERS 48000 3 1800 6
#### CHUNKS Y_C total_chunks: 300 chunk_size: 288000 <class 'list'> <class 'numpy.ndarray'>
#### HANNING Y_C total_chunks: 438 chunk_size first: 288000 chunk_size last: 288000 <class 'list'> <class 'numpy.ndarray'>
#### PARALLEL audio_indices
#### PARALLEL INDICES Y_C 438 10 [8.08678291e+04 2.75176881e+00 1.92700593e+01] 2.16
#### PARALLEL split_freq_band
#### PARALLEL SPLIT Y_C PER FREQUENCY 438 10 6000 [4.96974755e-05 4.98353026e-05 4.99415263e-05] 1.768
#### TIMES #### DICT_VECTOR: 0.699
#### TIMES #### extraction TOTAL TOTAL ==>> 695.847
51 #### TIMES #### extraction #### PARTIAL FILE ==>> 13.372 seconds
52/57 ######## ################ ################ ########
52 #### EXTRACTION #### REGION: ==>> NaturalRegeneration <<== DATA ==>> 1_20_PSA0431-2013.mp3
#### ORIGINAL Y_C 86400000 [-0.00011628 -0.0007457   0.00105586] <class 'numpy.ndarray'>
NUMBERS 48000 3 1800 6
#### CHUNKS Y_C total_chunks: 300 chunk_size: 288000 <class 'list'> <class 'numpy.ndarray'>
#### HANNING Y_C total_chunks: 438 chunk_size first: 288000 chunk_size last: 288000 <class 'list'> <class 'numpy.ndarray'>
#### PARALLEL audio_indices
#### PARALLEL INDICES Y_C 438 10 [8.03304047e+04 2.77869952e+00 1.87656932e+01] 2.13
#### PARALLEL split_freq_band
#### PARALLEL SPLIT Y_C PER FREQUENCY 438 10 6000 [-9.85679948e-05 -9.84205712e-05 -9.82900202e-05] 1.951
#### TIMES #### DICT_VECTOR: 0.686
#### TIMES #### extraction TOTAL TOTAL ==>> 709.512
52 #### TIMES #### extraction #### PARTIAL FILE ==>> 13.654 seconds
53/57 ######## ################ ################ ########
53 #### EXTRACTION #### REGION: ==>> NaturalRegeneration <<== DATA ==>> 1_07_PSA0099-2019.mp3
#### ORIGINAL Y_C 86400000 [0.01464401 0.02786117 0.03568167] <class 'numpy.ndarray'>
NUMBERS 48000 3 1800 6
#### CHUNKS Y_C total_chunks: 300 chunk_size: 288000 <class 'list'> <class 'numpy.ndarray'>
#### HANNING Y_C total_chunks: 438 chunk_size first: 288000 chunk_size last: 288000 <class 'list'> <class 'numpy.ndarray'>
#### PARALLEL audio_indices
#### PARALLEL INDICES Y_C 438 10 [8.22886974e+04 2.70749465e+00 2.45223494e+01] 2.13
#### PARALLEL split_freq_band
#### PARALLEL SPLIT Y_C PER FREQUENCY 438 10 6000 [1.87647186e-05 1.90275826e-05 1.85316661e-05] 1.781
#### TIMES #### DICT_VECTOR: 0.749
#### TIMES #### extraction TOTAL TOTAL ==>> 722.974
53 #### TIMES #### extraction #### PARTIAL FILE ==>> 13.444 seconds
54/57 ######## ################ ################ ########
54 #### EXTRACTION #### REGION: ==>> RefForest <<== DATA ==>> 0_00_RefForest1.mp3
#### ORIGINAL Y_C 86400000 [0.01103865 0.01176985 0.00412414] <class 'numpy.ndarray'>
NUMBERS 48000 3 1800 6
#### CHUNKS Y_C total_chunks: 300 chunk_size: 288000 <class 'list'> <class 'numpy.ndarray'>
#### HANNING Y_C total_chunks: 438 chunk_size first: 288000 chunk_size last: 288000 <class 'list'> <class 'numpy.ndarray'>
#### PARALLEL audio_indices
#### PARALLEL INDICES Y_C 438 10 [8.19428243e+04 2.71699774e+00 4.13565451e+01] 2.15
#### PARALLEL split_freq_band
#### PARALLEL SPLIT Y_C PER FREQUENCY 438 10 6000 [-0.00020181 -0.00020195 -0.00020211] 1.878
#### TIMES #### DICT_VECTOR: 0.693
#### TIMES #### extraction TOTAL TOTAL ==>> 736.559
54 #### TIMES #### extraction #### PARTIAL FILE ==>> 13.571 seconds
55/57 ######## ################ ################ ########
55 #### EXTRACTION #### REGION: ==>> RefForest <<== DATA ==>> 0_01_RefForest4.mp3
#### ORIGINAL Y_C 86400000 [0.00041495 0.00191905 0.00555526] <class 'numpy.ndarray'>
NUMBERS 48000 3 1800 6
#### CHUNKS Y_C total_chunks: 300 chunk_size: 288000 <class 'list'> <class 'numpy.ndarray'>
#### HANNING Y_C total_chunks: 438 chunk_size first: 288000 chunk_size last: 288000 <class 'list'> <class 'numpy.ndarray'>
#### PARALLEL audio_indices
#### PARALLEL INDICES Y_C 438 10 [8.28674600e+04 2.73833961e+00 1.49808682e+01] 2.22
#### PARALLEL split_freq_band
#### PARALLEL SPLIT Y_C PER FREQUENCY 438 10 6000 [6.80936818e-05 6.81161554e-05 6.80619060e-05] 1.97
#### TIMES #### DICT_VECTOR: 0.713
#### TIMES #### extraction TOTAL TOTAL ==>> 750.195
55 #### TIMES #### extraction #### PARTIAL FILE ==>> 13.622 seconds
56/57 ######## ################ ################ ########
56 #### EXTRACTION #### REGION: ==>> RefForest <<== DATA ==>> 0_02_RefForest5.mp3
#### ORIGINAL Y_C 86400000 [-0.00513838 -0.00416545  0.0014226 ] <class 'numpy.ndarray'>
NUMBERS 48000 3 1800 6
#### CHUNKS Y_C total_chunks: 300 chunk_size: 288000 <class 'list'> <class 'numpy.ndarray'>
#### HANNING Y_C total_chunks: 438 chunk_size first: 288000 chunk_size last: 288000 <class 'list'> <class 'numpy.ndarray'>
#### PARALLEL audio_indices
#### PARALLEL INDICES Y_C 438 10 [8.17856726e+04 2.76510367e+00 2.03379994e+01] 2.11
#### PARALLEL split_freq_band
#### PARALLEL SPLIT Y_C PER FREQUENCY 438 10 6000 [-7.67548655e-05 -7.67782286e-05 -7.68756526e-05] 1.908
#### TIMES #### DICT_VECTOR: 0.681
#### TIMES #### extraction TOTAL TOTAL ==>> 763.681
56 #### TIMES #### extraction #### PARTIAL FILE ==>> 13.478 seconds
SE ME CUIDA MIJO, AHÍ LE DEJO PA` QUE NO TRASNOCHE TANTO ;)
#### TIMES #### extraction TOTAL TOTAL ==>> 762.1465368270874
#### #### HOI MODELLING #### ####
#### INDICES => ['reg', 'sid', 'ban', 'sec', 'men', 'med', 'sum', 'max', 'aci', 'bet', 'mmm', 'npp', 'hfq', 'htp', 'hhh', 'aei'] <= INDICES 16 ####
0/57 ######## ################ ################ ########
0 #### MODELLING #### REGION: ==>> f.region <<== DATA ==>> f.filename.split('/')[-1]
#### #### HOI FOREST - MODELLING #### ####
#### #### READING DATA FILES #### ####
('Plantation', '/home/vargas/repos/forests-sounds-vargas/out/data/extraction/Plantation/2_15_PSA0290-2012_dict_y_split_1_2512212_1736642327.pkl')
(249660, 16) Index([                Metrics.REGION,          Metrics.SOUNDSCAPE_ID,
                      Metrics.BAND_ID,                 Metrics.SECOND,
                         Metrics.MEAN,                 Metrics.MEDIAN,
                          Metrics.SUM,                    Metrics.MAX,
          Metrics.ACOUSTIC_COMPLEXITY, Metrics.BIOACOUSTIC_INDEX_BETA,
              Metrics.TEMPORAL_MEDIAN,           Metrics.NUMBER_PEAKS,
            Metrics.ENTROPY_FREQUENCY,       Metrics.ENTROPY_TEMPORAL,
                      Metrics.ENTROPY,      Metrics.ACOUSTIC_EVENNESS],
      dtype='object')
#### MERGE 57 merge_data Dataframe shape: (249660, 16) #### time: 18
#### #### SPLIT TRAIN TEST #### ####
#### CLASSES: [0 1 2 3] TOTAL 4
#### SPLIT train_test_split and CUDA: ??? cuda:0 #### time: 31
#### MODELS - TOTAL 3 ####
#### EPOCHS 15 ####
#### TRAINING MODELS ####
#### TRAINING MODEL CNN_LSTM ####
#### prediction torch.Size([192, 4])
Epoch [10/15] Step [33/1041] Loss: 0.2070 Time: 56.081
#### prediction torch.Size([192, 4])
Epoch [10/15] Step [66/1041] Loss: 0.2629 Time: 56.26
#### prediction torch.Size([192, 4])
Epoch [10/15] Step [99/1041] Loss: 0.2483 Time: 56.439
#### prediction torch.Size([192, 4])
Epoch [10/15] Step [132/1041] Loss: 0.2962 Time: 56.619
#### prediction torch.Size([192, 4])
Epoch [10/15] Step [165/1041] Loss: 0.4043 Time: 56.798
#### prediction torch.Size([192, 4])
Epoch [10/15] Step [198/1041] Loss: 0.1424 Time: 56.978
#### prediction torch.Size([192, 4])
Epoch [10/15] Step [231/1041] Loss: 0.1880 Time: 57.158
#### prediction torch.Size([192, 4])
Epoch [10/15] Step [264/1041] Loss: 0.2624 Time: 57.338
#### prediction torch.Size([192, 4])
Epoch [10/15] Step [297/1041] Loss: 0.1563 Time: 57.517
#### prediction torch.Size([192, 4])
Epoch [10/15] Step [330/1041] Loss: 0.2269 Time: 57.697
#### prediction torch.Size([192, 4])
Epoch [10/15] Step [363/1041] Loss: 0.2552 Time: 57.876
#### prediction torch.Size([192, 4])
Epoch [10/15] Step [396/1041] Loss: 0.2183 Time: 58.056
#### prediction torch.Size([192, 4])
Epoch [10/15] Step [429/1041] Loss: 0.2197 Time: 58.236
#### prediction torch.Size([192, 4])
Epoch [10/15] Step [462/1041] Loss: 0.2746 Time: 58.415
#### prediction torch.Size([192, 4])
Epoch [10/15] Step [495/1041] Loss: 0.2922 Time: 58.594
#### prediction torch.Size([192, 4])
Epoch [10/15] Step [528/1041] Loss: 0.2139 Time: 58.774
#### prediction torch.Size([192, 4])
Epoch [10/15] Step [561/1041] Loss: 0.1780 Time: 58.953
#### prediction torch.Size([192, 4])
Epoch [10/15] Step [594/1041] Loss: 0.2253 Time: 59.133
#### prediction torch.Size([192, 4])
Epoch [10/15] Step [627/1041] Loss: 0.2290 Time: 59.312
#### prediction torch.Size([192, 4])
Epoch [10/15] Step [660/1041] Loss: 0.2129 Time: 59.493
#### prediction torch.Size([192, 4])
Epoch [10/15] Step [693/1041] Loss: 0.3815 Time: 59.672
#### prediction torch.Size([192, 4])
Epoch [10/15] Step [726/1041] Loss: 0.2526 Time: 59.852
#### prediction torch.Size([192, 4])
Epoch [10/15] Step [759/1041] Loss: 0.2279 Time: 60.031
#### prediction torch.Size([192, 4])
Epoch [10/15] Step [792/1041] Loss: 0.2652 Time: 60.211
#### prediction torch.Size([192, 4])
Epoch [10/15] Step [825/1041] Loss: 0.2433 Time: 60.392
#### prediction torch.Size([192, 4])
Epoch [10/15] Step [858/1041] Loss: 0.2322 Time: 60.57
#### prediction torch.Size([192, 4])
Epoch [10/15] Step [891/1041] Loss: 0.2175 Time: 60.75
#### prediction torch.Size([192, 4])
Epoch [10/15] Step [924/1041] Loss: 0.2805 Time: 60.93
#### prediction torch.Size([192, 4])
Epoch [10/15] Step [957/1041] Loss: 0.1913 Time: 61.109
#### prediction torch.Size([192, 4])
Epoch [10/15] Step [990/1041] Loss: 0.1642 Time: 61.289
#### prediction torch.Size([192, 4])
Epoch [10/15] Step [1023/1041] Loss: 0.4255 Time: 61.468
#### TRAINED MODEL CNN_LSTM model training time: 90.912 total training time: 91.119 ####
#### TRAINING MODEL LSTM_CNN ####
#### prediction torch.Size([192, 4])
Epoch [10/15] Step [33/1041] Loss: 0.2296 Time: 62.993
#### prediction torch.Size([192, 4])
Epoch [10/15] Step [66/1041] Loss: 0.2550 Time: 63.218
#### prediction torch.Size([192, 4])
Epoch [10/15] Step [99/1041] Loss: 0.1960 Time: 63.443
#### prediction torch.Size([192, 4])
Epoch [10/15] Step [132/1041] Loss: 0.2115 Time: 63.669
#### prediction torch.Size([192, 4])
Epoch [10/15] Step [165/1041] Loss: 0.2682 Time: 63.895
#### prediction torch.Size([192, 4])
Epoch [10/15] Step [198/1041] Loss: 0.2994 Time: 64.122
#### prediction torch.Size([192, 4])
Epoch [10/15] Step [231/1041] Loss: 0.1994 Time: 64.348
#### prediction torch.Size([192, 4])
Epoch [10/15] Step [264/1041] Loss: 0.1979 Time: 64.57
#### prediction torch.Size([192, 4])
Epoch [10/15] Step [297/1041] Loss: 0.2286 Time: 64.785
#### prediction torch.Size([192, 4])
Epoch [10/15] Step [330/1041] Loss: 0.2286 Time: 65.0
#### prediction torch.Size([192, 4])
Epoch [10/15] Step [363/1041] Loss: 0.2628 Time: 65.216
#### prediction torch.Size([192, 4])
Epoch [10/15] Step [396/1041] Loss: 0.2179 Time: 65.432
#### prediction torch.Size([192, 4])
Epoch [10/15] Step [429/1041] Loss: 0.2997 Time: 65.648
#### prediction torch.Size([192, 4])
Epoch [10/15] Step [462/1041] Loss: 0.3094 Time: 65.863
#### prediction torch.Size([192, 4])
Epoch [10/15] Step [495/1041] Loss: 0.2176 Time: 66.078
#### prediction torch.Size([192, 4])
Epoch [10/15] Step [528/1041] Loss: 0.2625 Time: 66.295
#### prediction torch.Size([192, 4])
Epoch [10/15] Step [561/1041] Loss: 0.1971 Time: 66.512
#### prediction torch.Size([192, 4])
Epoch [10/15] Step [594/1041] Loss: 0.2510 Time: 66.728
#### prediction torch.Size([192, 4])
Epoch [10/15] Step [627/1041] Loss: 0.2090 Time: 66.943
#### prediction torch.Size([192, 4])
Epoch [10/15] Step [660/1041] Loss: 0.2152 Time: 67.16
#### prediction torch.Size([192, 4])
Epoch [10/15] Step [693/1041] Loss: 0.2622 Time: 67.375
#### prediction torch.Size([192, 4])
Epoch [10/15] Step [726/1041] Loss: 0.2388 Time: 67.592
#### prediction torch.Size([192, 4])
Epoch [10/15] Step [759/1041] Loss: 0.2584 Time: 67.808
#### prediction torch.Size([192, 4])
Epoch [10/15] Step [792/1041] Loss: 0.2355 Time: 68.022
#### prediction torch.Size([192, 4])
Epoch [10/15] Step [825/1041] Loss: 0.3146 Time: 68.238
#### prediction torch.Size([192, 4])
Epoch [10/15] Step [858/1041] Loss: 0.2119 Time: 68.454
#### prediction torch.Size([192, 4])
Epoch [10/15] Step [891/1041] Loss: 0.2354 Time: 68.669
#### prediction torch.Size([192, 4])
Epoch [10/15] Step [924/1041] Loss: 0.2073 Time: 68.884
#### prediction torch.Size([192, 4])
Epoch [10/15] Step [957/1041] Loss: 0.1880 Time: 69.099
#### prediction torch.Size([192, 4])
Epoch [10/15] Step [990/1041] Loss: 0.1844 Time: 69.315
#### prediction torch.Size([192, 4])
Epoch [10/15] Step [1023/1041] Loss: 0.1887 Time: 69.53
#### TRAINED MODEL LSTM_CNN model training time: 104.194 total training time: 195.314 ####
#### TRAINING MODEL ParallelCNNLSTMModel ####
#### prediction torch.Size([192, 4])
Epoch [10/15] Step [33/1041] Loss: 0.1400 Time: 63.205
#### prediction torch.Size([192, 4])
Epoch [10/15] Step [66/1041] Loss: 0.1893 Time: 63.423
#### prediction torch.Size([192, 4])
Epoch [10/15] Step [99/1041] Loss: 0.1444 Time: 63.64
#### prediction torch.Size([192, 4])
Epoch [10/15] Step [132/1041] Loss: 0.2124 Time: 63.858
#### prediction torch.Size([192, 4])
Epoch [10/15] Step [165/1041] Loss: 0.2504 Time: 64.078
#### prediction torch.Size([192, 4])
Epoch [10/15] Step [198/1041] Loss: 0.2327 Time: 64.3
#### prediction torch.Size([192, 4])
Epoch [10/15] Step [231/1041] Loss: 0.2045 Time: 64.518
#### prediction torch.Size([192, 4])
Epoch [10/15] Step [264/1041] Loss: 0.3239 Time: 64.733
#### prediction torch.Size([192, 4])
Epoch [10/15] Step [297/1041] Loss: 0.1638 Time: 64.95
#### prediction torch.Size([192, 4])
Epoch [10/15] Step [330/1041] Loss: 0.2060 Time: 65.167
#### prediction torch.Size([192, 4])
Epoch [10/15] Step [363/1041] Loss: 0.2017 Time: 65.384
#### prediction torch.Size([192, 4])
Epoch [10/15] Step [396/1041] Loss: 0.1538 Time: 65.601
#### prediction torch.Size([192, 4])
Epoch [10/15] Step [429/1041] Loss: 0.1927 Time: 65.818
#### prediction torch.Size([192, 4])
Epoch [10/15] Step [462/1041] Loss: 0.1681 Time: 66.037
#### prediction torch.Size([192, 4])
Epoch [10/15] Step [495/1041] Loss: 0.1553 Time: 66.258
#### prediction torch.Size([192, 4])
Epoch [10/15] Step [528/1041] Loss: 0.1124 Time: 66.479
#### prediction torch.Size([192, 4])
Epoch [10/15] Step [561/1041] Loss: 0.1844 Time: 66.7
#### prediction torch.Size([192, 4])
Epoch [10/15] Step [594/1041] Loss: 0.1963 Time: 66.921
#### prediction torch.Size([192, 4])
Epoch [10/15] Step [627/1041] Loss: 0.1944 Time: 67.14
#### prediction torch.Size([192, 4])
Epoch [10/15] Step [660/1041] Loss: 0.2503 Time: 67.361
#### prediction torch.Size([192, 4])
Epoch [10/15] Step [693/1041] Loss: 0.1817 Time: 67.583
#### prediction torch.Size([192, 4])
Epoch [10/15] Step [726/1041] Loss: 0.1627 Time: 67.8
#### prediction torch.Size([192, 4])
Epoch [10/15] Step [759/1041] Loss: 0.1693 Time: 68.017
#### prediction torch.Size([192, 4])
Epoch [10/15] Step [792/1041] Loss: 0.1838 Time: 68.234
#### prediction torch.Size([192, 4])
Epoch [10/15] Step [825/1041] Loss: 0.1959 Time: 68.452
#### prediction torch.Size([192, 4])
Epoch [10/15] Step [858/1041] Loss: 0.2975 Time: 68.668
#### prediction torch.Size([192, 4])
Epoch [10/15] Step [891/1041] Loss: 0.1669 Time: 68.886
#### prediction torch.Size([192, 4])
Epoch [10/15] Step [924/1041] Loss: 0.2310 Time: 69.108
#### prediction torch.Size([192, 4])
Epoch [10/15] Step [957/1041] Loss: 0.1873 Time: 69.329
#### prediction torch.Size([192, 4])
Epoch [10/15] Step [990/1041] Loss: 0.1692 Time: 69.546
#### prediction torch.Size([192, 4])
Epoch [10/15] Step [1023/1041] Loss: 0.1931 Time: 69.762
#### TRAINED MODEL ParallelCNNLSTMModel model training time: 105.198 total training time: 300.512 ####
#### TRAINING TOTAL TIME: 300.305 ####
Accuracy of the CNN_LSTM model on the test set: 82.41208 %
Accuracy of the LSTM_CNN model on the test set: 90.989746 %
Accuracy of the ParallelCNNLSTMModel model on the test set: 91.42634 %
Accuracy of the CNN_LSTM model on the test set: 82.41208 %
Accuracy of the LSTM_CNN model on the test set: 86.700913 %
Accuracy of the ParallelCNNLSTMModel model on the test set: 88.276055 %
#### TESTING TOTAL TIME: 5.759 ####
ALWAYS PROBLEMS Object of type Metrics is not JSON serializable
SE ME CUIDA MIJO, AHÍ LE DEJO PA` QUE NO TRASNOCHE TANTO ;)
Traceback (most recent call last):
  File "/home/vargas/repos/forests-sounds-vargas/source/forest.py", line 515, in <module>
    main()
  File "/home/vargas/repos/forests-sounds-vargas/source/forest.py", line 493, in main
    train_with_soundscapes(files_path=configfiles,  # region=f.region, si=i, sr=sr,
  File "/home/vargas/repos/forests-sounds-vargas/source/modelling.py", line 366, in train_with_soundscapes
    json.dump(accuracy_dictt, fp, sort_keys=True, indent=4)
  File "/ssoft/spack/syrah/v2/opt/spack/linux-rhel9-skylake_avx512/intel-2021.6.0/python-3.10.4-pnvfp63bibgh3blgxua34kssebxi62lb/lib/python3.10/json/__init__.py", line 179, in dump
    for chunk in iterable:
  File "/ssoft/spack/syrah/v2/opt/spack/linux-rhel9-skylake_avx512/intel-2021.6.0/python-3.10.4-pnvfp63bibgh3blgxua34kssebxi62lb/lib/python3.10/json/encoder.py", line 431, in _iterencode
    yield from _iterencode_dict(o, _current_indent_level)
  File "/ssoft/spack/syrah/v2/opt/spack/linux-rhel9-skylake_avx512/intel-2021.6.0/python-3.10.4-pnvfp63bibgh3blgxua34kssebxi62lb/lib/python3.10/json/encoder.py", line 405, in _iterencode_dict
    yield from chunks
  File "/ssoft/spack/syrah/v2/opt/spack/linux-rhel9-skylake_avx512/intel-2021.6.0/python-3.10.4-pnvfp63bibgh3blgxua34kssebxi62lb/lib/python3.10/json/encoder.py", line 325, in _iterencode_list
    yield from chunks
  File "/ssoft/spack/syrah/v2/opt/spack/linux-rhel9-skylake_avx512/intel-2021.6.0/python-3.10.4-pnvfp63bibgh3blgxua34kssebxi62lb/lib/python3.10/json/encoder.py", line 438, in _iterencode
    o = _default(o)
  File "/ssoft/spack/syrah/v2/opt/spack/linux-rhel9-skylake_avx512/intel-2021.6.0/python-3.10.4-pnvfp63bibgh3blgxua34kssebxi62lb/lib/python3.10/json/encoder.py", line 179, in default
    raise TypeError(f'Object of type {o.__class__.__name__} '
TypeError: Object of type Metrics is not JSON serializable
