PATH /home/vargas/repos/forests-sounds-vargas
/home/vargas/repos/forests-sounds-vargas/data/ /home/vargas/repos/forests-sounds-vargas/out/ [('Plantation', '/home/vargas/repos/forests-sounds-vargas/data/Plantation/2_05_PSA0093-2010.mp3'), ('Plantation', '/home/vargas/repos/forests-sounds-vargas/data/Plantation/2_15_PSA0290-2012.mp3'), ('Plantation', '/home/vargas/repos/forests-sounds-vargas/data/Plantation/2_19_PSA0374-2012.mp3')]
ALWAYS PROBLEMS [Errno 2] No such file or directory: '/home/vargas/repos/forests-sounds-vargas/out/audio_files_processed_2024-10.csv'
#### #### HOI FOREST #### ####
starting with => 57 soundscapes => now 1728793659
0 ################ ################ ################ ################
0 #### RUNNING #### REGION: ==>> Plantation <<== AUDIO: ==>> 2_05_PSA0093-2010.mp3
y: [-0.01472808 -0.01491113 -0.00816156 -0.00218979  0.00167903  0.00490456
  0.00836801  0.01314615  0.01415004]
total samples in y: (86400000,) in time: 1800 secs
samples rate per second:  48000
#### ORIGINAL Y_C 86400000 [-0.01472808 -0.01491113 -0.00816156 -0.00218979  0.00167903  0.00490456
  0.00836801  0.01314615  0.01415004] <class 'numpy.ndarray'>
#### CHUNKS Y_C total_chunks: 600 chunk_size: 144000 <class 'list'> <class 'numpy.ndarray'>
#### PARALLEL split_freq_band
#### PARALLEL SPLIT DENOISE Y_C SPLIT PER FREQUENCY 600 10 3000 [-1.74284182e-03 -6.44213525e-05 -2.41860871e-05 -1.13882286e-05
 -5.06138403e-06 -1.23558675e-06  1.36795304e-06  3.27812117e-06
  4.75653932e-06] 2.0169925689697266
#### TIMES #### flatten: 0.1136939525604248
#### REARRANGED THE SIGNAL PER 10 FREQUENCIES <class 'list'> 10 <class 'numpy.ndarray'> 1800000
#### COMPUTE SLIDING WINDOW WITH SUM
#### RUNNING #### sum_this_sliding_window
#### TIMES #### sum_this_sliding_window 0.4708261489868164
#### REARRANGED THE SIGNAL SUM SLIDING_WINDOW PER 10 FREQUENCIES <class 'numpy.ndarray'> 10 <class 'numpy.ndarray'> 484
0 #### TIMES #### process_soundscape TOTAL TOTAL ==>> 71.31713390350342
1 ################ ################ ################ ################
1 #### RUNNING #### REGION: ==>> Plantation <<== AUDIO: ==>> 2_15_PSA0290-2012.mp3
y: [-0.0006119   0.00068735  0.00166055  0.00251585  0.00187133  0.00070333
  0.00103505  0.0010529   0.00061101]
total samples in y: (86400000,) in time: 1800 secs
samples rate per second:  48000
#### ORIGINAL Y_C 86400000 [-0.0006119   0.00068735  0.00166055  0.00251585  0.00187133  0.00070333
  0.00103505  0.0010529   0.00061101] <class 'numpy.ndarray'>
#### CHUNKS Y_C total_chunks: 600 chunk_size: 144000 <class 'list'> <class 'numpy.ndarray'>
#### PARALLEL split_freq_band
#### PARALLEL SPLIT DENOISE Y_C SPLIT PER FREQUENCY 600 10 3000 [-1.67865376e-04 -5.98077302e-06 -5.18326175e-06 -4.92210548e-06
 -4.79184575e-06 -4.71350542e-06 -4.66105422e-06 -4.62340653e-06
 -4.59504118e-06] 2.0471296310424805
#### TIMES #### flatten: 0.10304141044616699
#### REARRANGED THE SIGNAL PER 10 FREQUENCIES <class 'list'> 10 <class 'numpy.ndarray'> 1800000
#### COMPUTE SLIDING WINDOW WITH SUM
#### RUNNING #### sum_this_sliding_window
#### TIMES #### sum_this_sliding_window 0.434079647064209
#### REARRANGED THE SIGNAL SUM SLIDING_WINDOW PER 10 FREQUENCIES <class 'numpy.ndarray'> 10 <class 'numpy.ndarray'> 484
1 #### TIMES #### process_soundscape TOTAL TOTAL ==>> 62.93732213973999
2 ################ ################ ################ ################
2 #### RUNNING #### REGION: ==>> Plantation <<== AUDIO: ==>> 2_19_PSA0374-2012.mp3
y: [0.00831298 0.01321053 0.01454676 0.01506956 0.01508774 0.01517149
 0.01529458 0.0121099  0.00804036]
total samples in y: (86400000,) in time: 1800 secs
samples rate per second:  48000
#### ORIGINAL Y_C 86400000 [0.00831298 0.01321053 0.01454676 0.01506956 0.01508774 0.01517149
 0.01529458 0.0121099  0.00804036] <class 'numpy.ndarray'>
#### CHUNKS Y_C total_chunks: 600 chunk_size: 144000 <class 'list'> <class 'numpy.ndarray'>
#### PARALLEL split_freq_band
#### PARALLEL SPLIT DENOISE Y_C SPLIT PER FREQUENCY 600 10 3000 [ 0.00708743 -0.00553157 -0.00781814 -0.00110152 -0.00452765 -0.00413789
 -0.00184876  0.00795288  0.01367001] 1.9280126094818115
#### TIMES #### flatten: 0.094696044921875
#### REARRANGED THE SIGNAL PER 10 FREQUENCIES <class 'list'> 10 <class 'numpy.ndarray'> 1800000
#### COMPUTE SLIDING WINDOW WITH SUM
#### RUNNING #### sum_this_sliding_window
#### TIMES #### sum_this_sliding_window 0.4605581760406494
#### REARRANGED THE SIGNAL SUM SLIDING_WINDOW PER 10 FREQUENCIES <class 'numpy.ndarray'> 10 <class 'numpy.ndarray'> 484
2 #### TIMES #### process_soundscape TOTAL TOTAL ==>> 66.61173558235168
3 ################ ################ ################ ################
3 #### RUNNING #### REGION: ==>> Plantation <<== AUDIO: ==>> 2_07_PSA0093-2010.mp3
y: [-0.01472808 -0.01491113 -0.00816156 -0.00218979  0.00167903  0.00490456
  0.00836801  0.01314615  0.01415004]
total samples in y: (86400000,) in time: 1800 secs
samples rate per second:  48000
#### ORIGINAL Y_C 86400000 [-0.01472808 -0.01491113 -0.00816156 -0.00218979  0.00167903  0.00490456
  0.00836801  0.01314615  0.01415004] <class 'numpy.ndarray'>
#### CHUNKS Y_C total_chunks: 600 chunk_size: 144000 <class 'list'> <class 'numpy.ndarray'>
#### PARALLEL split_freq_band
#### PARALLEL SPLIT DENOISE Y_C SPLIT PER FREQUENCY 600 10 3000 [-1.74284182e-03 -6.44213525e-05 -2.41860871e-05 -1.13882286e-05
 -5.06138403e-06 -1.23558675e-06  1.36795304e-06  3.27812117e-06
  4.75653932e-06] 1.9853453636169434
#### TIMES #### flatten: 0.08176517486572266
#### REARRANGED THE SIGNAL PER 10 FREQUENCIES <class 'list'> 10 <class 'numpy.ndarray'> 1800000
#### COMPUTE SLIDING WINDOW WITH SUM
#### RUNNING #### sum_this_sliding_window
#### TIMES #### sum_this_sliding_window 0.45510411262512207
#### REARRANGED THE SIGNAL SUM SLIDING_WINDOW PER 10 FREQUENCIES <class 'numpy.ndarray'> 10 <class 'numpy.ndarray'> 484
3 #### TIMES #### process_soundscape TOTAL TOTAL ==>> 65.58914065361023
4 ################ ################ ################ ################
4 #### RUNNING #### REGION: ==>> Plantation <<== AUDIO: ==>> 2_20_PSA0400-2013.mp3
y: [ 0.00232441  0.00309165  0.00177757  0.00270376  0.00179844 -0.00149232
 -0.00024056  0.00196713  0.00111439]
total samples in y: (86400000,) in time: 1800 secs
samples rate per second:  48000
#### ORIGINAL Y_C 86400000 [ 0.00232441  0.00309165  0.00177757  0.00270376  0.00179844 -0.00149232
 -0.00024056  0.00196713  0.00111439] <class 'numpy.ndarray'>
#### CHUNKS Y_C total_chunks: 600 chunk_size: 144000 <class 'list'> <class 'numpy.ndarray'>
#### PARALLEL split_freq_band
#### PARALLEL SPLIT DENOISE Y_C SPLIT PER FREQUENCY 600 10 3000 [-6.23117742e-06 -5.15463640e-06 -3.20439134e-06 -2.54100338e-06
 -2.21202708e-06 -2.01901098e-06 -1.89298775e-06 -1.80584497e-06
 -1.74303657e-06] 2.054096221923828
#### TIMES #### flatten: 0.08095383644104004
#### REARRANGED THE SIGNAL PER 10 FREQUENCIES <class 'list'> 10 <class 'numpy.ndarray'> 1800000
#### COMPUTE SLIDING WINDOW WITH SUM
#### RUNNING #### sum_this_sliding_window
#### TIMES #### sum_this_sliding_window 0.45708417892456055
#### REARRANGED THE SIGNAL SUM SLIDING_WINDOW PER 10 FREQUENCIES <class 'numpy.ndarray'> 10 <class 'numpy.ndarray'> 484
4 #### TIMES #### process_soundscape TOTAL TOTAL ==>> 58.67691230773926
5 ################ ################ ################ ################
5 #### RUNNING #### REGION: ==>> Plantation <<== AUDIO: ==>> 2_13_PSA0280-2012.mp3
y: [ 3.6415369e-03  2.6228302e-03  8.4596279e-05 -1.5951027e-04
  1.0559170e-03  1.8270714e-03  1.9221809e-03  9.7268366e-04
 -4.3881708e-05]
total samples in y: (86400000,) in time: 1800 secs
samples rate per second:  48000
#### ORIGINAL Y_C 86400000 [ 3.6415369e-03  2.6228302e-03  8.4596279e-05 -1.5951027e-04
  1.0559170e-03  1.8270714e-03  1.9221809e-03  9.7268366e-04
 -4.3881708e-05] <class 'numpy.ndarray'>
#### CHUNKS Y_C total_chunks: 600 chunk_size: 144000 <class 'list'> <class 'numpy.ndarray'>
#### PARALLEL split_freq_band
#### PARALLEL SPLIT DENOISE Y_C SPLIT PER FREQUENCY 600 10 3000 [ 6.77325954e-04 -3.65787321e-05 -4.81056141e-05 -5.31329301e-05
 -5.62404207e-05 -5.84696657e-05 -6.02145294e-05 -6.16621793e-05
 -6.29144069e-05] 2.1899373531341553
#### TIMES #### flatten: 0.08973956108093262
#### REARRANGED THE SIGNAL PER 10 FREQUENCIES <class 'list'> 10 <class 'numpy.ndarray'> 1800000
#### COMPUTE SLIDING WINDOW WITH SUM
#### RUNNING #### sum_this_sliding_window
#### TIMES #### sum_this_sliding_window 0.44966912269592285
#### REARRANGED THE SIGNAL SUM SLIDING_WINDOW PER 10 FREQUENCIES <class 'numpy.ndarray'> 10 <class 'numpy.ndarray'> 484
5 #### TIMES #### process_soundscape TOTAL TOTAL ==>> 60.57623624801636
6 ################ ################ ################ ################
6 #### RUNNING #### REGION: ==>> Plantation <<== AUDIO: ==>> 2_17_PSA0331-2012.mp3
y: [-0.00156389 -0.00311076 -0.00225797 -0.00128544 -0.00113144 -0.00195252
 -0.00180479  0.00029279  0.00038763]
total samples in y: (86400000,) in time: 1800 secs
samples rate per second:  48000
#### ORIGINAL Y_C 86400000 [-0.00156389 -0.00311076 -0.00225797 -0.00128544 -0.00113144 -0.00195252
 -0.00180479  0.00029279  0.00038763] <class 'numpy.ndarray'>
#### CHUNKS Y_C total_chunks: 600 chunk_size: 144000 <class 'list'> <class 'numpy.ndarray'>
#### PARALLEL split_freq_band
#### PARALLEL SPLIT DENOISE Y_C SPLIT PER FREQUENCY 600 10 3000 [6.42249849e-05 4.48073450e-05 4.08189952e-05 3.83852418e-05
 3.61356774e-05 3.38187973e-05 3.14374135e-05 2.91464802e-05
 2.71485427e-05] 1.9976646900177002
#### TIMES #### flatten: 0.07400846481323242
#### REARRANGED THE SIGNAL PER 10 FREQUENCIES <class 'list'> 10 <class 'numpy.ndarray'> 1800000
#### COMPUTE SLIDING WINDOW WITH SUM
#### RUNNING #### sum_this_sliding_window
#### TIMES #### sum_this_sliding_window 0.46428442001342773
#### REARRANGED THE SIGNAL SUM SLIDING_WINDOW PER 10 FREQUENCIES <class 'numpy.ndarray'> 10 <class 'numpy.ndarray'> 484
6 #### TIMES #### process_soundscape TOTAL TOTAL ==>> 64.39392113685608
7 ################ ################ ################ ################
7 #### RUNNING #### REGION: ==>> Plantation <<== AUDIO: ==>> 2_00_PSA0010-2010.mp3
y: [-0.00225802 -0.00408008 -0.00553367 -0.00679917 -0.00652087 -0.00546292
 -0.00668596 -0.00835071 -0.00815475]
total samples in y: (86400000,) in time: 1800 secs
samples rate per second:  48000
#### ORIGINAL Y_C 86400000 [-0.00225802 -0.00408008 -0.00553367 -0.00679917 -0.00652087 -0.00546292
 -0.00668596 -0.00835071 -0.00815475] <class 'numpy.ndarray'>
#### CHUNKS Y_C total_chunks: 600 chunk_size: 144000 <class 'list'> <class 'numpy.ndarray'>
#### PARALLEL split_freq_band
#### PARALLEL SPLIT DENOISE Y_C SPLIT PER FREQUENCY 600 10 3000 [-0.00029362 -0.00019724 -0.0002025  -0.00020373 -0.00020396 -0.00020379
 -0.00020346 -0.00020304 -0.00020258] 1.8918859958648682
#### TIMES #### flatten: 0.0853729248046875
#### REARRANGED THE SIGNAL PER 10 FREQUENCIES <class 'list'> 10 <class 'numpy.ndarray'> 1800000
#### COMPUTE SLIDING WINDOW WITH SUM
#### RUNNING #### sum_this_sliding_window
#### TIMES #### sum_this_sliding_window 0.44424867630004883
#### REARRANGED THE SIGNAL SUM SLIDING_WINDOW PER 10 FREQUENCIES <class 'numpy.ndarray'> 10 <class 'numpy.ndarray'> 484
7 #### TIMES #### process_soundscape TOTAL TOTAL ==>> 59.933143615722656
8 ################ ################ ################ ################
8 #### RUNNING #### REGION: ==>> Plantation <<== AUDIO: ==>> 2_14_PSA0289-2012.mp3
y: [-0.01960655 -0.02791282 -0.02750732 -0.02641052 -0.03029392 -0.03201358
 -0.02964977 -0.02935831 -0.02964232]
total samples in y: (86400000,) in time: 1800 secs
samples rate per second:  48000
#### ORIGINAL Y_C 86400000 [-0.01960655 -0.02791282 -0.02750732 -0.02641052 -0.03029392 -0.03201358
 -0.02964977 -0.02935831 -0.02964232] <class 'numpy.ndarray'>
#### CHUNKS Y_C total_chunks: 600 chunk_size: 144000 <class 'list'> <class 'numpy.ndarray'>
#### PARALLEL split_freq_band
#### PARALLEL SPLIT DENOISE Y_C SPLIT PER FREQUENCY 600 10 3000 [-0.04745708 -0.07449067  0.15944217 -0.03487221 -0.00942776 -0.00454954
 -0.05984181  0.04713096  0.02561335] 1.8505284786224365
#### TIMES #### flatten: 0.07883739471435547
#### REARRANGED THE SIGNAL PER 10 FREQUENCIES <class 'list'> 10 <class 'numpy.ndarray'> 1800000
#### COMPUTE SLIDING WINDOW WITH SUM
#### RUNNING #### sum_this_sliding_window
#### TIMES #### sum_this_sliding_window 0.46303820610046387
#### REARRANGED THE SIGNAL SUM SLIDING_WINDOW PER 10 FREQUENCIES <class 'numpy.ndarray'> 10 <class 'numpy.ndarray'> 484
8 #### TIMES #### process_soundscape TOTAL TOTAL ==>> 59.87603688240051
9 ################ ################ ################ ################
9 #### RUNNING #### REGION: ==>> Plantation <<== AUDIO: ==>> 2_18_PSA0373-2011.mp3
y: [-0.00241771 -0.00108932  0.0016709   0.00449528  0.00606185  0.00498239
  0.00340853  0.00361732  0.00319519]
total samples in y: (86400000,) in time: 1800 secs
samples rate per second:  48000
#### ORIGINAL Y_C 86400000 [-0.00241771 -0.00108932  0.0016709   0.00449528  0.00606185  0.00498239
  0.00340853  0.00361732  0.00319519] <class 'numpy.ndarray'>
#### CHUNKS Y_C total_chunks: 600 chunk_size: 144000 <class 'list'> <class 'numpy.ndarray'>
#### PARALLEL split_freq_band
#### PARALLEL SPLIT DENOISE Y_C SPLIT PER FREQUENCY 600 10 3000 [ 2.22057316e-04 -4.43424026e-07 -2.60986881e-08 -9.41031139e-07
 -9.52867983e-06 -4.87561682e-06  1.51865694e-05 -4.72473353e-06
 -8.82767003e-07] 2.054464340209961
#### TIMES #### flatten: 0.07929015159606934
#### REARRANGED THE SIGNAL PER 10 FREQUENCIES <class 'list'> 10 <class 'numpy.ndarray'> 1800000
#### COMPUTE SLIDING WINDOW WITH SUM
#### RUNNING #### sum_this_sliding_window
#### TIMES #### sum_this_sliding_window 0.4774296283721924
#### REARRANGED THE SIGNAL SUM SLIDING_WINDOW PER 10 FREQUENCIES <class 'numpy.ndarray'> 10 <class 'numpy.ndarray'> 484
9 #### TIMES #### process_soundscape TOTAL TOTAL ==>> 64.89115357398987
10 ################ ################ ################ ################
10 #### RUNNING #### REGION: ==>> Plantation <<== AUDIO: ==>> 2_16_PSA0292-2012.mp3
y: [ 0.00011271 -0.00401716 -0.00642971 -0.00703088 -0.00726458 -0.00570953
 -0.00384026 -0.00149835  0.00383474]
total samples in y: (86400000,) in time: 1800 secs
samples rate per second:  48000
#### ORIGINAL Y_C 86400000 [ 0.00011271 -0.00401716 -0.00642971 -0.00703088 -0.00726458 -0.00570953
 -0.00384026 -0.00149835  0.00383474] <class 'numpy.ndarray'>
#### CHUNKS Y_C total_chunks: 600 chunk_size: 144000 <class 'list'> <class 'numpy.ndarray'>
#### PARALLEL split_freq_band
#### PARALLEL SPLIT DENOISE Y_C SPLIT PER FREQUENCY 600 10 3000 [-0.00049285 -0.0006056  -0.00062111 -0.00064012 -0.00065614 -0.00066276
 -0.00065488 -0.00063086 -0.00059543] 2.008699893951416
#### TIMES #### flatten: 0.08200597763061523
#### REARRANGED THE SIGNAL PER 10 FREQUENCIES <class 'list'> 10 <class 'numpy.ndarray'> 1800000
#### COMPUTE SLIDING WINDOW WITH SUM
#### RUNNING #### sum_this_sliding_window
#### TIMES #### sum_this_sliding_window 0.4330472946166992
#### REARRANGED THE SIGNAL SUM SLIDING_WINDOW PER 10 FREQUENCIES <class 'numpy.ndarray'> 10 <class 'numpy.ndarray'> 484
10 #### TIMES #### process_soundscape TOTAL TOTAL ==>> 61.906375885009766
11 ################ ################ ################ ################
11 #### RUNNING #### REGION: ==>> Plantation <<== AUDIO: ==>> PSA0025-2015.mp3
y: [-6.8993503e-03 -7.8593977e-03 -3.5266078e-03 -3.3374643e-05
  1.2119662e-03 -3.4863944e-04 -6.0659214e-03 -9.2964070e-03
 -5.4037138e-03]
total samples in y: (86400000,) in time: 1800 secs
samples rate per second:  48000
#### ORIGINAL Y_C 86400000 [-6.8993503e-03 -7.8593977e-03 -3.5266078e-03 -3.3374643e-05
  1.2119662e-03 -3.4863944e-04 -6.0659214e-03 -9.2964070e-03
 -5.4037138e-03] <class 'numpy.ndarray'>
#### CHUNKS Y_C total_chunks: 600 chunk_size: 144000 <class 'list'> <class 'numpy.ndarray'>
#### PARALLEL split_freq_band
#### PARALLEL SPLIT DENOISE Y_C SPLIT PER FREQUENCY 600 10 3000 [-2.42522500e-04 -8.51126439e-06 -4.98252407e-06 -3.74341220e-06
 -3.12028593e-06 -2.74782384e-06 -2.50136616e-06 -2.32690231e-06
 -2.19742784e-06] 1.9036521911621094
#### TIMES #### flatten: 0.08038520812988281
#### REARRANGED THE SIGNAL PER 10 FREQUENCIES <class 'list'> 10 <class 'numpy.ndarray'> 1800000
#### COMPUTE SLIDING WINDOW WITH SUM
#### RUNNING #### sum_this_sliding_window
#### TIMES #### sum_this_sliding_window 0.46257543563842773
#### REARRANGED THE SIGNAL SUM SLIDING_WINDOW PER 10 FREQUENCIES <class 'numpy.ndarray'> 10 <class 'numpy.ndarray'> 484
11 #### TIMES #### process_soundscape TOTAL TOTAL ==>> 67.5999505519867
12 ################ ################ ################ ################
12 #### RUNNING #### REGION: ==>> Plantation <<== AUDIO: ==>> 2_10_PSA0189-2007.mp3
y: [ 5.3311074e-03  5.1743435e-03  1.7210189e-03 -4.6343525e-04
 -7.2194729e-05 -3.4478935e-04 -3.8194051e-04  2.9907064e-03
  3.5931203e-03]
total samples in y: (86400000,) in time: 1800 secs
samples rate per second:  48000
#### ORIGINAL Y_C 86400000 [ 5.3311074e-03  5.1743435e-03  1.7210189e-03 -4.6343525e-04
 -7.2194729e-05 -3.4478935e-04 -3.8194051e-04  2.9907064e-03
  3.5931203e-03] <class 'numpy.ndarray'>
#### CHUNKS Y_C total_chunks: 600 chunk_size: 144000 <class 'list'> <class 'numpy.ndarray'>
#### PARALLEL split_freq_band
#### PARALLEL SPLIT DENOISE Y_C SPLIT PER FREQUENCY 600 10 3000 [ 2.29862038e-04 -2.70982888e-04 -7.73452678e-04 -8.18679405e-05
  4.11192359e-04  1.39104703e-03  9.41632273e-05 -2.92764973e-03
 -1.37712138e-03] 1.9400811195373535
#### TIMES #### flatten: 0.0917356014251709
#### REARRANGED THE SIGNAL PER 10 FREQUENCIES <class 'list'> 10 <class 'numpy.ndarray'> 1800000
#### COMPUTE SLIDING WINDOW WITH SUM
#### RUNNING #### sum_this_sliding_window
#### TIMES #### sum_this_sliding_window 0.45322728157043457
#### REARRANGED THE SIGNAL SUM SLIDING_WINDOW PER 10 FREQUENCIES <class 'numpy.ndarray'> 10 <class 'numpy.ndarray'> 484
12 #### TIMES #### process_soundscape TOTAL TOTAL ==>> 71.09008979797363
13 ################ ################ ################ ################
13 #### RUNNING #### REGION: ==>> Plantation <<== AUDIO: ==>> 2_09_PSA0096-2013.mp3
y: [ 0.00498617  0.00343108 -0.00189297 -0.00040188  0.0026763   0.0024897
  0.00282044  0.00150527  0.00051496]
total samples in y: (86400000,) in time: 1800 secs
samples rate per second:  48000
#### ORIGINAL Y_C 86400000 [ 0.00498617  0.00343108 -0.00189297 -0.00040188  0.0026763   0.0024897
  0.00282044  0.00150527  0.00051496] <class 'numpy.ndarray'>
#### CHUNKS Y_C total_chunks: 600 chunk_size: 144000 <class 'list'> <class 'numpy.ndarray'>
#### PARALLEL split_freq_band
#### PARALLEL SPLIT DENOISE Y_C SPLIT PER FREQUENCY 600 10 3000 [2.86275657e-05 8.88873940e-06 1.39186099e-05 1.57004028e-05
 1.65814869e-05 1.70931880e-05 1.74179203e-05 1.76353678e-05
 1.77850519e-05] 2.0213522911071777
#### TIMES #### flatten: 0.09684419631958008
#### REARRANGED THE SIGNAL PER 10 FREQUENCIES <class 'list'> 10 <class 'numpy.ndarray'> 1800000
#### COMPUTE SLIDING WINDOW WITH SUM
#### RUNNING #### sum_this_sliding_window
#### TIMES #### sum_this_sliding_window 0.44677090644836426
#### REARRANGED THE SIGNAL SUM SLIDING_WINDOW PER 10 FREQUENCIES <class 'numpy.ndarray'> 10 <class 'numpy.ndarray'> 484
13 #### TIMES #### process_soundscape TOTAL TOTAL ==>> 59.26227855682373
14 ################ ################ ################ ################
14 #### RUNNING #### REGION: ==>> Plantation <<== AUDIO: ==>> 2_08_PSA0095-2013.mp3
y: [2.9889517e-03 2.1491684e-03 1.6709652e-03 3.0980729e-03 1.9990047e-03
 5.7865726e-04 2.8421842e-03 3.2138512e-03 5.2391624e-05]
total samples in y: (86400000,) in time: 1800 secs
samples rate per second:  48000
#### ORIGINAL Y_C 86400000 [2.9889517e-03 2.1491684e-03 1.6709652e-03 3.0980729e-03 1.9990047e-03
 5.7865726e-04 2.8421842e-03 3.2138512e-03 5.2391624e-05] <class 'numpy.ndarray'>
#### CHUNKS Y_C total_chunks: 600 chunk_size: 144000 <class 'list'> <class 'numpy.ndarray'>
#### PARALLEL split_freq_band
#### PARALLEL SPLIT DENOISE Y_C SPLIT PER FREQUENCY 600 10 3000 [-1.17707710e-04 -3.75056831e-05 -4.01731787e-05 -4.36735421e-05
 -4.65200367e-05 -4.87630981e-05 -5.05431283e-05 -5.19727919e-05
 -5.31337433e-05] 2.21347713470459
#### TIMES #### flatten: 0.09703278541564941
#### REARRANGED THE SIGNAL PER 10 FREQUENCIES <class 'list'> 10 <class 'numpy.ndarray'> 1800000
#### COMPUTE SLIDING WINDOW WITH SUM
#### RUNNING #### sum_this_sliding_window
#### TIMES #### sum_this_sliding_window 0.44768285751342773
#### REARRANGED THE SIGNAL SUM SLIDING_WINDOW PER 10 FREQUENCIES <class 'numpy.ndarray'> 10 <class 'numpy.ndarray'> 484
14 #### TIMES #### process_soundscape TOTAL TOTAL ==>> 61.82114386558533
15 ################ ################ ################ ################
15 #### RUNNING #### REGION: ==>> Plantation <<== AUDIO: ==>> 2_06_PSA0087-2013.mp3
y: [-0.0014093  -0.00103954 -0.00105862 -0.00210072 -0.00228073 -0.00215911
 -0.00314596 -0.00297701 -0.00058426]
total samples in y: (86400000,) in time: 1800 secs
samples rate per second:  48000
#### ORIGINAL Y_C 86400000 [-0.0014093  -0.00103954 -0.00105862 -0.00210072 -0.00228073 -0.00215911
 -0.00314596 -0.00297701 -0.00058426] <class 'numpy.ndarray'>
#### CHUNKS Y_C total_chunks: 600 chunk_size: 144000 <class 'list'> <class 'numpy.ndarray'>
#### PARALLEL split_freq_band
#### PARALLEL SPLIT DENOISE Y_C SPLIT PER FREQUENCY 600 10 3000 [-7.42844329e-05 -3.23049480e-05 -2.68508972e-05 -2.35516745e-05
 -2.35368425e-05 -2.69264711e-05 -3.21390848e-05 -3.64672418e-05
 -3.77313305e-05] 2.092543125152588
#### TIMES #### flatten: 0.1029975414276123
#### REARRANGED THE SIGNAL PER 10 FREQUENCIES <class 'list'> 10 <class 'numpy.ndarray'> 1800000
#### COMPUTE SLIDING WINDOW WITH SUM
#### RUNNING #### sum_this_sliding_window
#### TIMES #### sum_this_sliding_window 0.475600004196167
#### REARRANGED THE SIGNAL SUM SLIDING_WINDOW PER 10 FREQUENCIES <class 'numpy.ndarray'> 10 <class 'numpy.ndarray'> 484
15 #### TIMES #### process_soundscape TOTAL TOTAL ==>> 83.00486183166504
16 ################ ################ ################ ################
16 #### RUNNING #### REGION: ==>> Plantation <<== AUDIO: ==>> 2_21_PSA0429-2012.mp3
y: [ 0.0015737   0.00132185  0.00142273  0.00205023  0.0014455  -0.00059423
 -0.00193451 -0.00154098 -0.00060688]
total samples in y: (86400000,) in time: 1800 secs
samples rate per second:  48000
#### ORIGINAL Y_C 86400000 [ 0.0015737   0.00132185  0.00142273  0.00205023  0.0014455  -0.00059423
 -0.00193451 -0.00154098 -0.00060688] <class 'numpy.ndarray'>
#### CHUNKS Y_C total_chunks: 600 chunk_size: 144000 <class 'list'> <class 'numpy.ndarray'>
#### PARALLEL split_freq_band
#### PARALLEL SPLIT DENOISE Y_C SPLIT PER FREQUENCY 600 10 3000 [-4.12670815e-05  2.43222569e-04 -1.54770647e-04  7.24382916e-05
 -1.41403298e-05 -1.41666982e-05  8.56755227e-05 -8.87000082e-05
  1.41061516e-05] 2.2424874305725098
#### TIMES #### flatten: 0.09911918640136719
#### REARRANGED THE SIGNAL PER 10 FREQUENCIES <class 'list'> 10 <class 'numpy.ndarray'> 1800000
#### COMPUTE SLIDING WINDOW WITH SUM
#### RUNNING #### sum_this_sliding_window
#### TIMES #### sum_this_sliding_window 0.468508243560791
#### REARRANGED THE SIGNAL SUM SLIDING_WINDOW PER 10 FREQUENCIES <class 'numpy.ndarray'> 10 <class 'numpy.ndarray'> 484
16 #### TIMES #### process_soundscape TOTAL TOTAL ==>> 58.452491760253906
17 ################ ################ ################ ################
17 #### RUNNING #### REGION: ==>> Plantation <<== AUDIO: ==>> 2_11_PSA0192-2009.mp3
y: [ 1.5078523e-03 -4.8705522e-05 -2.4045832e-03 -1.9080644e-03
 -1.0817056e-03 -1.8788462e-03 -2.2096413e-03 -1.5640502e-03
 -1.1114924e-03]
total samples in y: (86400000,) in time: 1800 secs
samples rate per second:  48000
#### ORIGINAL Y_C 86400000 [ 1.5078523e-03 -4.8705522e-05 -2.4045832e-03 -1.9080644e-03
 -1.0817056e-03 -1.8788462e-03 -2.2096413e-03 -1.5640502e-03
 -1.1114924e-03] <class 'numpy.ndarray'>
#### CHUNKS Y_C total_chunks: 600 chunk_size: 144000 <class 'list'> <class 'numpy.ndarray'>
#### PARALLEL split_freq_band
#### PARALLEL SPLIT DENOISE Y_C SPLIT PER FREQUENCY 600 10 3000 [-4.45229593e-04 -1.57700117e-04 -2.36598444e-04 -1.06962541e-04
 -9.79141920e-05  1.10606847e-05  1.81264953e-04 -1.59858033e-04
  4.41188842e-04] 2.0148873329162598
#### TIMES #### flatten: 0.0868828296661377
#### REARRANGED THE SIGNAL PER 10 FREQUENCIES <class 'list'> 10 <class 'numpy.ndarray'> 1800000
#### COMPUTE SLIDING WINDOW WITH SUM
#### RUNNING #### sum_this_sliding_window
#### TIMES #### sum_this_sliding_window 0.4457688331604004
#### REARRANGED THE SIGNAL SUM SLIDING_WINDOW PER 10 FREQUENCIES <class 'numpy.ndarray'> 10 <class 'numpy.ndarray'> 484
17 #### TIMES #### process_soundscape TOTAL TOTAL ==>> 60.93260622024536
18 ################ ################ ################ ################
18 #### RUNNING #### REGION: ==>> Plantation <<== AUDIO: ==>> 2_01_PSA0022-2015.mp3
y: [-0.00544647 -0.00827495 -0.00738019 -0.00657342 -0.00486134  0.00204174
  0.00792338  0.00717777  0.00406893]
total samples in y: (86400000,) in time: 1800 secs
samples rate per second:  48000
#### ORIGINAL Y_C 86400000 [-0.00544647 -0.00827495 -0.00738019 -0.00657342 -0.00486134  0.00204174
  0.00792338  0.00717777  0.00406893] <class 'numpy.ndarray'>
#### CHUNKS Y_C total_chunks: 600 chunk_size: 144000 <class 'list'> <class 'numpy.ndarray'>
#### PARALLEL split_freq_band
#### PARALLEL SPLIT DENOISE Y_C SPLIT PER FREQUENCY 600 10 3000 [-1.27861319e-03 -1.60585736e-05  4.52137700e-05 -9.62527682e-05
  1.55610310e-04 -1.72382659e-06  3.76098965e-05 -2.18002414e-04
  1.59560834e-04] 2.018955945968628
#### TIMES #### flatten: 0.09484982490539551
#### REARRANGED THE SIGNAL PER 10 FREQUENCIES <class 'list'> 10 <class 'numpy.ndarray'> 1800000
#### COMPUTE SLIDING WINDOW WITH SUM
#### RUNNING #### sum_this_sliding_window
#### TIMES #### sum_this_sliding_window 0.44583797454833984
#### REARRANGED THE SIGNAL SUM SLIDING_WINDOW PER 10 FREQUENCIES <class 'numpy.ndarray'> 10 <class 'numpy.ndarray'> 484
18 #### TIMES #### process_soundscape TOTAL TOTAL ==>> 65.77418923377991
19 ################ ################ ################ ################
19 #### RUNNING #### REGION: ==>> Plantation <<== AUDIO: ==>> 2_04_PSA0078-2013.mp3
y: [ 0.00496935  0.00223682 -0.00015433  0.00304944  0.00606916  0.00514213
  0.00539011  0.00601292  0.00222353]
total samples in y: (86400000,) in time: 1800 secs
samples rate per second:  48000
#### ORIGINAL Y_C 86400000 [ 0.00496935  0.00223682 -0.00015433  0.00304944  0.00606916  0.00514213
  0.00539011  0.00601292  0.00222353] <class 'numpy.ndarray'>
#### CHUNKS Y_C total_chunks: 600 chunk_size: 144000 <class 'list'> <class 'numpy.ndarray'>
#### PARALLEL split_freq_band
#### PARALLEL SPLIT DENOISE Y_C SPLIT PER FREQUENCY 600 10 3000 [-3.57515340e-04  3.27027281e-05  3.15795980e-05  3.05288044e-05
  2.98644219e-05  2.94074196e-05  2.90970529e-05  2.88705770e-05
  2.87001493e-05] 1.982762098312378
#### TIMES #### flatten: 0.0958404541015625
#### REARRANGED THE SIGNAL PER 10 FREQUENCIES <class 'list'> 10 <class 'numpy.ndarray'> 1800000
#### COMPUTE SLIDING WINDOW WITH SUM
#### RUNNING #### sum_this_sliding_window
#### TIMES #### sum_this_sliding_window 0.4679749011993408
#### REARRANGED THE SIGNAL SUM SLIDING_WINDOW PER 10 FREQUENCIES <class 'numpy.ndarray'> 10 <class 'numpy.ndarray'> 484
19 #### TIMES #### process_soundscape TOTAL TOTAL ==>> 67.6357593536377
20 ################ ################ ################ ################
20 #### RUNNING #### REGION: ==>> Plantation <<== AUDIO: ==>> 2_02_PSA0077-2013.mp3
y: [-0.00433627 -0.00495441 -0.00197762  0.00187105  0.0034753   0.00254379
  0.00032513 -0.00268132 -0.00445698]
total samples in y: (86400000,) in time: 1800 secs
samples rate per second:  48000
#### ORIGINAL Y_C 86400000 [-0.00433627 -0.00495441 -0.00197762  0.00187105  0.0034753   0.00254379
  0.00032513 -0.00268132 -0.00445698] <class 'numpy.ndarray'>
#### CHUNKS Y_C total_chunks: 600 chunk_size: 144000 <class 'list'> <class 'numpy.ndarray'>
#### PARALLEL split_freq_band
#### PARALLEL SPLIT DENOISE Y_C SPLIT PER FREQUENCY 600 10 3000 [4.34312828e-04 7.72489939e-05 5.99566578e-05 7.37531475e-05
 5.84243044e-05 2.03319158e-05 9.68416656e-05 1.46689268e-05
 7.99624329e-05] 2.2254221439361572
#### TIMES #### flatten: 0.08931922912597656
#### REARRANGED THE SIGNAL PER 10 FREQUENCIES <class 'list'> 10 <class 'numpy.ndarray'> 1800000
#### COMPUTE SLIDING WINDOW WITH SUM
#### RUNNING #### sum_this_sliding_window
#### TIMES #### sum_this_sliding_window 0.4432942867279053
#### REARRANGED THE SIGNAL SUM SLIDING_WINDOW PER 10 FREQUENCIES <class 'numpy.ndarray'> 10 <class 'numpy.ndarray'> 484
20 #### TIMES #### process_soundscape TOTAL TOTAL ==>> 62.365930795669556
21 ################ ################ ################ ################
21 #### RUNNING #### REGION: ==>> Plantation <<== AUDIO: ==>> 2_12_PSA0254-2011.mp3
y: [ 0.00175081 -0.00323589 -0.00785828 -0.00602909 -0.00034175  0.00169458
 -0.00107514 -0.00280806 -0.00080339]
total samples in y: (86400000,) in time: 1800 secs
samples rate per second:  48000
#### ORIGINAL Y_C 86400000 [ 0.00175081 -0.00323589 -0.00785828 -0.00602909 -0.00034175  0.00169458
 -0.00107514 -0.00280806 -0.00080339] <class 'numpy.ndarray'>
#### CHUNKS Y_C total_chunks: 600 chunk_size: 144000 <class 'list'> <class 'numpy.ndarray'>
#### PARALLEL split_freq_band
#### PARALLEL SPLIT DENOISE Y_C SPLIT PER FREQUENCY 600 10 3000 [-0.00016171 -0.00020541  0.00068687 -0.00029683 -0.00035899  0.00059999
 -0.00031245 -0.00015879  0.00066759] 1.9813988208770752
#### TIMES #### flatten: 0.08916950225830078
#### REARRANGED THE SIGNAL PER 10 FREQUENCIES <class 'list'> 10 <class 'numpy.ndarray'> 1800000
#### COMPUTE SLIDING WINDOW WITH SUM
#### RUNNING #### sum_this_sliding_window
#### TIMES #### sum_this_sliding_window 0.466564416885376
#### REARRANGED THE SIGNAL SUM SLIDING_WINDOW PER 10 FREQUENCIES <class 'numpy.ndarray'> 10 <class 'numpy.ndarray'> 484
21 #### TIMES #### process_soundscape TOTAL TOTAL ==>> 65.094158411026
22 ################ ################ ################ ################
22 #### RUNNING #### REGION: ==>> Pasture <<== AUDIO: ==>> 3_01_Pasture11.mp3
y: [-7.8479032e-04 -2.0871679e-03  4.1018400e-04  2.8872874e-03
  2.7670162e-03  1.2681029e-03  2.7039059e-05 -1.3762547e-04
 -2.9300922e-04]
total samples in y: (86400000,) in time: 1800 secs
samples rate per second:  48000
#### ORIGINAL Y_C 86400000 [-7.8479032e-04 -2.0871679e-03  4.1018400e-04  2.8872874e-03
  2.7670162e-03  1.2681029e-03  2.7039059e-05 -1.3762547e-04
 -2.9300922e-04] <class 'numpy.ndarray'>
#### CHUNKS Y_C total_chunks: 600 chunk_size: 144000 <class 'list'> <class 'numpy.ndarray'>
#### PARALLEL split_freq_band
#### PARALLEL SPLIT DENOISE Y_C SPLIT PER FREQUENCY 600 10 3000 [-1.19829233e-04 -7.64185148e-05  2.23155982e-05  9.30675091e-05
 -8.04236937e-05 -2.48297859e-04 -1.14363820e-04  8.70966973e-05
  1.90457607e-04] 2.0209155082702637
#### TIMES #### flatten: 0.08206582069396973
#### REARRANGED THE SIGNAL PER 10 FREQUENCIES <class 'list'> 10 <class 'numpy.ndarray'> 1800000
#### COMPUTE SLIDING WINDOW WITH SUM
#### RUNNING #### sum_this_sliding_window
#### TIMES #### sum_this_sliding_window 0.43447256088256836
#### REARRANGED THE SIGNAL SUM SLIDING_WINDOW PER 10 FREQUENCIES <class 'numpy.ndarray'> 10 <class 'numpy.ndarray'> 484
22 #### TIMES #### process_soundscape TOTAL TOTAL ==>> 61.85123372077942
23 ################ ################ ################ ################
23 #### RUNNING #### REGION: ==>> Pasture <<== AUDIO: ==>> 3_09_Pasture8.mp3
y: [ 0.00261545 -0.00092412 -0.0060214  -0.0065224  -0.00085734  0.00450322
  0.00437373 -0.00030787 -0.00563385]
total samples in y: (86400000,) in time: 1800 secs
samples rate per second:  48000
#### ORIGINAL Y_C 86400000 [ 0.00261545 -0.00092412 -0.0060214  -0.0065224  -0.00085734  0.00450322
  0.00437373 -0.00030787 -0.00563385] <class 'numpy.ndarray'>
#### CHUNKS Y_C total_chunks: 600 chunk_size: 144000 <class 'list'> <class 'numpy.ndarray'>
#### PARALLEL split_freq_band
#### PARALLEL SPLIT DENOISE Y_C SPLIT PER FREQUENCY 600 10 3000 [-4.73287845e-04  5.21128796e-04 -1.67971556e-04 -8.04784830e-04
  4.16045103e-04  5.22363099e-04 -4.03900107e-04  6.99215972e-05
  3.98767899e-04] 2.138317108154297
#### TIMES #### flatten: 0.07633638381958008
#### REARRANGED THE SIGNAL PER 10 FREQUENCIES <class 'list'> 10 <class 'numpy.ndarray'> 1800000
#### COMPUTE SLIDING WINDOW WITH SUM
#### RUNNING #### sum_this_sliding_window
#### TIMES #### sum_this_sliding_window 0.45078086853027344
#### REARRANGED THE SIGNAL SUM SLIDING_WINDOW PER 10 FREQUENCIES <class 'numpy.ndarray'> 10 <class 'numpy.ndarray'> 484
23 #### TIMES #### process_soundscape TOTAL TOTAL ==>> 61.25420928001404
24 ################ ################ ################ ################
24 #### RUNNING #### REGION: ==>> Pasture <<== AUDIO: ==>> 3_06_Pasture5.mp3
y: [-0.00381287 -0.0027278   0.00032075  0.00017258 -0.00444139 -0.00411534
  0.00661932  0.01696365  0.01375177]
total samples in y: (86400000,) in time: 1800 secs
samples rate per second:  48000
#### ORIGINAL Y_C 86400000 [-0.00381287 -0.0027278   0.00032075  0.00017258 -0.00444139 -0.00411534
  0.00661932  0.01696365  0.01375177] <class 'numpy.ndarray'>
#### CHUNKS Y_C total_chunks: 600 chunk_size: 144000 <class 'list'> <class 'numpy.ndarray'>
#### PARALLEL split_freq_band
#### PARALLEL SPLIT DENOISE Y_C SPLIT PER FREQUENCY 600 10 3000 [ 2.34455051e-04 -8.34761921e-05 -8.11724100e-05 -8.01656503e-05
 -7.96354224e-05 -7.93201405e-05 -7.91188234e-05 -7.89848766e-05
 -7.88939620e-05] 1.8843603134155273
#### TIMES #### flatten: 0.08718585968017578
#### REARRANGED THE SIGNAL PER 10 FREQUENCIES <class 'list'> 10 <class 'numpy.ndarray'> 1800000
#### COMPUTE SLIDING WINDOW WITH SUM
#### RUNNING #### sum_this_sliding_window
#### TIMES #### sum_this_sliding_window 0.4525282382965088
#### REARRANGED THE SIGNAL SUM SLIDING_WINDOW PER 10 FREQUENCIES <class 'numpy.ndarray'> 10 <class 'numpy.ndarray'> 484
24 #### TIMES #### process_soundscape TOTAL TOTAL ==>> 58.05776047706604
25 ################ ################ ################ ################
25 #### RUNNING #### REGION: ==>> Pasture <<== AUDIO: ==>> 3_08_Pasture6.mp3
y: [-0.00626647 -0.00417781  0.00088     0.0031542   0.00375354  0.00452603
  0.00266295 -0.0027078  -0.00751396]
total samples in y: (86400000,) in time: 1800 secs
samples rate per second:  48000
#### ORIGINAL Y_C 86400000 [-0.00626647 -0.00417781  0.00088     0.0031542   0.00375354  0.00452603
  0.00266295 -0.0027078  -0.00751396] <class 'numpy.ndarray'>
#### CHUNKS Y_C total_chunks: 600 chunk_size: 144000 <class 'list'> <class 'numpy.ndarray'>
#### PARALLEL split_freq_band
#### PARALLEL SPLIT DENOISE Y_C SPLIT PER FREQUENCY 600 10 3000 [-7.67602307e-04 -4.31109483e-04 -2.75613500e-04 -2.55147523e-04
 -1.99127706e-04 -1.06765378e-04 -1.53406890e-04 -1.75599777e-04
 -7.32974210e-05] 1.9615182876586914
#### TIMES #### flatten: 0.08689403533935547
#### REARRANGED THE SIGNAL PER 10 FREQUENCIES <class 'list'> 10 <class 'numpy.ndarray'> 1800000
#### COMPUTE SLIDING WINDOW WITH SUM
#### RUNNING #### sum_this_sliding_window
#### TIMES #### sum_this_sliding_window 0.46932196617126465
#### REARRANGED THE SIGNAL SUM SLIDING_WINDOW PER 10 FREQUENCIES <class 'numpy.ndarray'> 10 <class 'numpy.ndarray'> 484
25 #### TIMES #### process_soundscape TOTAL TOTAL ==>> 66.22527265548706
26 ################ ################ ################ ################
26 #### RUNNING #### REGION: ==>> Pasture <<== AUDIO: ==>> 3_07_Pasture5.mp3
y: [-0.00381287 -0.0027278   0.00032075  0.00017258 -0.00444139 -0.00411534
  0.00661932  0.01696365  0.01375177]
total samples in y: (86400000,) in time: 1800 secs
samples rate per second:  48000
#### ORIGINAL Y_C 86400000 [-0.00381287 -0.0027278   0.00032075  0.00017258 -0.00444139 -0.00411534
  0.00661932  0.01696365  0.01375177] <class 'numpy.ndarray'>
#### CHUNKS Y_C total_chunks: 600 chunk_size: 144000 <class 'list'> <class 'numpy.ndarray'>
#### PARALLEL split_freq_band
#### PARALLEL SPLIT DENOISE Y_C SPLIT PER FREQUENCY 600 10 3000 [ 2.34455051e-04 -8.34761921e-05 -8.11724100e-05 -8.01656503e-05
 -7.96354224e-05 -7.93201405e-05 -7.91188234e-05 -7.89848766e-05
 -7.88939620e-05] 2.1579411029815674
#### TIMES #### flatten: 0.0928494930267334
#### REARRANGED THE SIGNAL PER 10 FREQUENCIES <class 'list'> 10 <class 'numpy.ndarray'> 1800000
#### COMPUTE SLIDING WINDOW WITH SUM
#### RUNNING #### sum_this_sliding_window
#### TIMES #### sum_this_sliding_window 0.45088648796081543
#### REARRANGED THE SIGNAL SUM SLIDING_WINDOW PER 10 FREQUENCIES <class 'numpy.ndarray'> 10 <class 'numpy.ndarray'> 484
26 #### TIMES #### process_soundscape TOTAL TOTAL ==>> 58.4768283367157
27 ################ ################ ################ ################
27 #### RUNNING #### REGION: ==>> Pasture <<== AUDIO: ==>> 3_05_Pasture4.mp3
y: [ 0.0057366  -0.00273573 -0.0150972  -0.01746827 -0.01176313 -0.00983595
 -0.01108886 -0.00824677 -0.00404682]
total samples in y: (86400000,) in time: 1800 secs
samples rate per second:  48000
#### ORIGINAL Y_C 86400000 [ 0.0057366  -0.00273573 -0.0150972  -0.01746827 -0.01176313 -0.00983595
 -0.01108886 -0.00824677 -0.00404682] <class 'numpy.ndarray'>
#### CHUNKS Y_C total_chunks: 600 chunk_size: 144000 <class 'list'> <class 'numpy.ndarray'>
#### PARALLEL split_freq_band
#### PARALLEL SPLIT DENOISE Y_C SPLIT PER FREQUENCY 600 10 3000 [-6.15801228e-03 -2.19996931e-04 -1.52213963e-04  7.88136640e-05
 -1.99746461e-04  1.11030694e-04 -1.73828584e-04  1.16411243e-04
 -1.38052218e-04] 2.20327091217041
#### TIMES #### flatten: 0.06274652481079102
#### REARRANGED THE SIGNAL PER 10 FREQUENCIES <class 'list'> 10 <class 'numpy.ndarray'> 1800000
#### COMPUTE SLIDING WINDOW WITH SUM
#### RUNNING #### sum_this_sliding_window
#### TIMES #### sum_this_sliding_window 0.4571824073791504
#### REARRANGED THE SIGNAL SUM SLIDING_WINDOW PER 10 FREQUENCIES <class 'numpy.ndarray'> 10 <class 'numpy.ndarray'> 484
27 #### TIMES #### process_soundscape TOTAL TOTAL ==>> 83.74865770339966
28 ################ ################ ################ ################
28 #### RUNNING #### REGION: ==>> Pasture <<== AUDIO: ==>> 3_00_Pasture10.mp3
y: [0.00365036 0.0032973  0.00126399 0.00112457 0.00214178 0.00322806
 0.00385621 0.00296243 0.00160244]
total samples in y: (86400000,) in time: 1800 secs
samples rate per second:  48000
#### ORIGINAL Y_C 86400000 [0.00365036 0.0032973  0.00126399 0.00112457 0.00214178 0.00322806
 0.00385621 0.00296243 0.00160244] <class 'numpy.ndarray'>
#### CHUNKS Y_C total_chunks: 600 chunk_size: 144000 <class 'list'> <class 'numpy.ndarray'>
#### PARALLEL split_freq_band
#### PARALLEL SPLIT DENOISE Y_C SPLIT PER FREQUENCY 600 10 3000 [ 0.0007345  -0.00085165 -0.00011418  0.00039376 -0.00057861  0.00282711
 -0.00255357 -0.00131444  0.00161034] 2.113003730773926
#### TIMES #### flatten: 0.09608340263366699
#### REARRANGED THE SIGNAL PER 10 FREQUENCIES <class 'list'> 10 <class 'numpy.ndarray'> 1800000
#### COMPUTE SLIDING WINDOW WITH SUM
#### RUNNING #### sum_this_sliding_window
#### TIMES #### sum_this_sliding_window 0.4590423107147217
#### REARRANGED THE SIGNAL SUM SLIDING_WINDOW PER 10 FREQUENCIES <class 'numpy.ndarray'> 10 <class 'numpy.ndarray'> 484
28 #### TIMES #### process_soundscape TOTAL TOTAL ==>> 65.40886425971985
29 ################ ################ ################ ################
29 #### RUNNING #### REGION: ==>> Pasture <<== AUDIO: ==>> 3_03_Pasture2.mp3
y: [-0.006425   -0.00607684 -0.00163868  0.00151603  0.00407694  0.00710465
  0.00620017  0.0015748  -0.00099667]
total samples in y: (86400000,) in time: 1800 secs
samples rate per second:  48000
#### ORIGINAL Y_C 86400000 [-0.006425   -0.00607684 -0.00163868  0.00151603  0.00407694  0.00710465
  0.00620017  0.0015748  -0.00099667] <class 'numpy.ndarray'>
#### CHUNKS Y_C total_chunks: 600 chunk_size: 144000 <class 'list'> <class 'numpy.ndarray'>
#### PARALLEL split_freq_band
#### PARALLEL SPLIT DENOISE Y_C SPLIT PER FREQUENCY 600 10 3000 [ 4.21677038e-06  3.69775396e-05  1.50955930e-05  4.10414585e-06
 -1.91613398e-06 -5.59960588e-06 -8.02205072e-06 -9.70314520e-06
 -1.09085678e-05] 2.0386006832122803
#### TIMES #### flatten: 0.08714056015014648
#### REARRANGED THE SIGNAL PER 10 FREQUENCIES <class 'list'> 10 <class 'numpy.ndarray'> 1800000
#### COMPUTE SLIDING WINDOW WITH SUM
#### RUNNING #### sum_this_sliding_window
#### TIMES #### sum_this_sliding_window 0.4417297840118408
#### REARRANGED THE SIGNAL SUM SLIDING_WINDOW PER 10 FREQUENCIES <class 'numpy.ndarray'> 10 <class 'numpy.ndarray'> 484
29 #### TIMES #### process_soundscape TOTAL TOTAL ==>> 59.57864952087402
30 ################ ################ ################ ################
30 #### RUNNING #### REGION: ==>> Pasture <<== AUDIO: ==>> 3_10_Pasture9.mp3
y: [-0.00402293  0.00018895  0.00486967  0.00672111  0.00504222 -0.00141986
 -0.00852966 -0.00877793 -0.00269217]
total samples in y: (86400000,) in time: 1800 secs
samples rate per second:  48000
#### ORIGINAL Y_C 86400000 [-0.00402293  0.00018895  0.00486967  0.00672111  0.00504222 -0.00141986
 -0.00852966 -0.00877793 -0.00269217] <class 'numpy.ndarray'>
#### CHUNKS Y_C total_chunks: 600 chunk_size: 144000 <class 'list'> <class 'numpy.ndarray'>
#### PARALLEL split_freq_band
#### PARALLEL SPLIT DENOISE Y_C SPLIT PER FREQUENCY 600 10 3000 [0.00050254 0.00041267 0.00038753 0.00043185 0.00021555 0.00037948
 0.00029408 0.0002277  0.00034156] 2.0798323154449463
#### TIMES #### flatten: 0.08651089668273926
#### REARRANGED THE SIGNAL PER 10 FREQUENCIES <class 'list'> 10 <class 'numpy.ndarray'> 1800000
#### COMPUTE SLIDING WINDOW WITH SUM
#### RUNNING #### sum_this_sliding_window
#### TIMES #### sum_this_sliding_window 0.4608490467071533
#### REARRANGED THE SIGNAL SUM SLIDING_WINDOW PER 10 FREQUENCIES <class 'numpy.ndarray'> 10 <class 'numpy.ndarray'> 484
30 #### TIMES #### process_soundscape TOTAL TOTAL ==>> 69.87122321128845
31 ################ ################ ################ ################
31 #### RUNNING #### REGION: ==>> Pasture <<== AUDIO: ==>> 3_04_Pasture3.mp3
y: [-0.01645248 -0.00066915 -0.01571613  0.00739202  0.0242783  -0.01983872
 -0.02534965  0.0034896  -0.00387647]
total samples in y: (86400000,) in time: 1800 secs
samples rate per second:  48000
#### ORIGINAL Y_C 86400000 [-0.01645248 -0.00066915 -0.01571613  0.00739202  0.0242783  -0.01983872
 -0.02534965  0.0034896  -0.00387647] <class 'numpy.ndarray'>
#### CHUNKS Y_C total_chunks: 600 chunk_size: 144000 <class 'list'> <class 'numpy.ndarray'>
#### PARALLEL split_freq_band
#### PARALLEL SPLIT DENOISE Y_C SPLIT PER FREQUENCY 600 10 3000 [ 1.45493692e-03 -1.90193041e-05  8.28161106e-06  1.55231489e-05
  1.86084432e-05  2.02640662e-05  2.12814962e-05  2.19654884e-05
  2.24552005e-05] 2.067784547805786
#### TIMES #### flatten: 0.08396124839782715
#### REARRANGED THE SIGNAL PER 10 FREQUENCIES <class 'list'> 10 <class 'numpy.ndarray'> 1800000
#### COMPUTE SLIDING WINDOW WITH SUM
#### RUNNING #### sum_this_sliding_window
#### TIMES #### sum_this_sliding_window 0.47315263748168945
#### REARRANGED THE SIGNAL SUM SLIDING_WINDOW PER 10 FREQUENCIES <class 'numpy.ndarray'> 10 <class 'numpy.ndarray'> 484
31 #### TIMES #### process_soundscape TOTAL TOTAL ==>> 70.87404131889343
32 ################ ################ ################ ################
32 #### RUNNING #### REGION: ==>> Pasture <<== AUDIO: ==>> 3_02_Pasture12.mp3
y: [ 1.8349340e-03 -3.3504126e-05 -4.4894009e-04 -1.3686367e-05
  1.3483892e-05  2.0566548e-03  5.0532585e-03  3.6723120e-03
 -8.7233982e-04]
total samples in y: (86400000,) in time: 1800 secs
samples rate per second:  48000
#### ORIGINAL Y_C 86400000 [ 1.8349340e-03 -3.3504126e-05 -4.4894009e-04 -1.3686367e-05
  1.3483892e-05  2.0566548e-03  5.0532585e-03  3.6723120e-03
 -8.7233982e-04] <class 'numpy.ndarray'>
#### CHUNKS Y_C total_chunks: 600 chunk_size: 144000 <class 'list'> <class 'numpy.ndarray'>
#### PARALLEL split_freq_band
#### PARALLEL SPLIT DENOISE Y_C SPLIT PER FREQUENCY 600 10 3000 [-0.00116903 -0.0027987   0.00381347 -0.00369962 -0.00248335  0.00231171
 -0.00035095  0.00444811  0.00260819] 2.0736377239227295
#### TIMES #### flatten: 0.09631896018981934
#### REARRANGED THE SIGNAL PER 10 FREQUENCIES <class 'list'> 10 <class 'numpy.ndarray'> 1800000
#### COMPUTE SLIDING WINDOW WITH SUM
#### RUNNING #### sum_this_sliding_window
#### TIMES #### sum_this_sliding_window 0.46246862411499023
#### REARRANGED THE SIGNAL SUM SLIDING_WINDOW PER 10 FREQUENCIES <class 'numpy.ndarray'> 10 <class 'numpy.ndarray'> 484
32 #### TIMES #### process_soundscape TOTAL TOTAL ==>> 57.5226035118103
33 ################ ################ ################ ################
33 #### RUNNING #### REGION: ==>> NaturalRegeneration <<== AUDIO: ==>> 1_01_PSA0009-2018.mp3
y: [-0.00073008 -0.00149818 -0.00137381  0.00121684  0.0025564   0.00025634
 -0.00252127 -0.00486954 -0.00723418]
total samples in y: (86400000,) in time: 1800 secs
samples rate per second:  48000
#### ORIGINAL Y_C 86400000 [-0.00073008 -0.00149818 -0.00137381  0.00121684  0.0025564   0.00025634
 -0.00252127 -0.00486954 -0.00723418] <class 'numpy.ndarray'>
#### CHUNKS Y_C total_chunks: 600 chunk_size: 144000 <class 'list'> <class 'numpy.ndarray'>
#### PARALLEL split_freq_band
#### PARALLEL SPLIT DENOISE Y_C SPLIT PER FREQUENCY 600 10 3000 [-4.18474973e-05  8.29929688e-05  2.56409823e-04  1.05666694e-04
  8.44774985e-05  9.63478542e-05  2.28728393e-05 -2.48753340e-04
 -6.47802931e-04] 2.047170400619507
#### TIMES #### flatten: 0.08197999000549316
#### REARRANGED THE SIGNAL PER 10 FREQUENCIES <class 'list'> 10 <class 'numpy.ndarray'> 1800000
#### COMPUTE SLIDING WINDOW WITH SUM
#### RUNNING #### sum_this_sliding_window
#### TIMES #### sum_this_sliding_window 0.4575612545013428
#### REARRANGED THE SIGNAL SUM SLIDING_WINDOW PER 10 FREQUENCIES <class 'numpy.ndarray'> 10 <class 'numpy.ndarray'> 484
33 #### TIMES #### process_soundscape TOTAL TOTAL ==>> 67.51708984375
34 ################ ################ ################ ################
34 #### RUNNING #### REGION: ==>> NaturalRegeneration <<== AUDIO: ==>> 1_05_PSA0074-2020.mp3
y: [-0.00413486 -0.00270978 -0.00017886 -0.00018085 -0.00060511 -0.00186505
 -0.00377522 -0.00295778 -0.00029858]
total samples in y: (86400000,) in time: 1800 secs
samples rate per second:  48000
#### ORIGINAL Y_C 86400000 [-0.00413486 -0.00270978 -0.00017886 -0.00018085 -0.00060511 -0.00186505
 -0.00377522 -0.00295778 -0.00029858] <class 'numpy.ndarray'>
#### CHUNKS Y_C total_chunks: 600 chunk_size: 144000 <class 'list'> <class 'numpy.ndarray'>
#### PARALLEL split_freq_band
#### PARALLEL SPLIT DENOISE Y_C SPLIT PER FREQUENCY 600 10 3000 [-1.85627203e-04  1.28049936e-05  4.09625865e-05  3.56417563e-05
 -2.64492160e-05  5.90998003e-05  5.86643910e-05 -1.31261883e-04
  2.83507827e-04] 2.0938069820404053
#### TIMES #### flatten: 0.0841054916381836
#### REARRANGED THE SIGNAL PER 10 FREQUENCIES <class 'list'> 10 <class 'numpy.ndarray'> 1800000
#### COMPUTE SLIDING WINDOW WITH SUM
#### RUNNING #### sum_this_sliding_window
#### TIMES #### sum_this_sliding_window 0.4563112258911133
#### REARRANGED THE SIGNAL SUM SLIDING_WINDOW PER 10 FREQUENCIES <class 'numpy.ndarray'> 10 <class 'numpy.ndarray'> 484
34 #### TIMES #### process_soundscape TOTAL TOTAL ==>> 58.52682185173035
35 ################ ################ ################ ################
35 #### RUNNING #### REGION: ==>> NaturalRegeneration <<== AUDIO: ==>> 1_13_PSA0165-2021.mp3
y: [ 0.00119434  0.0014703   0.00074433 -0.00060399 -0.0012913  -0.00042328
  0.00121864  0.00340199  0.00547332]
total samples in y: (86400000,) in time: 1800 secs
samples rate per second:  48000
#### ORIGINAL Y_C 86400000 [ 0.00119434  0.0014703   0.00074433 -0.00060399 -0.0012913  -0.00042328
  0.00121864  0.00340199  0.00547332] <class 'numpy.ndarray'>
#### CHUNKS Y_C total_chunks: 600 chunk_size: 144000 <class 'list'> <class 'numpy.ndarray'>
#### PARALLEL split_freq_band
#### PARALLEL SPLIT DENOISE Y_C SPLIT PER FREQUENCY 600 10 3000 [ 3.96050176e-05 -7.10338731e-07 -5.36593669e-07 -4.64215235e-07
 -4.28555558e-07 -4.09781725e-07 -3.99445654e-07 -3.94331247e-07
 -3.92538318e-07] 1.9927518367767334
#### TIMES #### flatten: 0.08708500862121582
#### REARRANGED THE SIGNAL PER 10 FREQUENCIES <class 'list'> 10 <class 'numpy.ndarray'> 1800000
#### COMPUTE SLIDING WINDOW WITH SUM
#### RUNNING #### sum_this_sliding_window
#### TIMES #### sum_this_sliding_window 0.4445536136627197
#### REARRANGED THE SIGNAL SUM SLIDING_WINDOW PER 10 FREQUENCIES <class 'numpy.ndarray'> 10 <class 'numpy.ndarray'> 484
35 #### TIMES #### process_soundscape TOTAL TOTAL ==>> 57.04284882545471
36 ################ ################ ################ ################
36 #### RUNNING #### REGION: ==>> NaturalRegeneration <<== AUDIO: ==>> 1_17_PSA0193-2013.mp3
y: [-9.4229414e-05  6.7900686e-04  2.5894905e-03  3.2814175e-03
  2.7445049e-03  1.4147771e-03 -1.0942377e-03 -3.1116561e-03
 -3.2491102e-03]
total samples in y: (86400000,) in time: 1800 secs
samples rate per second:  48000
#### ORIGINAL Y_C 86400000 [-9.4229414e-05  6.7900686e-04  2.5894905e-03  3.2814175e-03
  2.7445049e-03  1.4147771e-03 -1.0942377e-03 -3.1116561e-03
 -3.2491102e-03] <class 'numpy.ndarray'>
#### CHUNKS Y_C total_chunks: 600 chunk_size: 144000 <class 'list'> <class 'numpy.ndarray'>
#### PARALLEL split_freq_band
#### PARALLEL SPLIT DENOISE Y_C SPLIT PER FREQUENCY 600 10 3000 [6.54285686e-03 1.19819393e-04 4.10081313e-05 2.27479115e-05
 1.52372906e-05 1.12553594e-05 8.82029871e-06 7.18903151e-06
 6.02509143e-06] 2.0682578086853027
#### TIMES #### flatten: 0.08121967315673828
#### REARRANGED THE SIGNAL PER 10 FREQUENCIES <class 'list'> 10 <class 'numpy.ndarray'> 1800000
#### COMPUTE SLIDING WINDOW WITH SUM
#### RUNNING #### sum_this_sliding_window
#### TIMES #### sum_this_sliding_window 0.45700621604919434
#### REARRANGED THE SIGNAL SUM SLIDING_WINDOW PER 10 FREQUENCIES <class 'numpy.ndarray'> 10 <class 'numpy.ndarray'> 484
36 #### TIMES #### process_soundscape TOTAL TOTAL ==>> 64.40063166618347
37 ################ ################ ################ ################
37 #### RUNNING #### REGION: ==>> NaturalRegeneration <<== AUDIO: ==>> 1_12_PSA0161-2016.mp3
y: [0.00123108 0.00094246 0.00163549 0.00216079 0.0021793  0.00242583
 0.00282757 0.00242003 0.00074263]
total samples in y: (86400000,) in time: 1800 secs
samples rate per second:  48000
#### ORIGINAL Y_C 86400000 [0.00123108 0.00094246 0.00163549 0.00216079 0.0021793  0.00242583
 0.00282757 0.00242003 0.00074263] <class 'numpy.ndarray'>
#### CHUNKS Y_C total_chunks: 600 chunk_size: 144000 <class 'list'> <class 'numpy.ndarray'>
#### PARALLEL split_freq_band
#### PARALLEL SPLIT DENOISE Y_C SPLIT PER FREQUENCY 600 10 3000 [ 2.27439050e-04  1.07147905e-05  4.20842807e-07 -2.92503027e-06
 -4.58238377e-06 -5.58055460e-06 -6.25474866e-06 -6.74614529e-06
 -7.12442701e-06] 2.3669369220733643
#### TIMES #### flatten: 0.09529566764831543
#### REARRANGED THE SIGNAL PER 10 FREQUENCIES <class 'list'> 10 <class 'numpy.ndarray'> 1800000
#### COMPUTE SLIDING WINDOW WITH SUM
#### RUNNING #### sum_this_sliding_window
#### TIMES #### sum_this_sliding_window 0.45293545722961426
#### REARRANGED THE SIGNAL SUM SLIDING_WINDOW PER 10 FREQUENCIES <class 'numpy.ndarray'> 10 <class 'numpy.ndarray'> 484
37 #### TIMES #### process_soundscape TOTAL TOTAL ==>> 67.4781494140625
38 ################ ################ ################ ################
38 #### RUNNING #### REGION: ==>> NaturalRegeneration <<== AUDIO: ==>> 1_16_PSA0183-2017.mp3
y: [ 9.8261726e-04 -3.2066222e-05 -2.3561085e-03 -7.2424085e-04
  1.3759425e-03  1.0739835e-03  8.6392160e-05 -1.8749989e-03
 -1.5327190e-03]
total samples in y: (86400000,) in time: 1800 secs
samples rate per second:  48000
#### ORIGINAL Y_C 86400000 [ 9.8261726e-04 -3.2066222e-05 -2.3561085e-03 -7.2424085e-04
  1.3759425e-03  1.0739835e-03  8.6392160e-05 -1.8749989e-03
 -1.5327190e-03] <class 'numpy.ndarray'>
#### CHUNKS Y_C total_chunks: 600 chunk_size: 144000 <class 'list'> <class 'numpy.ndarray'>
#### PARALLEL split_freq_band
#### PARALLEL SPLIT DENOISE Y_C SPLIT PER FREQUENCY 600 10 3000 [-1.67566586e-04  8.62986913e-05  8.52817169e-05  8.50816978e-05
  8.50992469e-05  8.52060858e-05  8.53583650e-05  8.55370404e-05
  8.57325149e-05] 2.034085988998413
#### TIMES #### flatten: 0.09522223472595215
#### REARRANGED THE SIGNAL PER 10 FREQUENCIES <class 'list'> 10 <class 'numpy.ndarray'> 1800000
#### COMPUTE SLIDING WINDOW WITH SUM
#### RUNNING #### sum_this_sliding_window
#### TIMES #### sum_this_sliding_window 0.465864896774292
#### REARRANGED THE SIGNAL SUM SLIDING_WINDOW PER 10 FREQUENCIES <class 'numpy.ndarray'> 10 <class 'numpy.ndarray'> 484
38 #### TIMES #### process_soundscape TOTAL TOTAL ==>> 64.6569983959198
39 ################ ################ ################ ################
39 #### RUNNING #### REGION: ==>> NaturalRegeneration <<== AUDIO: ==>> 1_03_PSA0042-2017.mp3
y: [-0.00364023 -0.00125221  0.00192867  0.00215246  0.00141629  0.00053356
 -0.00161819 -0.00299418 -0.00225683]
total samples in y: (86400000,) in time: 1800 secs
samples rate per second:  48000
#### ORIGINAL Y_C 86400000 [-0.00364023 -0.00125221  0.00192867  0.00215246  0.00141629  0.00053356
 -0.00161819 -0.00299418 -0.00225683] <class 'numpy.ndarray'>
#### CHUNKS Y_C total_chunks: 600 chunk_size: 144000 <class 'list'> <class 'numpy.ndarray'>
#### PARALLEL split_freq_band
#### PARALLEL SPLIT DENOISE Y_C SPLIT PER FREQUENCY 600 10 3000 [2.28093245e-04 8.32321178e-06 1.27388795e-05 1.46451791e-05
 1.56450897e-05 1.62571023e-05 1.66349675e-05 1.69007143e-05
 1.70923883e-05] 1.9185588359832764
#### TIMES #### flatten: 0.05968356132507324
#### REARRANGED THE SIGNAL PER 10 FREQUENCIES <class 'list'> 10 <class 'numpy.ndarray'> 1800000
#### COMPUTE SLIDING WINDOW WITH SUM
#### RUNNING #### sum_this_sliding_window
#### TIMES #### sum_this_sliding_window 0.4342617988586426
#### REARRANGED THE SIGNAL SUM SLIDING_WINDOW PER 10 FREQUENCIES <class 'numpy.ndarray'> 10 <class 'numpy.ndarray'> 484
39 #### TIMES #### process_soundscape TOTAL TOTAL ==>> 74.45801448822021
40 ################ ################ ################ ################
40 #### RUNNING #### REGION: ==>> NaturalRegeneration <<== AUDIO: ==>> 1_10_PSA0152-2013.mp3
y: [-0.00159034 -0.00288069  0.00053162  0.00633866  0.0039187  -0.00379815
 -0.00480804 -0.00151416 -0.00072719]
total samples in y: (86400000,) in time: 1800 secs
samples rate per second:  48000
#### ORIGINAL Y_C 86400000 [-0.00159034 -0.00288069  0.00053162  0.00633866  0.0039187  -0.00379815
 -0.00480804 -0.00151416 -0.00072719] <class 'numpy.ndarray'>
#### CHUNKS Y_C total_chunks: 600 chunk_size: 144000 <class 'list'> <class 'numpy.ndarray'>
#### PARALLEL split_freq_band
#### PARALLEL SPLIT DENOISE Y_C SPLIT PER FREQUENCY 600 10 3000 [-0.00079423  0.00028157 -0.00032655  0.00041668 -0.000457    0.00050172
 -0.00042391  0.00018965  0.00012638] 2.16519832611084
#### TIMES #### flatten: 0.08210992813110352
#### REARRANGED THE SIGNAL PER 10 FREQUENCIES <class 'list'> 10 <class 'numpy.ndarray'> 1800000
#### COMPUTE SLIDING WINDOW WITH SUM
#### RUNNING #### sum_this_sliding_window
#### TIMES #### sum_this_sliding_window 0.4592304229736328
#### REARRANGED THE SIGNAL SUM SLIDING_WINDOW PER 10 FREQUENCIES <class 'numpy.ndarray'> 10 <class 'numpy.ndarray'> 484
40 #### TIMES #### process_soundscape TOTAL TOTAL ==>> 69.21536755561829
41 ################ ################ ################ ################
41 #### RUNNING #### REGION: ==>> NaturalRegeneration <<== AUDIO: ==>> 1_00_PSA0004-2017.mp3
y: [ 1.4344932e-03  2.4639177e-03  1.4560978e-03  3.0906291e-03
  5.1320400e-03  2.9266190e-03 -2.0787556e-06 -1.3506541e-03
 -2.3234403e-03]
total samples in y: (86400000,) in time: 1800 secs
samples rate per second:  48000
#### ORIGINAL Y_C 86400000 [ 1.4344932e-03  2.4639177e-03  1.4560978e-03  3.0906291e-03
  5.1320400e-03  2.9266190e-03 -2.0787556e-06 -1.3506541e-03
 -2.3234403e-03] <class 'numpy.ndarray'>
#### CHUNKS Y_C total_chunks: 600 chunk_size: 144000 <class 'list'> <class 'numpy.ndarray'>
#### PARALLEL split_freq_band
#### PARALLEL SPLIT DENOISE Y_C SPLIT PER FREQUENCY 600 10 3000 [ 4.26970873e-04  8.36368639e-05  1.23362525e-04  1.65220650e-04
  1.13828222e-04  6.97557311e-05  9.17347891e-05  6.07405839e-05
 -2.29283964e-05] 2.022883653640747
#### TIMES #### flatten: 0.09155654907226562
#### REARRANGED THE SIGNAL PER 10 FREQUENCIES <class 'list'> 10 <class 'numpy.ndarray'> 1800000
#### COMPUTE SLIDING WINDOW WITH SUM
#### RUNNING #### sum_this_sliding_window
#### TIMES #### sum_this_sliding_window 0.4641580581665039
#### REARRANGED THE SIGNAL SUM SLIDING_WINDOW PER 10 FREQUENCIES <class 'numpy.ndarray'> 10 <class 'numpy.ndarray'> 484
41 #### TIMES #### process_soundscape TOTAL TOTAL ==>> 75.56861209869385
42 ################ ################ ################ ################
42 #### RUNNING #### REGION: ==>> NaturalRegeneration <<== AUDIO: ==>> 1_09_PSA0151-2016.mp3
y: [ 6.5332302e-04  1.8729658e-03  3.3993374e-03  3.1793350e-03
  1.0842357e-03 -4.1343927e-05 -8.2071485e-05 -1.3103456e-03
 -2.6673328e-03]
total samples in y: (86400000,) in time: 1800 secs
samples rate per second:  48000
#### ORIGINAL Y_C 86400000 [ 6.5332302e-04  1.8729658e-03  3.3993374e-03  3.1793350e-03
  1.0842357e-03 -4.1343927e-05 -8.2071485e-05 -1.3103456e-03
 -2.6673328e-03] <class 'numpy.ndarray'>
#### CHUNKS Y_C total_chunks: 600 chunk_size: 144000 <class 'list'> <class 'numpy.ndarray'>
#### PARALLEL split_freq_band
#### PARALLEL SPLIT DENOISE Y_C SPLIT PER FREQUENCY 600 10 3000 [ 1.20087201e-04 -6.53351647e-05  2.68446247e-04 -1.89504605e-04
 -4.90701845e-05 -2.46627569e-05  1.47225654e-04 -6.23812087e-05
  8.07363145e-05] 2.1439852714538574
#### TIMES #### flatten: 0.08396315574645996
#### REARRANGED THE SIGNAL PER 10 FREQUENCIES <class 'list'> 10 <class 'numpy.ndarray'> 1800000
#### COMPUTE SLIDING WINDOW WITH SUM
#### RUNNING #### sum_this_sliding_window
#### TIMES #### sum_this_sliding_window 0.44255638122558594
#### REARRANGED THE SIGNAL SUM SLIDING_WINDOW PER 10 FREQUENCIES <class 'numpy.ndarray'> 10 <class 'numpy.ndarray'> 484
42 #### TIMES #### process_soundscape TOTAL TOTAL ==>> 62.59042000770569
43 ################ ################ ################ ################
43 #### RUNNING #### REGION: ==>> NaturalRegeneration <<== AUDIO: ==>> 1_04_PSA0051-2018.mp3
y: [-0.00055183  0.00105216  0.00203149  0.00025324 -0.00193943  0.00096149
  0.00651453  0.00772723  0.00570498]
total samples in y: (86400000,) in time: 1800 secs
samples rate per second:  48000
#### ORIGINAL Y_C 86400000 [-0.00055183  0.00105216  0.00203149  0.00025324 -0.00193943  0.00096149
  0.00651453  0.00772723  0.00570498] <class 'numpy.ndarray'>
#### CHUNKS Y_C total_chunks: 600 chunk_size: 144000 <class 'list'> <class 'numpy.ndarray'>
#### PARALLEL split_freq_band
#### PARALLEL SPLIT DENOISE Y_C SPLIT PER FREQUENCY 600 10 3000 [ 5.33389344e-04  4.10752488e-04  4.15761632e-04  1.25119417e-04
 -1.03425376e-04 -1.40411790e-04 -1.31586972e-04 -7.15707745e-06
  1.08610848e-04] 2.154674530029297
#### TIMES #### flatten: 0.0924842357635498
#### REARRANGED THE SIGNAL PER 10 FREQUENCIES <class 'list'> 10 <class 'numpy.ndarray'> 1800000
#### COMPUTE SLIDING WINDOW WITH SUM
#### RUNNING #### sum_this_sliding_window
#### TIMES #### sum_this_sliding_window 0.4620208740234375
#### REARRANGED THE SIGNAL SUM SLIDING_WINDOW PER 10 FREQUENCIES <class 'numpy.ndarray'> 10 <class 'numpy.ndarray'> 484
43 #### TIMES #### process_soundscape TOTAL TOTAL ==>> 63.13822960853577
44 ################ ################ ################ ################
44 #### RUNNING #### REGION: ==>> NaturalRegeneration <<== AUDIO: ==>> 1_15_PSA0179-2013.mp3
y: [-0.00528781 -0.0084039  -0.0109695  -0.00842017 -0.00410324 -0.00360032
 -0.00313666 -0.00157477 -0.00385864]
total samples in y: (86400000,) in time: 1800 secs
samples rate per second:  48000
#### ORIGINAL Y_C 86400000 [-0.00528781 -0.0084039  -0.0109695  -0.00842017 -0.00410324 -0.00360032
 -0.00313666 -0.00157477 -0.00385864] <class 'numpy.ndarray'>
#### CHUNKS Y_C total_chunks: 600 chunk_size: 144000 <class 'list'> <class 'numpy.ndarray'>
#### PARALLEL split_freq_band
#### PARALLEL SPLIT DENOISE Y_C SPLIT PER FREQUENCY 600 10 3000 [-3.98083209e-04  5.01897753e-04  2.02382004e-04 -2.80510937e-04
 -3.67522966e-04 -1.79888908e-04  4.14612787e-05  2.21265250e-04
  6.77055954e-04] 1.9024367332458496
#### TIMES #### flatten: 0.07478570938110352
#### REARRANGED THE SIGNAL PER 10 FREQUENCIES <class 'list'> 10 <class 'numpy.ndarray'> 1800000
#### COMPUTE SLIDING WINDOW WITH SUM
#### RUNNING #### sum_this_sliding_window
#### TIMES #### sum_this_sliding_window 0.438366174697876
#### REARRANGED THE SIGNAL SUM SLIDING_WINDOW PER 10 FREQUENCIES <class 'numpy.ndarray'> 10 <class 'numpy.ndarray'> 484
44 #### TIMES #### process_soundscape TOTAL TOTAL ==>> 65.03765368461609
45 ################ ################ ################ ################
45 #### RUNNING #### REGION: ==>> NaturalRegeneration <<== AUDIO: ==>> 1_11_PSA0159-2020.mp3
y: [-0.00770338 -0.01029339 -0.00804883 -0.00901718 -0.00678219 -0.0030095
 -0.0049484  -0.00398878 -0.00031875]
total samples in y: (86400000,) in time: 1800 secs
samples rate per second:  48000
#### ORIGINAL Y_C 86400000 [-0.00770338 -0.01029339 -0.00804883 -0.00901718 -0.00678219 -0.0030095
 -0.0049484  -0.00398878 -0.00031875] <class 'numpy.ndarray'>
#### CHUNKS Y_C total_chunks: 600 chunk_size: 144000 <class 'list'> <class 'numpy.ndarray'>
#### PARALLEL split_freq_band
#### PARALLEL SPLIT DENOISE Y_C SPLIT PER FREQUENCY 600 10 3000 [0.00021171 0.0001639  0.00016208 0.00015973 0.0001573  0.00015487
 0.00015246 0.00015009 0.00014777] 1.821916103363037
#### TIMES #### flatten: 0.06529045104980469
#### REARRANGED THE SIGNAL PER 10 FREQUENCIES <class 'list'> 10 <class 'numpy.ndarray'> 1800000
#### COMPUTE SLIDING WINDOW WITH SUM
#### RUNNING #### sum_this_sliding_window
#### TIMES #### sum_this_sliding_window 0.44359421730041504
#### REARRANGED THE SIGNAL SUM SLIDING_WINDOW PER 10 FREQUENCIES <class 'numpy.ndarray'> 10 <class 'numpy.ndarray'> 484
45 #### TIMES #### process_soundscape TOTAL TOTAL ==>> 60.72926211357117
46 ################ ################ ################ ################
46 #### RUNNING #### REGION: ==>> NaturalRegeneration <<== AUDIO: ==>> 1_18_PSA0341-2012.mp3
y: [ 0.00475994  0.00414117  0.00096587  0.00125672  0.00358638  0.0022769
 -0.0005434  -0.00036682  0.00035943]
total samples in y: (86400000,) in time: 1800 secs
samples rate per second:  48000
#### ORIGINAL Y_C 86400000 [ 0.00475994  0.00414117  0.00096587  0.00125672  0.00358638  0.0022769
 -0.0005434  -0.00036682  0.00035943] <class 'numpy.ndarray'>
#### CHUNKS Y_C total_chunks: 600 chunk_size: 144000 <class 'list'> <class 'numpy.ndarray'>
#### PARALLEL split_freq_band
#### PARALLEL SPLIT DENOISE Y_C SPLIT PER FREQUENCY 600 10 3000 [ 9.29587402e-05  1.91669499e-05  6.25633233e-05  8.25336545e-05
  4.16158610e-05  6.81439616e-05  1.28227538e-04 -2.90313966e-05
 -3.00976748e-04] 2.006538152694702
#### TIMES #### flatten: 0.096832275390625
#### REARRANGED THE SIGNAL PER 10 FREQUENCIES <class 'list'> 10 <class 'numpy.ndarray'> 1800000
#### COMPUTE SLIDING WINDOW WITH SUM
#### RUNNING #### sum_this_sliding_window
#### TIMES #### sum_this_sliding_window 0.4668848514556885
#### REARRANGED THE SIGNAL SUM SLIDING_WINDOW PER 10 FREQUENCIES <class 'numpy.ndarray'> 10 <class 'numpy.ndarray'> 484
46 #### TIMES #### process_soundscape TOTAL TOTAL ==>> 62.633299589157104
47 ################ ################ ################ ################
47 #### RUNNING #### REGION: ==>> NaturalRegeneration <<== AUDIO: ==>> 1_19_PSA0418-2013.mp3
y: [-0.00126435 -0.00057605  0.00132228  0.00209208  0.00106727 -0.00055142
 -0.0020024  -0.00256514 -0.00147479]
total samples in y: (86400000,) in time: 1800 secs
samples rate per second:  48000
#### ORIGINAL Y_C 86400000 [-0.00126435 -0.00057605  0.00132228  0.00209208  0.00106727 -0.00055142
 -0.0020024  -0.00256514 -0.00147479] <class 'numpy.ndarray'>
#### CHUNKS Y_C total_chunks: 600 chunk_size: 144000 <class 'list'> <class 'numpy.ndarray'>
#### PARALLEL split_freq_band
#### PARALLEL SPLIT DENOISE Y_C SPLIT PER FREQUENCY 600 10 3000 [-6.72101284e-04 -8.95411903e-06 -3.00725988e-06 -1.48326541e-06
 -8.10863167e-07 -4.41535228e-07 -2.05143361e-07 -4.13272021e-08
  7.75848403e-08] 2.1703248023986816
#### TIMES #### flatten: 0.08640766143798828
#### REARRANGED THE SIGNAL PER 10 FREQUENCIES <class 'list'> 10 <class 'numpy.ndarray'> 1800000
#### COMPUTE SLIDING WINDOW WITH SUM
#### RUNNING #### sum_this_sliding_window
#### TIMES #### sum_this_sliding_window 0.4650585651397705
#### REARRANGED THE SIGNAL SUM SLIDING_WINDOW PER 10 FREQUENCIES <class 'numpy.ndarray'> 10 <class 'numpy.ndarray'> 484
47 #### TIMES #### process_soundscape TOTAL TOTAL ==>> 70.04392981529236
48 ################ ################ ################ ################
48 #### RUNNING #### REGION: ==>> NaturalRegeneration <<== AUDIO: ==>> 1_08_PSA0132-2013.mp3
y: [ 0.00295693  0.00367725  0.00196132 -0.00056545 -0.00106793  0.00118661
  0.00160184 -0.00082026  0.00014527]
total samples in y: (86400000,) in time: 1800 secs
samples rate per second:  48000
#### ORIGINAL Y_C 86400000 [ 0.00295693  0.00367725  0.00196132 -0.00056545 -0.00106793  0.00118661
  0.00160184 -0.00082026  0.00014527] <class 'numpy.ndarray'>
#### CHUNKS Y_C total_chunks: 600 chunk_size: 144000 <class 'list'> <class 'numpy.ndarray'>
#### PARALLEL split_freq_band
#### PARALLEL SPLIT DENOISE Y_C SPLIT PER FREQUENCY 600 10 3000 [1.21021558e-03 1.11604413e-04 6.51789818e-05 4.42207525e-05
 3.28702107e-05 2.59360435e-05 2.13476257e-05 1.81375433e-05
 1.57999004e-05] 1.9986145496368408
#### TIMES #### flatten: 0.09209680557250977
#### REARRANGED THE SIGNAL PER 10 FREQUENCIES <class 'list'> 10 <class 'numpy.ndarray'> 1800000
#### COMPUTE SLIDING WINDOW WITH SUM
#### RUNNING #### sum_this_sliding_window
#### TIMES #### sum_this_sliding_window 0.46511316299438477
#### REARRANGED THE SIGNAL SUM SLIDING_WINDOW PER 10 FREQUENCIES <class 'numpy.ndarray'> 10 <class 'numpy.ndarray'> 484
48 #### TIMES #### process_soundscape TOTAL TOTAL ==>> 66.03406381607056
49 ################ ################ ################ ################
49 #### RUNNING #### REGION: ==>> NaturalRegeneration <<== AUDIO: ==>> 1_06_PSA0093-2018.mp3
y: [ 0.01301335  0.01457914  0.00164659 -0.01007226 -0.0111896  -0.00599943
  0.00228781  0.00742674  0.00437273]
total samples in y: (86400000,) in time: 1800 secs
samples rate per second:  48000
#### ORIGINAL Y_C 86400000 [ 0.01301335  0.01457914  0.00164659 -0.01007226 -0.0111896  -0.00599943
  0.00228781  0.00742674  0.00437273] <class 'numpy.ndarray'>
#### CHUNKS Y_C total_chunks: 600 chunk_size: 144000 <class 'list'> <class 'numpy.ndarray'>
#### PARALLEL split_freq_band
#### PARALLEL SPLIT DENOISE Y_C SPLIT PER FREQUENCY 600 10 3000 [ 9.65345599e-05 -3.59878539e-05 -3.63907976e-05 -3.66426841e-05
 -3.69886704e-05 -3.71168821e-05 -3.65511755e-05 -3.51799087e-05
 -3.39915846e-05] 2.190200090408325
#### TIMES #### flatten: 0.08485555648803711
#### REARRANGED THE SIGNAL PER 10 FREQUENCIES <class 'list'> 10 <class 'numpy.ndarray'> 1800000
#### COMPUTE SLIDING WINDOW WITH SUM
#### RUNNING #### sum_this_sliding_window
#### TIMES #### sum_this_sliding_window 0.46257686614990234
#### REARRANGED THE SIGNAL SUM SLIDING_WINDOW PER 10 FREQUENCIES <class 'numpy.ndarray'> 10 <class 'numpy.ndarray'> 484
49 #### TIMES #### process_soundscape TOTAL TOTAL ==>> 62.746073722839355
50 ################ ################ ################ ################
50 #### RUNNING #### REGION: ==>> NaturalRegeneration <<== AUDIO: ==>> 1_02_PSA0026-2020.mp3
y: [0.00536645 0.00867253 0.01128107 0.01042143 0.0096461  0.01021449
 0.00775896 0.00422377 0.00198129]
total samples in y: (86400000,) in time: 1800 secs
samples rate per second:  48000
#### ORIGINAL Y_C 86400000 [0.00536645 0.00867253 0.01128107 0.01042143 0.0096461  0.01021449
 0.00775896 0.00422377 0.00198129] <class 'numpy.ndarray'>
#### CHUNKS Y_C total_chunks: 600 chunk_size: 144000 <class 'list'> <class 'numpy.ndarray'>
#### PARALLEL split_freq_band
#### PARALLEL SPLIT DENOISE Y_C SPLIT PER FREQUENCY 600 10 3000 [-4.20656176e-04 -1.19587530e-04 -1.27611526e-04 -2.88870133e-05
 -1.40297645e-04 -6.19012852e-05 -5.63659845e-05  4.61674053e-06
 -1.21284807e-04] 2.09352970123291
#### TIMES #### flatten: 0.09183454513549805
#### REARRANGED THE SIGNAL PER 10 FREQUENCIES <class 'list'> 10 <class 'numpy.ndarray'> 1800000
#### COMPUTE SLIDING WINDOW WITH SUM
#### RUNNING #### sum_this_sliding_window
#### TIMES #### sum_this_sliding_window 0.4632081985473633
#### REARRANGED THE SIGNAL SUM SLIDING_WINDOW PER 10 FREQUENCIES <class 'numpy.ndarray'> 10 <class 'numpy.ndarray'> 484
50 #### TIMES #### process_soundscape TOTAL TOTAL ==>> 59.48404002189636
51 ################ ################ ################ ################
51 #### RUNNING #### REGION: ==>> NaturalRegeneration <<== AUDIO: ==>> 1_14_PSA0168-2016.mp3
y: [ 0.00081792 -0.00090185 -0.00156615 -0.00212448  0.00072237  0.00424087
  0.00128948 -0.00268635 -0.00185615]
total samples in y: (86400000,) in time: 1800 secs
samples rate per second:  48000
#### ORIGINAL Y_C 86400000 [ 0.00081792 -0.00090185 -0.00156615 -0.00212448  0.00072237  0.00424087
  0.00128948 -0.00268635 -0.00185615] <class 'numpy.ndarray'>
#### CHUNKS Y_C total_chunks: 600 chunk_size: 144000 <class 'list'> <class 'numpy.ndarray'>
#### PARALLEL split_freq_band
#### PARALLEL SPLIT DENOISE Y_C SPLIT PER FREQUENCY 600 10 3000 [-4.79770873e-04 -1.03349007e-04 -3.02733104e-05 -1.68873798e-06
  1.35853387e-05  2.31272429e-05  2.96376965e-05  3.43975249e-05
  3.80492588e-05] 2.0461270809173584
#### TIMES #### flatten: 0.07687854766845703
#### REARRANGED THE SIGNAL PER 10 FREQUENCIES <class 'list'> 10 <class 'numpy.ndarray'> 1800000
#### COMPUTE SLIDING WINDOW WITH SUM
#### RUNNING #### sum_this_sliding_window
#### TIMES #### sum_this_sliding_window 0.4450032711029053
#### REARRANGED THE SIGNAL SUM SLIDING_WINDOW PER 10 FREQUENCIES <class 'numpy.ndarray'> 10 <class 'numpy.ndarray'> 484
51 #### TIMES #### process_soundscape TOTAL TOTAL ==>> 58.208296060562134
52 ################ ################ ################ ################
52 #### RUNNING #### REGION: ==>> NaturalRegeneration <<== AUDIO: ==>> 1_20_PSA0431-2013.mp3
y: [-1.16280979e-04 -7.45697995e-04  1.05585984e-03  6.35813922e-05
 -3.26562952e-03 -3.27943196e-03 -8.11779290e-04  4.00391815e-04
  1.18925935e-04]
total samples in y: (86400000,) in time: 1800 secs
samples rate per second:  48000
#### ORIGINAL Y_C 86400000 [-1.16280979e-04 -7.45697995e-04  1.05585984e-03  6.35813922e-05
 -3.26562952e-03 -3.27943196e-03 -8.11779290e-04  4.00391815e-04
  1.18925935e-04] <class 'numpy.ndarray'>
#### CHUNKS Y_C total_chunks: 600 chunk_size: 144000 <class 'list'> <class 'numpy.ndarray'>
#### PARALLEL split_freq_band
#### PARALLEL SPLIT DENOISE Y_C SPLIT PER FREQUENCY 600 10 3000 [-5.66280585e-04  9.05266631e-05  9.95443924e-05  8.21661174e-05
  6.48710724e-05  6.53851169e-05  8.52365566e-05  1.06653928e-04
  1.09785806e-04] 1.990175485610962
#### TIMES #### flatten: 0.08493781089782715
#### REARRANGED THE SIGNAL PER 10 FREQUENCIES <class 'list'> 10 <class 'numpy.ndarray'> 1800000
#### COMPUTE SLIDING WINDOW WITH SUM
#### RUNNING #### sum_this_sliding_window
#### TIMES #### sum_this_sliding_window 0.46087646484375
#### REARRANGED THE SIGNAL SUM SLIDING_WINDOW PER 10 FREQUENCIES <class 'numpy.ndarray'> 10 <class 'numpy.ndarray'> 484
52 #### TIMES #### process_soundscape TOTAL TOTAL ==>> 70.00190329551697
53 ################ ################ ################ ################
53 #### RUNNING #### REGION: ==>> NaturalRegeneration <<== AUDIO: ==>> 1_07_PSA0099-2019.mp3
y: [0.01464401 0.02786117 0.03568167 0.03849116 0.03603841 0.02874531
 0.02253207 0.02150755 0.02229689]
total samples in y: (86400000,) in time: 1800 secs
samples rate per second:  48000
#### ORIGINAL Y_C 86400000 [0.01464401 0.02786117 0.03568167 0.03849116 0.03603841 0.02874531
 0.02253207 0.02150755 0.02229689] <class 'numpy.ndarray'>
#### CHUNKS Y_C total_chunks: 600 chunk_size: 144000 <class 'list'> <class 'numpy.ndarray'>
#### PARALLEL split_freq_band
#### PARALLEL SPLIT DENOISE Y_C SPLIT PER FREQUENCY 600 10 3000 [ 0.02377877  0.01725928 -0.01461922 -0.00337783 -0.00718421 -0.00279792
  0.00054952  0.02004866 -0.00406332] 1.921384334564209
#### TIMES #### flatten: 0.10303592681884766
#### REARRANGED THE SIGNAL PER 10 FREQUENCIES <class 'list'> 10 <class 'numpy.ndarray'> 1800000
#### COMPUTE SLIDING WINDOW WITH SUM
#### RUNNING #### sum_this_sliding_window
#### TIMES #### sum_this_sliding_window 0.4680061340332031
#### REARRANGED THE SIGNAL SUM SLIDING_WINDOW PER 10 FREQUENCIES <class 'numpy.ndarray'> 10 <class 'numpy.ndarray'> 484
53 #### TIMES #### process_soundscape TOTAL TOTAL ==>> 73.37724828720093
54 ################ ################ ################ ################
54 #### RUNNING #### REGION: ==>> RefForest <<== AUDIO: ==>> 0_00_RefForest1.mp3
y: [ 0.01103865  0.01176985  0.00412414 -0.00774774 -0.01663554 -0.01605902
 -0.00705433  0.00213126  0.0058885 ]
total samples in y: (86400000,) in time: 1800 secs
samples rate per second:  48000
#### ORIGINAL Y_C 86400000 [ 0.01103865  0.01176985  0.00412414 -0.00774774 -0.01663554 -0.01605902
 -0.00705433  0.00213126  0.0058885 ] <class 'numpy.ndarray'>
#### CHUNKS Y_C total_chunks: 600 chunk_size: 144000 <class 'list'> <class 'numpy.ndarray'>
#### PARALLEL split_freq_band
#### PARALLEL SPLIT DENOISE Y_C SPLIT PER FREQUENCY 600 10 3000 [ 2.82371076e-04  1.35098425e-05  4.15226663e-06  1.20837701e-06
 -1.47524931e-07 -8.85725222e-07 -1.32139615e-06 -1.58718218e-06
 -1.74801888e-06] 2.0309669971466064
#### TIMES #### flatten: 0.0816338062286377
#### REARRANGED THE SIGNAL PER 10 FREQUENCIES <class 'list'> 10 <class 'numpy.ndarray'> 1800000
#### COMPUTE SLIDING WINDOW WITH SUM
#### RUNNING #### sum_this_sliding_window
#### TIMES #### sum_this_sliding_window 0.4705207347869873
#### REARRANGED THE SIGNAL SUM SLIDING_WINDOW PER 10 FREQUENCIES <class 'numpy.ndarray'> 10 <class 'numpy.ndarray'> 484
54 #### TIMES #### process_soundscape TOTAL TOTAL ==>> 66.8281044960022
55 ################ ################ ################ ################
55 #### RUNNING #### REGION: ==>> RefForest <<== AUDIO: ==>> 0_01_RefForest4.mp3
y: [ 0.00041495  0.00191905  0.00555526  0.00784058  0.00575741  0.00123444
 -0.00283909 -0.00552388 -0.0053111 ]
total samples in y: (86400000,) in time: 1800 secs
samples rate per second:  48000
#### ORIGINAL Y_C 86400000 [ 0.00041495  0.00191905  0.00555526  0.00784058  0.00575741  0.00123444
 -0.00283909 -0.00552388 -0.0053111 ] <class 'numpy.ndarray'>
#### CHUNKS Y_C total_chunks: 600 chunk_size: 144000 <class 'list'> <class 'numpy.ndarray'>
#### PARALLEL split_freq_band
#### PARALLEL SPLIT DENOISE Y_C SPLIT PER FREQUENCY 600 10 3000 [-0.00350009  0.01113525 -0.00700236  0.00531993 -0.00821072 -0.002943
  0.0039296  -0.00898992  0.00878286] 2.0607314109802246
#### TIMES #### flatten: 0.10074925422668457
#### REARRANGED THE SIGNAL PER 10 FREQUENCIES <class 'list'> 10 <class 'numpy.ndarray'> 1800000
#### COMPUTE SLIDING WINDOW WITH SUM
#### RUNNING #### sum_this_sliding_window
#### TIMES #### sum_this_sliding_window 0.4648909568786621
#### REARRANGED THE SIGNAL SUM SLIDING_WINDOW PER 10 FREQUENCIES <class 'numpy.ndarray'> 10 <class 'numpy.ndarray'> 484
55 #### TIMES #### process_soundscape TOTAL TOTAL ==>> 60.83191275596619
56 ################ ################ ################ ################
56 #### RUNNING #### REGION: ==>> RefForest <<== AUDIO: ==>> 0_02_RefForest5.mp3
y: [-0.00513838 -0.00416545  0.0014226   0.00823428  0.01222593  0.01346388
  0.01234943  0.00994667  0.00897678]
total samples in y: (86400000,) in time: 1800 secs
samples rate per second:  48000
#### ORIGINAL Y_C 86400000 [-0.00513838 -0.00416545  0.0014226   0.00823428  0.01222593  0.01346388
  0.01234943  0.00994667  0.00897678] <class 'numpy.ndarray'>
#### CHUNKS Y_C total_chunks: 600 chunk_size: 144000 <class 'list'> <class 'numpy.ndarray'>
#### PARALLEL split_freq_band
#### PARALLEL SPLIT DENOISE Y_C SPLIT PER FREQUENCY 600 10 3000 [ 5.95072760e-03 -6.11002017e-04 -9.15236408e-04 -1.01018486e-03
 -1.10246162e-03 -1.13530757e-03 -9.27608225e-04 -5.48006313e-04
 -9.72528611e-05] 2.283703088760376
#### TIMES #### flatten: 0.09878826141357422
#### REARRANGED THE SIGNAL PER 10 FREQUENCIES <class 'list'> 10 <class 'numpy.ndarray'> 1800000
#### COMPUTE SLIDING WINDOW WITH SUM
#### RUNNING #### sum_this_sliding_window
#### TIMES #### sum_this_sliding_window 0.4704244136810303
#### REARRANGED THE SIGNAL SUM SLIDING_WINDOW PER 10 FREQUENCIES <class 'numpy.ndarray'> 10 <class 'numpy.ndarray'> 484
56 #### TIMES #### process_soundscape TOTAL TOTAL ==>> 64.34505319595337
SE ME CUIDA MIJO, AHÍ LE DEJO PA` QUE NO TRASNOCHE TANTO ;)
#### TIMES #### process_soundscape TOTAL TOTAL ==>> 3697.7964017391205
#### #### NO DA MAS #### TERMINO #### FINITO #### ####
#### #### 
 TOTAL_TIME: 3697.816 
 TOTAL_JOBS: 32 
 JOB_ID: 4085383 
 #### ####
#### SLEEPING TIME: 3697.816 seconds ####
All guert parcero, aller!
