[Parallel(n_jobs=-1)]: Using backend LokyBackend with 24 concurrent workers.
/home/vargas/repos/forests-sounds-vargas
/home/vargas/repos/forests-sounds-vargas/data/ /home/vargas/repos/forests-sounds-vargas/out/ [('Plantation', '/home/vargas/repos/forests-sounds-vargas/data/Plantation/2_05_PSA0093-2010.mp3'), ('Plantation', '/home/vargas/repos/forests-sounds-vargas/data/Plantation/2_15_PSA0290-2012.mp3'), ('Plantation', '/home/vargas/repos/forests-sounds-vargas/data/Plantation/2_19_PSA0374-2012.mp3'), ('Plantation', '/home/vargas/repos/forests-sounds-vargas/data/Plantation/2_07_PSA0093-2010.mp3'), ('Plantation', '/home/vargas/repos/forests-sounds-vargas/data/Plantation/2_20_PSA0400-2013.mp3'), ('Plantation', '/home/vargas/repos/forests-sounds-vargas/data/Plantation/2_13_PSA0280-2012.mp3'), ('Plantation', '/home/vargas/repos/forests-sounds-vargas/data/Plantation/2_17_PSA0331-2012.mp3'), ('Plantation', '/home/vargas/repos/forests-sounds-vargas/data/Plantation/2_00_PSA0010-2010.mp3'), ('Plantation', '/home/vargas/repos/forests-sounds-vargas/data/Plantation/2_14_PSA0289-2012.mp3'), ('Plantation', '/home/vargas/repos/forests-sounds-vargas/data/Plantation/2_18_PSA0373-2011.mp3'), ('Plantation', '/home/vargas/repos/forests-sounds-vargas/data/Plantation/2_16_PSA0292-2012.mp3'), ('Plantation', '/home/vargas/repos/forests-sounds-vargas/data/Plantation/PSA0025-2015.mp3'), ('Plantation', '/home/vargas/repos/forests-sounds-vargas/data/Plantation/2_10_PSA0189-2007.mp3'), ('Plantation', '/home/vargas/repos/forests-sounds-vargas/data/Plantation/2_09_PSA0096-2013.mp3'), ('Plantation', '/home/vargas/repos/forests-sounds-vargas/data/Plantation/2_08_PSA0095-2013.mp3'), ('Plantation', '/home/vargas/repos/forests-sounds-vargas/data/Plantation/2_06_PSA0087-2013.mp3'), ('Plantation', '/home/vargas/repos/forests-sounds-vargas/data/Plantation/2_21_PSA0429-2012.mp3'), ('Plantation', '/home/vargas/repos/forests-sounds-vargas/data/Plantation/2_11_PSA0192-2009.mp3'), ('Plantation', '/home/vargas/repos/forests-sounds-vargas/data/Plantation/2_01_PSA0022-2015.mp3'), ('Plantation', '/home/vargas/repos/forests-sounds-vargas/data/Plantation/2_04_PSA0078-2013.mp3'), ('Plantation', '/home/vargas/repos/forests-sounds-vargas/data/Plantation/2_02_PSA0077-2013.mp3'), ('Plantation', '/home/vargas/repos/forests-sounds-vargas/data/Plantation/2_12_PSA0254-2011.mp3'), ('Pasture', '/home/vargas/repos/forests-sounds-vargas/data/Pasture/3_01_Pasture11.mp3'), ('Pasture', '/home/vargas/repos/forests-sounds-vargas/data/Pasture/3_09_Pasture8.mp3'), ('Pasture', '/home/vargas/repos/forests-sounds-vargas/data/Pasture/3_06_Pasture5.mp3'), ('Pasture', '/home/vargas/repos/forests-sounds-vargas/data/Pasture/3_08_Pasture6.mp3'), ('Pasture', '/home/vargas/repos/forests-sounds-vargas/data/Pasture/3_07_Pasture5.mp3'), ('Pasture', '/home/vargas/repos/forests-sounds-vargas/data/Pasture/3_05_Pasture4.mp3'), ('Pasture', '/home/vargas/repos/forests-sounds-vargas/data/Pasture/3_00_Pasture10.mp3'), ('Pasture', '/home/vargas/repos/forests-sounds-vargas/data/Pasture/3_03_Pasture2.mp3'), ('Pasture', '/home/vargas/repos/forests-sounds-vargas/data/Pasture/3_10_Pasture9.mp3'), ('Pasture', '/home/vargas/repos/forests-sounds-vargas/data/Pasture/3_04_Pasture3.mp3'), ('Pasture', '/home/vargas/repos/forests-sounds-vargas/data/Pasture/3_02_Pasture12.mp3'), ('NaturalRegeneration', '/home/vargas/repos/forests-sounds-vargas/data/NaturalRegeneration/1_01_PSA0009-2018.mp3'), ('NaturalRegeneration', '/home/vargas/repos/forests-sounds-vargas/data/NaturalRegeneration/1_05_PSA0074-2020.mp3'), ('NaturalRegeneration', '/home/vargas/repos/forests-sounds-vargas/data/NaturalRegeneration/1_13_PSA0165-2021.mp3'), ('NaturalRegeneration', '/home/vargas/repos/forests-sounds-vargas/data/NaturalRegeneration/1_17_PSA0193-2013.mp3'), ('NaturalRegeneration', '/home/vargas/repos/forests-sounds-vargas/data/NaturalRegeneration/1_12_PSA0161-2016.mp3'), ('NaturalRegeneration', '/home/vargas/repos/forests-sounds-vargas/data/NaturalRegeneration/1_16_PSA0183-2017.mp3'), ('NaturalRegeneration', '/home/vargas/repos/forests-sounds-vargas/data/NaturalRegeneration/1_03_PSA0042-2017.mp3'), ('NaturalRegeneration', '/home/vargas/repos/forests-sounds-vargas/data/NaturalRegeneration/1_10_PSA0152-2013.mp3'), ('NaturalRegeneration', '/home/vargas/repos/forests-sounds-vargas/data/NaturalRegeneration/1_00_PSA0004-2017.mp3'), ('NaturalRegeneration', '/home/vargas/repos/forests-sounds-vargas/data/NaturalRegeneration/1_09_PSA0151-2016.mp3'), ('NaturalRegeneration', '/home/vargas/repos/forests-sounds-vargas/data/NaturalRegeneration/1_04_PSA0051-2018.mp3'), ('NaturalRegeneration', '/home/vargas/repos/forests-sounds-vargas/data/NaturalRegeneration/1_15_PSA0179-2013.mp3'), ('NaturalRegeneration', '/home/vargas/repos/forests-sounds-vargas/data/NaturalRegeneration/1_11_PSA0159-2020.mp3'), ('NaturalRegeneration', '/home/vargas/repos/forests-sounds-vargas/data/NaturalRegeneration/1_18_PSA0341-2012.mp3'), ('NaturalRegeneration', '/home/vargas/repos/forests-sounds-vargas/data/NaturalRegeneration/1_19_PSA0418-2013.mp3'), ('NaturalRegeneration', '/home/vargas/repos/forests-sounds-vargas/data/NaturalRegeneration/1_08_PSA0132-2013.mp3'), ('NaturalRegeneration', '/home/vargas/repos/forests-sounds-vargas/data/NaturalRegeneration/1_06_PSA0093-2018.mp3'), ('NaturalRegeneration', '/home/vargas/repos/forests-sounds-vargas/data/NaturalRegeneration/1_02_PSA0026-2020.mp3'), ('NaturalRegeneration', '/home/vargas/repos/forests-sounds-vargas/data/NaturalRegeneration/1_14_PSA0168-2016.mp3'), ('NaturalRegeneration', '/home/vargas/repos/forests-sounds-vargas/data/NaturalRegeneration/1_20_PSA0431-2013.mp3'), ('NaturalRegeneration', '/home/vargas/repos/forests-sounds-vargas/data/NaturalRegeneration/1_07_PSA0099-2019.mp3'), ('RefForest', '/home/vargas/repos/forests-sounds-vargas/data/RefForest/0_00_RefForest1.mp3'), ('RefForest', '/home/vargas/repos/forests-sounds-vargas/data/RefForest/0_01_RefForest4.mp3'), ('RefForest', '/home/vargas/repos/forests-sounds-vargas/data/RefForest/0_02_RefForest5.mp3')]
['/home/vargas/repos/forests-sounds-vargas/data/RefForest/0_00_RefForest1.mp3', '/home/vargas/repos/forests-sounds-vargas/data/RefForest/0_01_RefForest4.mp3', '/home/vargas/repos/forests-sounds-vargas/data/RefForest/0_02_RefForest5.mp3']
RefForest => 3
Starting with parallel jobs: 3 time: 1728672501
y: [ 0.01103865  0.01176985  0.00412414 -0.00774774 -0.01663554 -0.01605902
 -0.00705433  0.00213126  0.0058885 ]
total samples in y: (86400000,) in time: 1800 secs
samples rate per second:  48000
### ORIGINAL Y_C 86400000 [ 0.01103865  0.01176985  0.00412414 -0.00774774 -0.01663554 -0.01605902
 -0.00705433  0.00213126  0.0058885 ] <class 'numpy.ndarray'>
### CHUNKS Y_C total_chunks: 60 chunk_size: 1440000 <class 'list'> <class 'numpy.ndarray'>
[Parallel(n_jobs=-1)]: Done   2 tasks      | elapsed:    4.8s
[Parallel(n_jobs=-1)]: Done  60 out of  60 | elapsed:    6.7s finished
[Parallel(n_jobs=-1)]: Using backend LokyBackend with 24 concurrent workers.
[Parallel(n_jobs=-1)]: Done   2 tasks      | elapsed:    0.8s
[Parallel(n_jobs=-1)]: Done  60 out of  60 | elapsed:    2.4s finished
[Parallel(n_jobs=-1)]: Using backend LokyBackend with 24 concurrent workers.
[Parallel(n_jobs=-1)]: Done   2 tasks      | elapsed:    0.2s
[Parallel(n_jobs=-1)]: Done  60 out of  60 | elapsed:    0.9s finished
[Parallel(n_jobs=-1)]: Using backend LokyBackend with 24 concurrent workers.
[Parallel(n_jobs=-1)]: Done   2 tasks      | elapsed:    0.2s
[Parallel(n_jobs=-1)]: Done  60 out of  60 | elapsed:    0.7s finished
### PARALLEL DENOISE Y_C REARRANGED <class 'numpy.ndarray'> 86400000 [ 3.5875136e-04 -1.5982764e-04  3.9316619e-05  9.2164475e-05
 -1.2427777e-04 -4.6947105e-05 -8.6850896e-06 -7.7756929e-05
  2.4278139e-05] 9
### PARALLEL split_freq_band
#### PARALLEL SPLIT DENOISE Y_C SPLIT PER FREQUENCY 60 10 30000 [ 1.76261250e-04  5.44034365e-04  2.39537306e-04 -4.21082399e-05
  8.65121609e-04 -7.04634860e-04  8.52604925e-04 -3.76826136e-05
  2.59973640e-04] 1.9716441631317139
#### TIMES #### List comprehension
#### TIMES #### List comprehension: 0.12415933609008789
#### REARRANGED THE SIGNAL PER 10 FREQUENCIES <class 'list'> 10 1800000
### COMPUTE SLIDING WINDOW WITH SUM
#### #### NO DA MAS #### TERMINO #### FINITO #### ####
cwd: /home/vargas/repos/forests-sounds-vargas file: /home/vargas/repos/forests-sounds-vargas/out/cities_4085174_1728672545.txt total_time: 43.879  TOTAL_JOBS: 24 job_id: 4085174
#### SLEEPING TIME: 43.879 sec ####
Alles good parcero, aller!
