#### TIME #### TERMINO #### 0.0 ####
#### FINITO #### TERMINO #### NO-VA-MAS ####
#### TIMES #### modelling TOTAL TOTAL ==>> 0.0
PATH /home/vargas/repos/forests-sounds-vargas
Hablámelo maniño, alles gut oder was??
#### #### HOI FOREST #### ####
#### #### HOI EXTRACTION #### ####
/home/vargas/repos/forests-sounds-vargas/data/ /home/vargas/repos/forests-sounds-vargas/out/ [('Plantation', '/home/vargas/repos/forests-sounds-vargas/data/Plantation/2_05_PSA0093-2010.mp3'), ('Plantation', '/home/vargas/repos/forests-sounds-vargas/data/Plantation/2_15_PSA0290-2012.mp3'), ('Plantation', '/home/vargas/repos/forests-sounds-vargas/data/Plantation/2_19_PSA0374-2012.mp3')]
starting with => 57 soundscapes => now 1736415430
ALREADY PROCESED: /home/vargas/repos/forests-sounds-vargas/data/Plantation/2_05_PSA0093-2010.mp3
ALREADY PROCESED: /home/vargas/repos/forests-sounds-vargas/data/Plantation/2_15_PSA0290-2012.mp3
ALREADY PROCESED: /home/vargas/repos/forests-sounds-vargas/data/Plantation/2_19_PSA0374-2012.mp3
ALREADY PROCESED: /home/vargas/repos/forests-sounds-vargas/data/Plantation/2_07_PSA0093-2010.mp3
ALREADY PROCESED: /home/vargas/repos/forests-sounds-vargas/data/Plantation/2_20_PSA0400-2013.mp3
ALREADY PROCESED: /home/vargas/repos/forests-sounds-vargas/data/Plantation/2_13_PSA0280-2012.mp3
ALREADY PROCESED: /home/vargas/repos/forests-sounds-vargas/data/Plantation/2_17_PSA0331-2012.mp3
ALREADY PROCESED: /home/vargas/repos/forests-sounds-vargas/data/Plantation/2_00_PSA0010-2010.mp3
ALREADY PROCESED: /home/vargas/repos/forests-sounds-vargas/data/Plantation/2_14_PSA0289-2012.mp3
ALREADY PROCESED: /home/vargas/repos/forests-sounds-vargas/data/Plantation/2_18_PSA0373-2011.mp3
ALREADY PROCESED: /home/vargas/repos/forests-sounds-vargas/data/Plantation/2_16_PSA0292-2012.mp3
ALREADY PROCESED: /home/vargas/repos/forests-sounds-vargas/data/Plantation/PSA0025-2015.mp3
ALREADY PROCESED: /home/vargas/repos/forests-sounds-vargas/data/Plantation/2_10_PSA0189-2007.mp3
ALREADY PROCESED: /home/vargas/repos/forests-sounds-vargas/data/Plantation/2_09_PSA0096-2013.mp3
ALREADY PROCESED: /home/vargas/repos/forests-sounds-vargas/data/Plantation/2_08_PSA0095-2013.mp3
ALREADY PROCESED: /home/vargas/repos/forests-sounds-vargas/data/Plantation/2_06_PSA0087-2013.mp3
ALREADY PROCESED: /home/vargas/repos/forests-sounds-vargas/data/Plantation/2_21_PSA0429-2012.mp3
ALREADY PROCESED: /home/vargas/repos/forests-sounds-vargas/data/Plantation/2_11_PSA0192-2009.mp3
ALREADY PROCESED: /home/vargas/repos/forests-sounds-vargas/data/Plantation/2_01_PSA0022-2015.mp3
ALREADY PROCESED: /home/vargas/repos/forests-sounds-vargas/data/Plantation/2_04_PSA0078-2013.mp3
ALREADY PROCESED: /home/vargas/repos/forests-sounds-vargas/data/Plantation/2_02_PSA0077-2013.mp3
ALREADY PROCESED: /home/vargas/repos/forests-sounds-vargas/data/Plantation/2_12_PSA0254-2011.mp3
ALREADY PROCESED: /home/vargas/repos/forests-sounds-vargas/data/Pasture/3_01_Pasture11.mp3
ALREADY PROCESED: /home/vargas/repos/forests-sounds-vargas/data/Pasture/3_09_Pasture8.mp3
ALREADY PROCESED: /home/vargas/repos/forests-sounds-vargas/data/Pasture/3_06_Pasture5.mp3
ALREADY PROCESED: /home/vargas/repos/forests-sounds-vargas/data/Pasture/3_08_Pasture6.mp3
ALREADY PROCESED: /home/vargas/repos/forests-sounds-vargas/data/Pasture/3_07_Pasture5.mp3
ALREADY PROCESED: /home/vargas/repos/forests-sounds-vargas/data/Pasture/3_05_Pasture4.mp3
ALREADY PROCESED: /home/vargas/repos/forests-sounds-vargas/data/Pasture/3_00_Pasture10.mp3
ALREADY PROCESED: /home/vargas/repos/forests-sounds-vargas/data/Pasture/3_03_Pasture2.mp3
ALREADY PROCESED: /home/vargas/repos/forests-sounds-vargas/data/Pasture/3_10_Pasture9.mp3
ALREADY PROCESED: /home/vargas/repos/forests-sounds-vargas/data/Pasture/3_04_Pasture3.mp3
ALREADY PROCESED: /home/vargas/repos/forests-sounds-vargas/data/Pasture/3_02_Pasture12.mp3
ALREADY PROCESED: /home/vargas/repos/forests-sounds-vargas/data/NaturalRegeneration/1_01_PSA0009-2018.mp3
ALREADY PROCESED: /home/vargas/repos/forests-sounds-vargas/data/NaturalRegeneration/1_05_PSA0074-2020.mp3
ALREADY PROCESED: /home/vargas/repos/forests-sounds-vargas/data/NaturalRegeneration/1_13_PSA0165-2021.mp3
ALREADY PROCESED: /home/vargas/repos/forests-sounds-vargas/data/NaturalRegeneration/1_17_PSA0193-2013.mp3
ALREADY PROCESED: /home/vargas/repos/forests-sounds-vargas/data/NaturalRegeneration/1_12_PSA0161-2016.mp3
ALREADY PROCESED: /home/vargas/repos/forests-sounds-vargas/data/NaturalRegeneration/1_16_PSA0183-2017.mp3
ALREADY PROCESED: /home/vargas/repos/forests-sounds-vargas/data/NaturalRegeneration/1_03_PSA0042-2017.mp3
ALREADY PROCESED: /home/vargas/repos/forests-sounds-vargas/data/NaturalRegeneration/1_10_PSA0152-2013.mp3
ALREADY PROCESED: /home/vargas/repos/forests-sounds-vargas/data/NaturalRegeneration/1_00_PSA0004-2017.mp3
ALREADY PROCESED: /home/vargas/repos/forests-sounds-vargas/data/NaturalRegeneration/1_09_PSA0151-2016.mp3
ALREADY PROCESED: /home/vargas/repos/forests-sounds-vargas/data/NaturalRegeneration/1_04_PSA0051-2018.mp3
ALREADY PROCESED: /home/vargas/repos/forests-sounds-vargas/data/NaturalRegeneration/1_15_PSA0179-2013.mp3
ALREADY PROCESED: /home/vargas/repos/forests-sounds-vargas/data/NaturalRegeneration/1_11_PSA0159-2020.mp3
ALREADY PROCESED: /home/vargas/repos/forests-sounds-vargas/data/NaturalRegeneration/1_18_PSA0341-2012.mp3
ALREADY PROCESED: /home/vargas/repos/forests-sounds-vargas/data/NaturalRegeneration/1_19_PSA0418-2013.mp3
ALREADY PROCESED: /home/vargas/repos/forests-sounds-vargas/data/NaturalRegeneration/1_08_PSA0132-2013.mp3
ALREADY PROCESED: /home/vargas/repos/forests-sounds-vargas/data/NaturalRegeneration/1_06_PSA0093-2018.mp3
ALREADY PROCESED: /home/vargas/repos/forests-sounds-vargas/data/NaturalRegeneration/1_02_PSA0026-2020.mp3
ALREADY PROCESED: /home/vargas/repos/forests-sounds-vargas/data/NaturalRegeneration/1_14_PSA0168-2016.mp3
ALREADY PROCESED: /home/vargas/repos/forests-sounds-vargas/data/NaturalRegeneration/1_20_PSA0431-2013.mp3
ALREADY PROCESED: /home/vargas/repos/forests-sounds-vargas/data/NaturalRegeneration/1_07_PSA0099-2019.mp3
ALREADY PROCESED: /home/vargas/repos/forests-sounds-vargas/data/RefForest/0_00_RefForest1.mp3
ALREADY PROCESED: /home/vargas/repos/forests-sounds-vargas/data/RefForest/0_01_RefForest4.mp3
ALREADY PROCESED: /home/vargas/repos/forests-sounds-vargas/data/RefForest/0_02_RefForest5.mp3
SE ME CUIDA MIJO, AHÍ LE DEJO PA` QUE NO TRASNOCHE TANTO ;)
#### TIMES #### extraction TOTAL TOTAL ==>> 0.16311979293823242
#### #### HOI MODELLING #### ####
0/0 ######## ################ ################ ########
0 #### MODELLING #### REGION: ==>> f.region <<== DATA ==>> f.filename.split('/')[-1]
#### #### HOI FOREST - MODELLING #### ####
#### #### READING DATA FILES #### ####
ALWAYS PROBLEMS NO DATA FROM PRE-PROCESSING list index out of range
ALWAYS PROBLEMS 'NoneType' object has no attribute 'shape'
SE ME CUIDA MIJO, AHÍ LE DEJO PA` QUE NO TRASNOCHE TANTO ;)
Traceback (most recent call last):
  File "/home/vargas/repos/forests-sounds-vargas/source/forest.py", line 475, in <module>
    main()
  File "/home/vargas/repos/forests-sounds-vargas/source/forest.py", line 454, in main
    train_with_soundscapes(files_path=configfiles, #region=f.region, si=i, sr=sr,
  File "/home/vargas/repos/forests-sounds-vargas/source/modelling.py", line 91, in train_with_soundscapes
    'merge_data Dataframe shape:', df_data.shape,
AttributeError: 'NoneType' object has no attribute 'shape'
