PATH /home/vargas/repos/forests-sounds-vargas
Hablámelo maniño, alles gut oder was??
#### #### HOI FOREST #### ####
#### #### N-JOBS 39 SBOJ-N #### ####
#### #### HOI EXTRACTION #### ####
#### INDICES => ['reg', 'sid', 'ban', 'sec', 'men', 'med', 'sum', 'max', 'min', 'aci', 'aca', 'adi', 'bet', 'mmm', 'npp', 'hfq', 'htp', 'hhh', 'aei', 'dsi', 'vec'] <= INDICES 21 ####
/home/vargas/repos/forests-sounds-vargas/data/ /home/vargas/repos/forests-sounds-vargas/out/ [('Plantation', '/home/vargas/repos/forests-sounds-vargas/data/Plantation/2_05_PSA0093-2010.mp3'), ('Plantation', '/home/vargas/repos/forests-sounds-vargas/data/Plantation/2_15_PSA0290-2012.mp3'), ('Plantation', '/home/vargas/repos/forests-sounds-vargas/data/Plantation/2_19_PSA0374-2012.mp3')]
starting with => 57 soundscapes => now 1736705544
ALREADY PROCESED: /home/vargas/repos/forests-sounds-vargas/data/Plantation/2_05_PSA0093-2010.mp3
ALREADY PROCESED: /home/vargas/repos/forests-sounds-vargas/data/Plantation/2_15_PSA0290-2012.mp3
ALREADY PROCESED: /home/vargas/repos/forests-sounds-vargas/data/Plantation/2_19_PSA0374-2012.mp3
ALREADY PROCESED: /home/vargas/repos/forests-sounds-vargas/data/Plantation/2_07_PSA0093-2010.mp3
ALREADY PROCESED: /home/vargas/repos/forests-sounds-vargas/data/Plantation/2_20_PSA0400-2013.mp3
ALREADY PROCESED: /home/vargas/repos/forests-sounds-vargas/data/Plantation/2_13_PSA0280-2012.mp3
ALREADY PROCESED: /home/vargas/repos/forests-sounds-vargas/data/Plantation/2_17_PSA0331-2012.mp3
ALREADY PROCESED: /home/vargas/repos/forests-sounds-vargas/data/Plantation/2_00_PSA0010-2010.mp3
ALREADY PROCESED: /home/vargas/repos/forests-sounds-vargas/data/Plantation/2_14_PSA0289-2012.mp3
ALREADY PROCESED: /home/vargas/repos/forests-sounds-vargas/data/Plantation/2_18_PSA0373-2011.mp3
ALREADY PROCESED: /home/vargas/repos/forests-sounds-vargas/data/Plantation/2_16_PSA0292-2012.mp3
ALREADY PROCESED: /home/vargas/repos/forests-sounds-vargas/data/Plantation/PSA0025-2015.mp3
ALREADY PROCESED: /home/vargas/repos/forests-sounds-vargas/data/Plantation/2_10_PSA0189-2007.mp3
ALREADY PROCESED: /home/vargas/repos/forests-sounds-vargas/data/Plantation/2_09_PSA0096-2013.mp3
ALREADY PROCESED: /home/vargas/repos/forests-sounds-vargas/data/Plantation/2_08_PSA0095-2013.mp3
ALREADY PROCESED: /home/vargas/repos/forests-sounds-vargas/data/Plantation/2_06_PSA0087-2013.mp3
ALREADY PROCESED: /home/vargas/repos/forests-sounds-vargas/data/Plantation/2_21_PSA0429-2012.mp3
ALREADY PROCESED: /home/vargas/repos/forests-sounds-vargas/data/Plantation/2_11_PSA0192-2009.mp3
ALREADY PROCESED: /home/vargas/repos/forests-sounds-vargas/data/Plantation/2_01_PSA0022-2015.mp3
ALREADY PROCESED: /home/vargas/repos/forests-sounds-vargas/data/Plantation/2_04_PSA0078-2013.mp3
ALREADY PROCESED: /home/vargas/repos/forests-sounds-vargas/data/Plantation/2_02_PSA0077-2013.mp3
ALREADY PROCESED: /home/vargas/repos/forests-sounds-vargas/data/Plantation/2_12_PSA0254-2011.mp3
ALREADY PROCESED: /home/vargas/repos/forests-sounds-vargas/data/Pasture/3_01_Pasture11.mp3
ALREADY PROCESED: /home/vargas/repos/forests-sounds-vargas/data/Pasture/3_09_Pasture8.mp3
ALREADY PROCESED: /home/vargas/repos/forests-sounds-vargas/data/Pasture/3_06_Pasture5.mp3
ALREADY PROCESED: /home/vargas/repos/forests-sounds-vargas/data/Pasture/3_08_Pasture6.mp3
ALREADY PROCESED: /home/vargas/repos/forests-sounds-vargas/data/Pasture/3_07_Pasture5.mp3
ALREADY PROCESED: /home/vargas/repos/forests-sounds-vargas/data/Pasture/3_05_Pasture4.mp3
ALREADY PROCESED: /home/vargas/repos/forests-sounds-vargas/data/Pasture/3_00_Pasture10.mp3
ALREADY PROCESED: /home/vargas/repos/forests-sounds-vargas/data/Pasture/3_03_Pasture2.mp3
ALREADY PROCESED: /home/vargas/repos/forests-sounds-vargas/data/Pasture/3_10_Pasture9.mp3
ALREADY PROCESED: /home/vargas/repos/forests-sounds-vargas/data/Pasture/3_04_Pasture3.mp3
ALREADY PROCESED: /home/vargas/repos/forests-sounds-vargas/data/Pasture/3_02_Pasture12.mp3
ALREADY PROCESED: /home/vargas/repos/forests-sounds-vargas/data/NaturalRegeneration/1_01_PSA0009-2018.mp3
ALREADY PROCESED: /home/vargas/repos/forests-sounds-vargas/data/NaturalRegeneration/1_05_PSA0074-2020.mp3
ALREADY PROCESED: /home/vargas/repos/forests-sounds-vargas/data/NaturalRegeneration/1_13_PSA0165-2021.mp3
ALREADY PROCESED: /home/vargas/repos/forests-sounds-vargas/data/NaturalRegeneration/1_17_PSA0193-2013.mp3
ALREADY PROCESED: /home/vargas/repos/forests-sounds-vargas/data/NaturalRegeneration/1_12_PSA0161-2016.mp3
ALREADY PROCESED: /home/vargas/repos/forests-sounds-vargas/data/NaturalRegeneration/1_16_PSA0183-2017.mp3
ALREADY PROCESED: /home/vargas/repos/forests-sounds-vargas/data/NaturalRegeneration/1_03_PSA0042-2017.mp3
ALREADY PROCESED: /home/vargas/repos/forests-sounds-vargas/data/NaturalRegeneration/1_10_PSA0152-2013.mp3
ALREADY PROCESED: /home/vargas/repos/forests-sounds-vargas/data/NaturalRegeneration/1_00_PSA0004-2017.mp3
ALREADY PROCESED: /home/vargas/repos/forests-sounds-vargas/data/NaturalRegeneration/1_09_PSA0151-2016.mp3
ALREADY PROCESED: /home/vargas/repos/forests-sounds-vargas/data/NaturalRegeneration/1_04_PSA0051-2018.mp3
ALREADY PROCESED: /home/vargas/repos/forests-sounds-vargas/data/NaturalRegeneration/1_15_PSA0179-2013.mp3
ALREADY PROCESED: /home/vargas/repos/forests-sounds-vargas/data/NaturalRegeneration/1_11_PSA0159-2020.mp3
ALREADY PROCESED: /home/vargas/repos/forests-sounds-vargas/data/NaturalRegeneration/1_18_PSA0341-2012.mp3
ALREADY PROCESED: /home/vargas/repos/forests-sounds-vargas/data/NaturalRegeneration/1_19_PSA0418-2013.mp3
ALREADY PROCESED: /home/vargas/repos/forests-sounds-vargas/data/NaturalRegeneration/1_08_PSA0132-2013.mp3
ALREADY PROCESED: /home/vargas/repos/forests-sounds-vargas/data/NaturalRegeneration/1_06_PSA0093-2018.mp3
ALREADY PROCESED: /home/vargas/repos/forests-sounds-vargas/data/NaturalRegeneration/1_02_PSA0026-2020.mp3
ALREADY PROCESED: /home/vargas/repos/forests-sounds-vargas/data/NaturalRegeneration/1_14_PSA0168-2016.mp3
ALREADY PROCESED: /home/vargas/repos/forests-sounds-vargas/data/NaturalRegeneration/1_20_PSA0431-2013.mp3
ALREADY PROCESED: /home/vargas/repos/forests-sounds-vargas/data/NaturalRegeneration/1_07_PSA0099-2019.mp3
ALREADY PROCESED: /home/vargas/repos/forests-sounds-vargas/data/RefForest/0_00_RefForest1.mp3
ALREADY PROCESED: /home/vargas/repos/forests-sounds-vargas/data/RefForest/0_01_RefForest4.mp3
ALREADY PROCESED: /home/vargas/repos/forests-sounds-vargas/data/RefForest/0_02_RefForest5.mp3
SE ME CUIDA MIJO, AHÍ LE DEJO PA` QUE NO TRASNOCHE TANTO ;)
#### TIMES #### extraction TOTAL TOTAL ==>> 0.0637514591217041
#### #### HOI MODELLING #### ####
#### INDICES => [reg, sid, ban, sec, men, med, sum, max, aci, bet, mmm, npp, hfq, htp, hhh, aei] <= INDICES 16 ####
0/57 ######## ################ ################ ########
0 #### MODELLING #### REGION: ==>> f.region <<== DATA ==>> f.filename.split('/')[-1]
#### #### HOI FOREST - MODELLING #### ####
#### #### READING DATA FILES #### ####
('Plantation', '/home/vargas/repos/forests-sounds-vargas/out/data/extraction/Plantation/2_00_PSA0010-2010_dict_y_split_7_2512283_1736694580.pkl')
(249660, 6016) Index(['reg', 'sid', 'ban', 'sec', 'men', 'med', 'sum', 'max', 'aci', 'bet',
       'mmm'],
      dtype='object') Index(['vec_5989', 'vec_5990', 'vec_5991', 'vec_5992', 'vec_5993', 'vec_5994',
       'vec_5995', 'vec_5996', 'vec_5997', 'vec_5998', 'vec_5999'],
      dtype='object')
#### MERGE 57 merge_data Dataframe shape: (249660, 6016) #### time: 17
#### #### SPLIT TRAIN TEST #### ####
#### CLASSES: [0 1 2 3] TOTAL 4
#### SPLIT train_test_split and CUDA: ??? cuda:0 #### time: 129
#### MODELS - TOTAL 3 ####
#### EPOCHS 11 ####
#### TRAINING MODELS ####
#### TRAINING MODEL CNN_LSTM ####
#### prediction torch.Size([192, 4])
Epoch [10/11] Step [33/1041] Loss: 1.2094 Time: 1166.037
#### prediction torch.Size([192, 4])
Epoch [10/11] Step [66/1041] Loss: 1.2887 Time: 1170.105
#### prediction torch.Size([192, 4])
Epoch [10/11] Step [99/1041] Loss: 1.1372 Time: 1174.172
#### prediction torch.Size([192, 4])
Epoch [10/11] Step [132/1041] Loss: 1.2109 Time: 1178.24
#### prediction torch.Size([192, 4])
Epoch [10/11] Step [165/1041] Loss: 1.2415 Time: 1182.316
#### prediction torch.Size([192, 4])
Epoch [10/11] Step [198/1041] Loss: 1.2531 Time: 1186.386
#### prediction torch.Size([192, 4])
Epoch [10/11] Step [231/1041] Loss: 1.1907 Time: 1190.457
#### prediction torch.Size([192, 4])
Epoch [10/11] Step [264/1041] Loss: 1.2198 Time: 1194.527
#### prediction torch.Size([192, 4])
Epoch [10/11] Step [297/1041] Loss: 1.2438 Time: 1198.598
#### prediction torch.Size([192, 4])
Epoch [10/11] Step [330/1041] Loss: 1.2723 Time: 1202.667
#### prediction torch.Size([192, 4])
Epoch [10/11] Step [363/1041] Loss: 1.1920 Time: 1206.737
#### prediction torch.Size([192, 4])
Epoch [10/11] Step [396/1041] Loss: 1.2614 Time: 1210.812
#### prediction torch.Size([192, 4])
Epoch [10/11] Step [429/1041] Loss: 1.1718 Time: 1214.883
#### prediction torch.Size([192, 4])
Epoch [10/11] Step [462/1041] Loss: 1.2238 Time: 1218.954
#### prediction torch.Size([192, 4])
Epoch [10/11] Step [495/1041] Loss: 1.2199 Time: 1223.026
#### prediction torch.Size([192, 4])
Epoch [10/11] Step [528/1041] Loss: 1.1966 Time: 1227.093
#### prediction torch.Size([192, 4])
Epoch [10/11] Step [561/1041] Loss: 1.1959 Time: 1231.162
#### prediction torch.Size([192, 4])
Epoch [10/11] Step [594/1041] Loss: 1.1999 Time: 1235.236
#### prediction torch.Size([192, 4])
Epoch [10/11] Step [627/1041] Loss: 1.2397 Time: 1239.31
#### prediction torch.Size([192, 4])
Epoch [10/11] Step [660/1041] Loss: 1.1990 Time: 1243.382
#### prediction torch.Size([192, 4])
Epoch [10/11] Step [693/1041] Loss: 1.2124 Time: 1247.45
#### prediction torch.Size([192, 4])
Epoch [10/11] Step [726/1041] Loss: 1.1628 Time: 1251.516
#### prediction torch.Size([192, 4])
Epoch [10/11] Step [759/1041] Loss: 1.2458 Time: 1255.586
#### prediction torch.Size([192, 4])
Epoch [10/11] Step [792/1041] Loss: 1.1689 Time: 1259.658
#### prediction torch.Size([192, 4])
Epoch [10/11] Step [825/1041] Loss: 1.1780 Time: 1263.725
#### prediction torch.Size([192, 4])
Epoch [10/11] Step [858/1041] Loss: 1.2367 Time: 1267.793
#### prediction torch.Size([192, 4])
Epoch [10/11] Step [891/1041] Loss: 1.2188 Time: 1271.868
#### prediction torch.Size([192, 4])
Epoch [10/11] Step [924/1041] Loss: 1.1840 Time: 1275.94
#### prediction torch.Size([192, 4])
Epoch [10/11] Step [957/1041] Loss: 1.2254 Time: 1280.012
#### prediction torch.Size([192, 4])
Epoch [10/11] Step [990/1041] Loss: 1.2205 Time: 1284.082
#### prediction torch.Size([192, 4])
Epoch [10/11] Step [1023/1041] Loss: 1.2662 Time: 1288.153
#### TRAINED MODEL CNN_LSTM model training time: 1418.821 total training time: 1419.216 ####
#### TRAINING MODEL LSTM_CNN ####
#### prediction torch.Size([192, 4])
Epoch [10/11] Step [33/1041] Loss: 0.2439 Time: 3492.723
#### prediction torch.Size([192, 4])
Epoch [10/11] Step [66/1041] Loss: 0.3767 Time: 3505.095
#### prediction torch.Size([192, 4])
Epoch [10/11] Step [99/1041] Loss: 0.2320 Time: 3517.488
#### prediction torch.Size([192, 4])
Epoch [10/11] Step [132/1041] Loss: 0.2228 Time: 3529.864
#### prediction torch.Size([192, 4])
Epoch [10/11] Step [165/1041] Loss: 0.3360 Time: 3542.259
#### prediction torch.Size([192, 4])
Epoch [10/11] Step [198/1041] Loss: 0.3262 Time: 3554.645
#### prediction torch.Size([192, 4])
Epoch [10/11] Step [231/1041] Loss: 0.3646 Time: 3567.016
#### prediction torch.Size([192, 4])
Epoch [10/11] Step [264/1041] Loss: 0.3083 Time: 3579.393
#### prediction torch.Size([192, 4])
Epoch [10/11] Step [297/1041] Loss: 0.2619 Time: 3591.771
#### prediction torch.Size([192, 4])
Epoch [10/11] Step [330/1041] Loss: 0.3177 Time: 3604.148
#### prediction torch.Size([192, 4])
Epoch [10/11] Step [363/1041] Loss: 0.3209 Time: 3616.539
#### prediction torch.Size([192, 4])
Epoch [10/11] Step [396/1041] Loss: 0.2655 Time: 3628.919
#### prediction torch.Size([192, 4])
Epoch [10/11] Step [429/1041] Loss: 0.3928 Time: 3641.302
#### prediction torch.Size([192, 4])
Epoch [10/11] Step [462/1041] Loss: 0.2763 Time: 3653.678
#### prediction torch.Size([192, 4])
Epoch [10/11] Step [495/1041] Loss: 0.2893 Time: 3666.061
#### prediction torch.Size([192, 4])
Epoch [10/11] Step [528/1041] Loss: 0.3394 Time: 3678.44
#### prediction torch.Size([192, 4])
Epoch [10/11] Step [561/1041] Loss: 0.3126 Time: 3690.827
#### prediction torch.Size([192, 4])
Epoch [10/11] Step [594/1041] Loss: 0.3097 Time: 3703.212
#### prediction torch.Size([192, 4])
Epoch [10/11] Step [627/1041] Loss: 0.2858 Time: 3715.598
#### prediction torch.Size([192, 4])
Epoch [10/11] Step [660/1041] Loss: 0.2982 Time: 3727.966
#### prediction torch.Size([192, 4])
Epoch [10/11] Step [693/1041] Loss: 0.3693 Time: 3740.348
#### prediction torch.Size([192, 4])
Epoch [10/11] Step [726/1041] Loss: 0.3082 Time: 3752.716
#### prediction torch.Size([192, 4])
Epoch [10/11] Step [759/1041] Loss: 0.2599 Time: 3765.092
#### prediction torch.Size([192, 4])
Epoch [10/11] Step [792/1041] Loss: 0.2214 Time: 3777.478
#### prediction torch.Size([192, 4])
Epoch [10/11] Step [825/1041] Loss: 0.2434 Time: 3789.867
#### prediction torch.Size([192, 4])
Epoch [10/11] Step [858/1041] Loss: 0.2276 Time: 3802.243
#### prediction torch.Size([192, 4])
Epoch [10/11] Step [891/1041] Loss: 0.2595 Time: 3814.612
#### prediction torch.Size([192, 4])
Epoch [10/11] Step [924/1041] Loss: 0.3035 Time: 3826.98
#### prediction torch.Size([192, 4])
Epoch [10/11] Step [957/1041] Loss: 0.2539 Time: 3839.359
#### prediction torch.Size([192, 4])
Epoch [10/11] Step [990/1041] Loss: 0.2907 Time: 3851.732
#### prediction torch.Size([192, 4])
Epoch [10/11] Step [1023/1041] Loss: 0.2675 Time: 3864.1
#### TRAINED MODEL LSTM_CNN model training time: 4260.579 total training time: 5679.796 ####
#### TRAINING MODEL ParallelCNNLSTMModel ####
#### prediction torch.Size([192, 4])
Epoch [10/11] Step [33/1041] Loss: 0.2218 Time: 3245.381
#### prediction torch.Size([192, 4])
Epoch [10/11] Step [66/1041] Loss: 0.2127 Time: 3256.81
#### prediction torch.Size([192, 4])
Epoch [10/11] Step [99/1041] Loss: 0.2469 Time: 3268.22
#### prediction torch.Size([192, 4])
Epoch [10/11] Step [132/1041] Loss: 0.1546 Time: 3279.645
#### prediction torch.Size([192, 4])
Epoch [10/11] Step [165/1041] Loss: 0.2773 Time: 3291.062
#### prediction torch.Size([192, 4])
Epoch [10/11] Step [198/1041] Loss: 0.2781 Time: 3302.477
#### prediction torch.Size([192, 4])
Epoch [10/11] Step [231/1041] Loss: 0.2132 Time: 3313.888
#### prediction torch.Size([192, 4])
Epoch [10/11] Step [264/1041] Loss: 0.2404 Time: 3325.307
#### prediction torch.Size([192, 4])
Epoch [10/11] Step [297/1041] Loss: 0.1947 Time: 3336.72
#### prediction torch.Size([192, 4])
Epoch [10/11] Step [330/1041] Loss: 0.2183 Time: 3348.138
#### prediction torch.Size([192, 4])
Epoch [10/11] Step [363/1041] Loss: 0.2269 Time: 3359.549
#### prediction torch.Size([192, 4])
Epoch [10/11] Step [396/1041] Loss: 0.2748 Time: 3370.969
#### prediction torch.Size([192, 4])
Epoch [10/11] Step [429/1041] Loss: 0.1597 Time: 3382.388
#### prediction torch.Size([192, 4])
Epoch [10/11] Step [462/1041] Loss: 0.1744 Time: 3393.802
#### prediction torch.Size([192, 4])
Epoch [10/11] Step [495/1041] Loss: 0.2316 Time: 3405.225
#### prediction torch.Size([192, 4])
Epoch [10/11] Step [528/1041] Loss: 0.1922 Time: 3416.639
#### prediction torch.Size([192, 4])
Epoch [10/11] Step [561/1041] Loss: 0.3163 Time: 3428.064
#### prediction torch.Size([192, 4])
Epoch [10/11] Step [594/1041] Loss: 0.2514 Time: 3439.487
#### prediction torch.Size([192, 4])
Epoch [10/11] Step [627/1041] Loss: 0.2207 Time: 3450.914
#### prediction torch.Size([192, 4])
Epoch [10/11] Step [660/1041] Loss: 0.2913 Time: 3462.33
#### prediction torch.Size([192, 4])
Epoch [10/11] Step [693/1041] Loss: 0.1804 Time: 3473.751
#### prediction torch.Size([192, 4])
Epoch [10/11] Step [726/1041] Loss: 0.2448 Time: 3485.17
#### prediction torch.Size([192, 4])
Epoch [10/11] Step [759/1041] Loss: 0.1915 Time: 3496.586
#### prediction torch.Size([192, 4])
Epoch [10/11] Step [792/1041] Loss: 0.2357 Time: 3508.008
#### prediction torch.Size([192, 4])
Epoch [10/11] Step [825/1041] Loss: 0.2188 Time: 3519.431
#### prediction torch.Size([192, 4])
Epoch [10/11] Step [858/1041] Loss: 0.1992 Time: 3530.847
#### prediction torch.Size([192, 4])
Epoch [10/11] Step [891/1041] Loss: 0.1959 Time: 3542.263
#### prediction torch.Size([192, 4])
Epoch [10/11] Step [924/1041] Loss: 0.2413 Time: 3553.691
#### prediction torch.Size([192, 4])
Epoch [10/11] Step [957/1041] Loss: 0.1504 Time: 3565.105
#### prediction torch.Size([192, 4])
Epoch [10/11] Step [990/1041] Loss: 0.1786 Time: 3576.527
#### prediction torch.Size([192, 4])
Epoch [10/11] Step [1023/1041] Loss: 0.1678 Time: 3587.948
#### TRAINED MODEL ParallelCNNLSTMModel model training time: 3954.036 total training time: 9633.832 ####
#### TRAINING TOTAL TIME: 9633.436 ####
Accuracy of the CNN_LSTM model on the test set: 38.362173 %
Accuracy of the LSTM_CNN model on the test set: 88.598494 %
Accuracy of the ParallelCNNLSTMModel model on the test set: 88.964992 %
Accuracy of the CNN_LSTM model on the test set: 38.362173 %
Accuracy of the LSTM_CNN model on the test set: 63.480333 %
Accuracy of the ParallelCNNLSTMModel model on the test set: 71.97522 %
#### TESTING TOTAL TIME: 156.844 ####
#### TIME #### TERMINO #### 9937.101 ####
#### FINITO #### TERMINO #### NO-VA-MAS ####
#### TIMES #### modelling TOTAL TOTAL ==>> 9937.101
0 #### TIMES #### Modelling #### PARTIAL FILE ==>> 9937.06 seconds
SE ME CUIDA MIJO, AHÍ LE DEJO PA` QUE NO TRASNOCHE TANTO ;)
#### TIMES #### Modelling TOTAL TOTAL ==>> 9937.066094636917
#### #### NO DA MAS #### TERMINO #### FINITO #### ####
#### #### 
 TOTAL_TIME: 9937.204 
 TOTAL_JOBS: 39 
 JOB_ID: 2512443 
 #### ####
#### SLEEPING TIME: 9937.204 seconds ####
All gürkel parcero, aller!
